<html>
<body>
<pre>
<h1>µVision Build Log</h1>
<h2>Tool Versions:</h2>
IDE-Version: ¶ÃVision V5.36.0.0
Copyright (C) 2021 ARM Ltd and ARM Germany GmbH. All rights reserved.
License Information: zhang haoran, zhanghaoran, LIC=----
 
Tool Versions:
Toolchain:       MDK-Lite  Version: 5.36.0.0
Toolchain Path:  C:\Keil_v5\ARM\ARMCC\Bin
C Compiler:      Armcc.exe V5.06 update 7 (build 960)
Assembler:       Armasm.exe V5.06 update 7 (build 960)
Linker/Locator:  ArmLink.exe V5.06 update 7 (build 960)
Library Manager: ArmAr.exe V5.06 update 7 (build 960)
Hex Converter:   FromElf.exe V5.06 update 7 (build 960)
CPU DLL:         SARMCM3.DLL V5.36.0.0
Dialog DLL:      DARMCM1.DLL V1.19.4.0
Target DLL:      CMSIS_AGDI.dll V1.33.0.0
Dialog DLL:      TARMCM1.DLL V1.14.4.0
 
<h2>Project:</h2>
C:\Users\¿œπ∑\Desktop\1_XenD101_STP01_100cm_3sOFF_Puya_0905\XenD101_STP01_100cm_3sOFF_Puya_0905\Project\XenD101\XenD101.uvprojx
Project File Date:  09/14/2022

<h2>Output:</h2>
*** Using Compiler 'V5.06 update 7 (build 960)', folder: 'C:\Keil_v5\ARM\ARMCC\Bin'
Build target 'XenD101'
Before Build - User command #1: ..\..\Script\XenD101_Convert.bat
C:\Users\¿œπ∑\Desktop\1_XenD101_STP01_100cm_3sOFF_Puya_0905\XenD101_STP01_100cm_3sOFF_Puya_0905\Project\XenD101>..\..\Script\radarPara2Array.exe ..\..\Config\radarPara\XenD101\regs.txt ..\..\Middleware\common\src\radar_para.c  
Info: ..\..\Config\radarPara\XenD101\regs.txt convert succeed!
compiling dataprocess.c...
compiling main.c...
..\..\App\common\inc\config.h(18): warning:  #47-D: incompatible redefinition of macro "FLASH_PAGE_SIZE"  (declared at line 575 of "..\..\Driver\py32f003\PY32F003_HAL_Driver\Inc\py32f003_hal_flash.h")
  #define FLASH_PAGE_SIZE         FMC_PAGE_SIZE
..\..\App\common\src\main.c: 1 warning, 0 errors
compiling radar.c...
..\..\App\common\inc\config.h(18): warning:  #47-D: incompatible redefinition of macro "FLASH_PAGE_SIZE"  (declared at line 575 of "..\..\Driver\py32f003\PY32F003_HAL_Driver\Inc\py32f003_hal_flash.h")
  #define FLASH_PAGE_SIZE         FMC_PAGE_SIZE
..\..\Middleware\common\src\radar.c(127): warning:  #69-D: integer conversion resulted in truncation
  		RANGR_THRESHOLD_11,
..\..\Middleware\common\src\radar.c(131): warning:  #69-D: integer conversion resulted in truncation
  		RANGR_THRESHOLD_12,
..\..\Middleware\common\src\radar.c(135): warning:  #69-D: integer conversion resulted in truncation
  		RANGR_THRESHOLD_13,
..\..\Middleware\common\src\radar.c(317): warning:  #177-D: variable "loop"  was declared but never referenced
      uint16_t loop = 0;
..\..\Middleware\common\src\radar.c(19): warning:  #177-D: variable "rawPointMap"  was declared but never referenced
  static const uint16_t rawPointMap[RAW_MAP_NUM] = 
..\..\Middleware\common\src\radar.c: 6 warnings, 0 errors
compiling py32_i2c.c...
compiling py32_it.c...
compiling py32_tim.c...
linking...
Program Size: Code=11494 RO-data=714 RW-data=60 ZI-data=1988  
FromELF: creating hex file...
".\Objects\XenD101_1_4m.axf" - 0 Error(s), 7 Warning(s).

<h2>Software Packages used:</h2>

Package Vendor: ARM
                http://www.keil.com/pack/ARM.CMSIS.5.8.0.pack
                ARM.CMSIS.5.8.0
                CMSIS (Common Microcontroller Software Interface Standard)
   * Component: CORE Version: 5.5.0

Package Vendor: Puya
                http://www.keil.com/pack/Puya.PY32F0xx_DFP.1.0.1.pack
                Puya.PY32F0xx_DFP.1.0.1
                Puya PY32F0 Series Device Support

<h2>Collection of Component include folders:</h2>
  .\RTE\_XenD101
  C:\Keil_v5l\Arm\Packs\ARM\CMSIS\5.8.0\CMSIS\Core\Include
  C:\Keil_v5l\Arm\Packs\Puya\PY32F0xx_DFP\1.0.1\Device\Include

<h2>Collection of Component Files used:</h2>

   * Component: ARM::CMSIS:CORE:5.5.0
Build Time Elapsed:  00:00:04
</pre>
</body>
</html>
