Component: ARM Compiler 5.06 update 6 (build 750) Tool: armlink [4d35ed]

==============================================================================

Section Cross References

    main.o(i.main) refers to platform.o(i.Platform_Init) for Platform_Init
    main.o(i.main) refers to radar.o(i.Radar_PreInit) for Radar_PreInit
    main.o(i.main) refers to radar.o(i.Radar_Init) for Radar_Init
    main.o(i.main) refers to abd.o(i.ABD_Init) for ABD_Init
    main.o(i.main) refers to dataprocess.o(i.DataProc_Init) for DataProc_Init
    main.o(i.main) refers to dataprocess.o(i.DataProc_Recv) for DataProc_Recv
    system.o(i.System_GetSysMode) refers to system.o(.data) for .data
    system.o(i.System_GetSysParaAddr) refers to system.o(.data) for .data
    system.o(i.System_GetUploadSampleRate) refers to system.o(.data) for .data
    system.o(i.System_ParaInit) refers to system.o(.data) for .data
    system.o(i.System_ParaRead) refers to system.o(.data) for .data
    system.o(i.System_ParaUpdate) refers to system.o(.data) for .data
    system.o(i.System_Reconfig) refers to py32_spi.o(i.SPI_DeInit) for SPI_DeInit
    system.o(i.System_Reconfig) refers to dataprocess.o(i.DataProc_GetRadarDataLen) for DataProc_GetRadarDataLen
    system.o(i.System_Reconfig) refers to py32_spi.o(i.SPI_Init) for SPI_Init
    system.o(i.System_Reconfig) refers to system.o(.data) for .data
    dataprocess.o(i.DataCopy) refers to memcpya.o(.text) for __aeabi_memcpy
    dataprocess.o(i.DataCopy) refers to dataprocess.o(.bss) for .bss
    dataprocess.o(i.DataCopy) refers to dataprocess.o(.data) for .data
    dataprocess.o(i.DataParse) refers to dataprocess.o(i.__ARM_common_switch8) for __ARM_common_switch8
    dataprocess.o(i.DataParse) refers to dataprocess.o(i.DataStateIdParse) for DataStateIdParse
    dataprocess.o(i.DataParse) refers to dataprocess.o(i.DataCopy) for DataCopy
    dataprocess.o(i.DataParse) refers to dataprocess.o(.bss) for .bss
    dataprocess.o(i.DataProc_GetRadarDataLen) refers to dataprocess.o(.data) for .data
    dataprocess.o(i.DataProc_GetRadarDataType) refers to dataprocess.o(.data) for .data
    dataprocess.o(i.DataProc_Init) refers to memseta.o(.text) for __aeabi_memclr
    dataprocess.o(i.DataProc_Init) refers to dataprocess.o(i.GetRadarPara) for GetRadarPara
    dataprocess.o(i.DataProc_Init) refers to py32_spi.o(i.SPI_Init) for SPI_Init
    dataprocess.o(i.DataProc_Init) refers to dataprocess.o(.bss) for .bss
    dataprocess.o(i.DataProc_Init) refers to dataprocess.o(.data) for .data
    dataprocess.o(i.DataProc_Recv) refers to dataprocess.o(i.DataProcess) for DataProcess
    dataprocess.o(i.DataProc_Recv) refers to py32_spi.o(.data) for g_dataRecvFlag
    dataprocess.o(i.DataProc_Recv) refers to dataprocess.o(.data) for .data
    dataprocess.o(i.DataProc_Recv) refers to py32_spi.o(.bss) for g_dataRecvBuf
    dataprocess.o(i.DataProc_Recv) refers to radar.o(.data) for g_ChannelCount
    dataprocess.o(i.DataProcess) refers to py32_iwdg.o(i.IWDG_Reload) for IWDG_Reload
    dataprocess.o(i.DataProcess) refers to dataprocess.o(i.DataParse) for DataParse
    dataprocess.o(i.DataProcess) refers to printf8.o(i.__0printf$8) for __2printf
    dataprocess.o(i.DataProcess) refers to platform.o(i.Indicator_RadarDataReceived) for Indicator_RadarDataReceived
    dataprocess.o(i.DataProcess) refers to abd.o(i.ABD_DetectByPeakData) for ABD_DetectByPeakData
    dataprocess.o(i.DataProcess) refers to py32_spi.o(.data) for g_dataRecvFlag
    dataprocess.o(i.DataProcess) refers to dataprocess.o(.data) for .data
    dataprocess.o(i.DataProcess) refers to dataprocess.o(.bss) for .bss
    dataprocess.o(i.DataStateIdParse) refers to dataprocess.o(.data) for .data
    dataprocess.o(i.DataStateIdParse) refers to dataprocess.o(.bss) for .bss
    dataprocess.o(i.GetRadarPara) refers to radar.o(i.Radar_GetDataType) for Radar_GetDataType
    dataprocess.o(i.GetRadarPara) refers to printf8.o(i.__0printf$8) for __2printf
    dataprocess.o(i.GetRadarPara) refers to radar.o(i.Radar_GetDfftPeakSize) for Radar_GetDfftPeakSize
    dataprocess.o(i.GetRadarPara) refers to radar.o(i.Radar_GetOneFrameChirpNum) for Radar_GetOneFrameChirpNum
    dataprocess.o(i.StartAlgorithm) refers to abd.o(i.ABD_DetectByPeakData) for ABD_DetectByPeakData
    abd.o(i.ABD_DetectByPeakData) refers to uread4.o(.text) for __aeabi_uread4
    abd.o(i.ABD_DetectByPeakData) refers to abd.o(i.PrintTargetInfo) for PrintTargetInfo
    abd.o(i.ABD_DetectByPeakData) refers to abd.o(.data) for .data
    abd.o(i.ABD_Init) refers to py32_gpio.o(i.IoOutInit) for IoOutInit
    abd.o(i.ABD_Init) refers to py32_gpio.o(i.IoOutOff) for IoOutOff
    abd.o(i.ABD_Init) refers to py32_gpio.o(i.TspiIoInit) for TspiIoInit
    abd.o(i.ABD_PrintStatus) refers to py32f003_hal_gpio.o(i.HAL_GPIO_ReadPin) for HAL_GPIO_ReadPin
    abd.o(i.ABD_PrintStatus) refers to py32_gpio.o(i.IoOutOn) for IoOutOn
    abd.o(i.ABD_PrintStatus) refers to py32_gpio.o(i.IoOutOff) for IoOutOff
[...]
    Removing py32f003_hal_tim.o(i.HAL_TIM_ConfigClockSource), (206 bytes).
    Removing py32f003_hal_tim.o(i.HAL_TIM_ConfigOCrefClear), (216 bytes).
    Removing py32f003_hal_tim.o(i.HAL_TIM_ConfigTI1Input), (16 bytes).
    Removing py32f003_hal_tim.o(i.HAL_TIM_DMABurst_MultiReadStart), (324 bytes).
    Removing py32f003_hal_tim.o(i.HAL_TIM_DMABurst_MultiWriteStart), (324 bytes).
    Removing py32f003_hal_tim.o(i.HAL_TIM_DMABurst_ReadStart), (18 bytes).
    Removing py32f003_hal_tim.o(i.HAL_TIM_DMABurst_ReadStop), (104 bytes).
    Removing py32f003_hal_tim.o(i.HAL_TIM_DMABurst_WriteStart), (18 bytes).
    Removing py32f003_hal_tim.o(i.HAL_TIM_DMABurst_WriteStop), (104 bytes).
    Removing py32f003_hal_tim.o(i.HAL_TIM_Encoder_DeInit), (52 bytes).
    Removing py32f003_hal_tim.o(i.HAL_TIM_Encoder_GetState), (6 bytes).
    Removing py32f003_hal_tim.o(i.HAL_TIM_Encoder_Init), (156 bytes).
    Removing py32f003_hal_tim.o(i.HAL_TIM_Encoder_MspDeInit), (2 bytes).
    Removing py32f003_hal_tim.o(i.HAL_TIM_Encoder_MspInit), (2 bytes).
    Removing py32f003_hal_tim.o(i.HAL_TIM_Encoder_Start), (52 bytes).
    Removing py32f003_hal_tim.o(i.HAL_TIM_Encoder_Start_DMA), (324 bytes).
    Removing py32f003_hal_tim.o(i.HAL_TIM_Encoder_Start_IT), (92 bytes).
    Removing py32f003_hal_tim.o(i.HAL_TIM_Encoder_Stop), (72 bytes).
    Removing py32f003_hal_tim.o(i.HAL_TIM_Encoder_Stop_DMA), (144 bytes).
    Removing py32f003_hal_tim.o(i.HAL_TIM_Encoder_Stop_IT), (120 bytes).
    Removing py32f003_hal_tim.o(i.HAL_TIM_ErrorCallback), (2 bytes).
    Removing py32f003_hal_tim.o(i.HAL_TIM_GenerateEvent), (36 bytes).
    Removing py32f003_hal_tim.o(i.HAL_TIM_IC_CaptureCallback), (2 bytes).
    Removing py32f003_hal_tim.o(i.HAL_TIM_IC_CaptureHalfCpltCallback), (2 bytes).
    Removing py32f003_hal_tim.o(i.HAL_TIM_IC_ConfigChannel), (286 bytes).
    Removing py32f003_hal_tim.o(i.HAL_TIM_IC_DeInit), (52 bytes).
    Removing py32f003_hal_tim.o(i.HAL_TIM_IC_GetState), (6 bytes).
    Removing py32f003_hal_tim.o(i.HAL_TIM_IC_Init), (52 bytes).
    Removing py32f003_hal_tim.o(i.HAL_TIM_IC_MspDeInit), (2 bytes).
    Removing py32f003_hal_tim.o(i.HAL_TIM_IC_MspInit), (2 bytes).
    Removing py32f003_hal_tim.o(i.HAL_TIM_IC_Start), (36 bytes).
    Removing py32f003_hal_tim.o(i.HAL_TIM_IC_Start_DMA), (260 bytes).
    Removing py32f003_hal_tim.o(i.HAL_TIM_IC_Start_IT), (82 bytes).
    Removing py32f003_hal_tim.o(i.HAL_TIM_IC_Stop), (48 bytes).
    Removing py32f003_hal_tim.o(i.HAL_TIM_IC_Stop_DMA), (132 bytes).
    Removing py32f003_hal_tim.o(i.HAL_TIM_IC_Stop_IT), (92 bytes).
    Removing py32f003_hal_tim.o(i.HAL_TIM_IRQHandler), (354 bytes).
    Removing py32f003_hal_tim.o(i.HAL_TIM_OC_ConfigChannel), (80 bytes).
    Removing py32f003_hal_tim.o(i.HAL_TIM_OC_DeInit), (52 bytes).
    Removing py32f003_hal_tim.o(i.HAL_TIM_OC_DelayElapsedCallback), (2 bytes).
    Removing py32f003_hal_tim.o(i.HAL_TIM_OC_GetState), (6 bytes).
    Removing py32f003_hal_tim.o(i.HAL_TIM_OC_Init), (52 bytes).
    Removing py32f003_hal_tim.o(i.HAL_TIM_OC_MspDeInit), (2 bytes).
    Removing py32f003_hal_tim.o(i.HAL_TIM_OC_MspInit), (2 bytes).
    Removing py32f003_hal_tim.o(i.HAL_TIM_OC_Start), (80 bytes).
    Removing py32f003_hal_tim.o(i.HAL_TIM_OC_Start_DMA), (312 bytes).
    Removing py32f003_hal_tim.o(i.HAL_TIM_OC_Start_IT), (124 bytes).
    Removing py32f003_hal_tim.o(i.HAL_TIM_OC_Stop), (100 bytes).
    Removing py32f003_hal_tim.o(i.HAL_TIM_OC_Stop_DMA), (188 bytes).
    Removing py32f003_hal_tim.o(i.HAL_TIM_OC_Stop_IT), (148 bytes).
    Removing py32f003_hal_tim.o(i.HAL_TIM_OnePulse_ConfigChannel), (214 bytes).
    Removing py32f003_hal_tim.o(i.HAL_TIM_OnePulse_DeInit), (52 bytes).
    Removing py32f003_hal_tim.o(i.HAL_TIM_OnePulse_GetState), (6 bytes).
    Removing py32f003_hal_tim.o(i.HAL_TIM_OnePulse_Init), (72 bytes).
    Removing py32f003_hal_tim.o(i.HAL_TIM_OnePulse_MspDeInit), (2 bytes).
    Removing py32f003_hal_tim.o(i.HAL_TIM_OnePulse_MspInit), (2 bytes).
    Removing py32f003_hal_tim.o(i.HAL_TIM_OnePulse_Start), (72 bytes).
    Removing py32f003_hal_tim.o(i.HAL_TIM_OnePulse_Start_IT), (92 bytes).
    Removing py32f003_hal_tim.o(i.HAL_TIM_OnePulse_Stop), (112 bytes).
    Removing py32f003_hal_tim.o(i.HAL_TIM_OnePulse_Stop_IT), (132 bytes).
    Removing py32f003_hal_tim.o(i.HAL_TIM_PWM_ConfigChannel), (208 bytes).
    Removing py32f003_hal_tim.o(i.HAL_TIM_PWM_DeInit), (52 bytes).
    Removing py32f003_hal_tim.o(i.HAL_TIM_PWM_GetState), (6 bytes).
    Removing py32f003_hal_tim.o(i.HAL_TIM_PWM_Init), (52 bytes).
    Removing py32f003_hal_tim.o(i.HAL_TIM_PWM_MspDeInit), (2 bytes).
    Removing py32f003_hal_tim.o(i.HAL_TIM_PWM_MspInit), (2 bytes).
    Removing py32f003_hal_tim.o(i.HAL_TIM_PWM_PulseFinishedCallback), (2 bytes).
    Removing py32f003_hal_tim.o(i.HAL_TIM_PWM_PulseFinishedHalfCpltCallback), (2 bytes).
    Removing py32f003_hal_tim.o(i.HAL_TIM_PWM_Start), (80 bytes).
    Removing py32f003_hal_tim.o(i.HAL_TIM_PWM_Start_DMA), (312 bytes).
    Removing py32f003_hal_tim.o(i.HAL_TIM_PWM_Start_IT), (124 bytes).
    Removing py32f003_hal_tim.o(i.HAL_TIM_PWM_Stop), (108 bytes).
    Removing py32f003_hal_tim.o(i.HAL_TIM_PWM_Stop_DMA), (188 bytes).
    Removing py32f003_hal_tim.o(i.HAL_TIM_PWM_Stop_IT), (148 bytes).
    Removing py32f003_hal_tim.o(i.HAL_TIM_PeriodElapsedCallback), (2 bytes).
    Removing py32f003_hal_tim.o(i.HAL_TIM_PeriodElapsedHalfCpltCallback), (2 bytes).
    Removing py32f003_hal_tim.o(i.HAL_TIM_ReadCapturedValue), (44 bytes).
    Removing py32f003_hal_tim.o(i.HAL_TIM_SlaveConfigSynchro), (74 bytes).
    Removing py32f003_hal_tim.o(i.HAL_TIM_SlaveConfigSynchro_IT), (74 bytes).
    Removing py32f003_hal_tim.o(i.HAL_TIM_TriggerCallback), (2 bytes).
    Removing py32f003_hal_tim.o(i.HAL_TIM_TriggerHalfCpltCallback), (2 bytes).
    Removing py32f003_hal_tim.o(i.TIM_Base_SetConfig), (124 bytes).
    Removing py32f003_hal_tim.o(i.TIM_CCxChannelCmd), (26 bytes).
    Removing py32f003_hal_tim.o(i.TIM_DMACaptureCplt), (62 bytes).
    Removing py32f003_hal_tim.o(i.TIM_DMACaptureHalfCplt), (62 bytes).
    Removing py32f003_hal_tim.o(i.TIM_DMADelayPulseCplt), (62 bytes).
    Removing py32f003_hal_tim.o(i.TIM_DMADelayPulseHalfCplt), (62 bytes).
    Removing py32f003_hal_tim.o(i.TIM_DMAError), (16 bytes).
    Removing py32f003_hal_tim.o(i.TIM_DMAPeriodElapsedCplt), (16 bytes).
    Removing py32f003_hal_tim.o(i.TIM_DMAPeriodElapsedHalfCplt), (16 bytes).
    Removing py32f003_hal_tim.o(i.TIM_DMATriggerCplt), (16 bytes).
    Removing py32f003_hal_tim.o(i.TIM_DMATriggerHalfCplt), (16 bytes).
    Removing py32f003_hal_tim.o(i.TIM_ETR_SetConfig), (22 bytes).
    Removing py32f003_hal_tim.o(i.TIM_ITRx_SetConfig), (16 bytes).
    Removing py32f003_hal_tim.o(i.TIM_OC1_SetConfig), (120 bytes).
    Removing py32f003_hal_tim.o(i.TIM_OC2_SetConfig), (120 bytes).
    Removing py32f003_hal_tim.o(i.TIM_OC3_SetConfig), (124 bytes).
    Removing py32f003_hal_tim.o(i.TIM_OC4_SetConfig), (100 bytes).
    Removing py32f003_hal_tim.o(i.TIM_SlaveTimer_SetConfig), (134 bytes).
    Removing py32f003_hal_tim.o(i.TIM_TI1_ConfigInputStage), (34 bytes).
    Removing py32f003_hal_tim.o(i.TIM_TI1_SetConfig), (68 bytes).
    Removing py32f003_hal_tim.o(i.TIM_TI2_ConfigInputStage), (38 bytes).
    Removing py32f003_hal_tim.o(i.TIM_TI2_SetConfig), (52 bytes).
    Removing py32f003_hal_tim_ex.o(.rev16_text), (4 bytes).
    Removing py32f003_hal_tim_ex.o(.revsh_text), (4 bytes).
    Removing py32f003_hal_tim_ex.o(i.HAL_TIMEx_BreakCallback), (2 bytes).
    Removing py32f003_hal_tim_ex.o(i.HAL_TIMEx_CommutCallback), (2 bytes).
    Removing py32f003_hal_tim_ex.o(i.HAL_TIMEx_CommutHalfCpltCallback), (2 bytes).
    Removing py32f003_hal_tim_ex.o(i.HAL_TIMEx_ConfigBreakDeadTime), (94 bytes).
    Removing py32f003_hal_tim_ex.o(i.HAL_TIMEx_ConfigCommutEvent), (108 bytes).
    Removing py32f003_hal_tim_ex.o(i.HAL_TIMEx_ConfigCommutEvent_DMA), (140 bytes).
    Removing py32f003_hal_tim_ex.o(i.HAL_TIMEx_ConfigCommutEvent_IT), (108 bytes).
    Removing py32f003_hal_tim_ex.o(i.HAL_TIMEx_HallSensor_DeInit), (52 bytes).
    Removing py32f003_hal_tim_ex.o(i.HAL_TIMEx_HallSensor_GetState), (6 bytes).
    Removing py32f003_hal_tim_ex.o(i.HAL_TIMEx_HallSensor_Init), (184 bytes).
    Removing py32f003_hal_tim_ex.o(i.HAL_TIMEx_HallSensor_MspDeInit), (2 bytes).
    Removing py32f003_hal_tim_ex.o(i.HAL_TIMEx_HallSensor_MspInit), (2 bytes).
    Removing py32f003_hal_tim_ex.o(i.HAL_TIMEx_HallSensor_Start), (38 bytes).
    Removing py32f003_hal_tim_ex.o(i.HAL_TIMEx_HallSensor_Start_DMA), (140 bytes).
    Removing py32f003_hal_tim_ex.o(i.HAL_TIMEx_HallSensor_Start_IT), (48 bytes).
    Removing py32f003_hal_tim_ex.o(i.HAL_TIMEx_HallSensor_Stop), (48 bytes).
    Removing py32f003_hal_tim_ex.o(i.HAL_TIMEx_HallSensor_Stop_DMA), (68 bytes).
    Removing py32f003_hal_tim_ex.o(i.HAL_TIMEx_HallSensor_Stop_IT), (60 bytes).
    Removing py32f003_hal_tim_ex.o(i.HAL_TIMEx_MasterConfigSynchronization), (80 bytes).
    Removing py32f003_hal_tim_ex.o(i.HAL_TIMEx_OCN_Start), (48 bytes).
    Removing py32f003_hal_tim_ex.o(i.HAL_TIMEx_OCN_Start_DMA), (240 bytes).
    Removing py32f003_hal_tim_ex.o(i.HAL_TIMEx_OCN_Start_IT), (94 bytes).
    Removing py32f003_hal_tim_ex.o(i.HAL_TIMEx_OCN_Stop), (76 bytes).
    Removing py32f003_hal_tim_ex.o(i.HAL_TIMEx_OCN_Stop_DMA), (144 bytes).
    Removing py32f003_hal_tim_ex.o(i.HAL_TIMEx_OCN_Stop_IT), (128 bytes).
    Removing py32f003_hal_tim_ex.o(i.HAL_TIMEx_OnePulseN_Start), (28 bytes).
    Removing py32f003_hal_tim_ex.o(i.HAL_TIMEx_OnePulseN_Start_IT), (48 bytes).
    Removing py32f003_hal_tim_ex.o(i.HAL_TIMEx_OnePulseN_Stop), (76 bytes).
    Removing py32f003_hal_tim_ex.o(i.HAL_TIMEx_OnePulseN_Stop_IT), (96 bytes).
    Removing py32f003_hal_tim_ex.o(i.HAL_TIMEx_PWMN_Start), (48 bytes).
    Removing py32f003_hal_tim_ex.o(i.HAL_TIMEx_PWMN_Start_DMA), (240 bytes).
    Removing py32f003_hal_tim_ex.o(i.HAL_TIMEx_PWMN_Start_IT), (94 bytes).
    Removing py32f003_hal_tim_ex.o(i.HAL_TIMEx_PWMN_Stop), (76 bytes).
    Removing py32f003_hal_tim_ex.o(i.HAL_TIMEx_PWMN_Stop_DMA), (144 bytes).
    Removing py32f003_hal_tim_ex.o(i.HAL_TIMEx_PWMN_Stop_IT), (128 bytes).
    Removing py32f003_hal_tim_ex.o(i.HAL_TIMEx_RemapConfig), (28 bytes).
    Removing py32f003_hal_tim_ex.o(i.TIMEx_DMACommutationCplt), (16 bytes).
    Removing py32f003_hal_tim_ex.o(i.TIMEx_DMACommutationHalfCplt), (16 bytes).
    Removing py32f003_hal_tim_ex.o(i.TIM_CCxNChannelCmd), (26 bytes).
    Removing py32f003_hal_uart.o(.rev16_text), (4 bytes).
    Removing py32f003_hal_uart.o(.revsh_text), (4 bytes).
    Removing py32f003_hal_uart.o(i.HAL_HalfDuplex_EnableReceiver), (46 bytes).
    Removing py32f003_hal_uart.o(i.HAL_HalfDuplex_EnableTransmitter), (46 bytes).
    Removing py32f003_hal_uart.o(i.HAL_HalfDuplex_Init), (94 bytes).
    Removing py32f003_hal_uart.o(i.HAL_LIN_SendBreak), (40 bytes).
    Removing py32f003_hal_uart.o(i.HAL_MultiProcessor_EnterMuteMode), (42 bytes).
    Removing py32f003_hal_uart.o(i.HAL_MultiProcessor_ExitMuteMode), (42 bytes).
    Removing py32f003_hal_uart.o(i.HAL_MultiProcessor_Init), (132 bytes).
    Removing py32f003_hal_uart.o(i.HAL_UART_Abort), (144 bytes).
    Removing py32f003_hal_uart.o(i.HAL_UART_AbortCpltCallback), (2 bytes).
    Removing py32f003_hal_uart.o(i.HAL_UART_AbortReceive), (94 bytes).
    Removing py32f003_hal_uart.o(i.HAL_UART_AbortReceiveCpltCallback), (2 bytes).
    Removing py32f003_hal_uart.o(i.HAL_UART_AbortReceive_IT), (100 bytes).
    Removing py32f003_hal_uart.o(i.HAL_UART_AbortTransmit), (82 bytes).
    Removing py32f003_hal_uart.o(i.HAL_UART_AbortTransmitCpltCallback), (2 bytes).
    Removing py32f003_hal_uart.o(i.HAL_UART_AbortTransmit_IT), (88 bytes).
    Removing py32f003_hal_uart.o(i.HAL_UART_Abort_IT), (184 bytes).
    Removing py32f003_hal_uart.o(i.HAL_UART_DMAPause), (102 bytes).
    Removing py32f003_hal_uart.o(i.HAL_UART_DMAResume), (88 bytes).
    Removing py32f003_hal_uart.o(i.HAL_UART_DMAStop), (98 bytes).
    Removing py32f003_hal_uart.o(i.HAL_UART_DeInit), (48 bytes).
    Removing py32f003_hal_uart.o(i.HAL_UART_ErrorCallback), (2 bytes).
    Removing py32f003_hal_uart.o(i.HAL_UART_GetError), (4 bytes).
    Removing py32f003_hal_uart.o(i.HAL_UART_GetState), (12 bytes).
    Removing py32f003_hal_uart.o(i.HAL_UART_IRQHandler), (272 bytes).
    Removing py32f003_hal_uart.o(i.HAL_UART_MspDeInit), (2 bytes).
    Removing py32f003_hal_uart.o(i.HAL_UART_Receive), (178 bytes).
    Removing py32f003_hal_uart.o(i.HAL_UART_Receive_DMA), (168 bytes).
    Removing py32f003_hal_uart.o(i.HAL_UART_Receive_IT), (84 bytes).
    Removing py32f003_hal_uart.o(i.HAL_UART_RxCpltCallback), (2 bytes).
    Removing py32f003_hal_uart.o(i.HAL_UART_RxHalfCpltCallback), (2 bytes).
    Removing py32f003_hal_uart.o(i.HAL_UART_Transmit_DMA), (128 bytes).
    Removing py32f003_hal_uart.o(i.HAL_UART_Transmit_IT), (64 bytes).
    Removing py32f003_hal_uart.o(i.HAL_UART_TxCpltCallback), (2 bytes).
    Removing py32f003_hal_uart.o(i.HAL_UART_TxHalfCpltCallback), (2 bytes).
    Removing py32f003_hal_uart.o(i.UART_DMAAbortOnError), (16 bytes).
    Removing py32f003_hal_uart.o(i.UART_DMAError), (80 bytes).
    Removing py32f003_hal_uart.o(i.UART_DMAReceiveCplt), (62 bytes).
    Removing py32f003_hal_uart.o(i.UART_DMARxAbortCallback), (44 bytes).
    Removing py32f003_hal_uart.o(i.UART_DMARxHalfCplt), (10 bytes).
    Removing py32f003_hal_uart.o(i.UART_DMARxOnlyAbortCallback), (20 bytes).
    Removing py32f003_hal_uart.o(i.UART_DMATransmitCplt), (46 bytes).
    Removing py32f003_hal_uart.o(i.UART_DMATxAbortCallback), (44 bytes).
    Removing py32f003_hal_uart.o(i.UART_DMATxHalfCplt), (10 bytes).
    Removing py32f003_hal_uart.o(i.UART_DMATxOnlyAbortCallback), (20 bytes).
    Removing py32f003_hal_uart.o(i.UART_EndRxTransfer), (30 bytes).
    Removing py32f003_hal_uart.o(i.UART_EndTxTransfer), (18 bytes).
    Removing py32f003_hal_uart.o(i.UART_Receive_IT), (120 bytes).
    Removing py32f003_hal_uart.o(i.UART_Transmit_IT), (98 bytes).
    Removing py32f003_hal_usart.o(.rev16_text), (4 bytes).
    Removing py32f003_hal_usart.o(.revsh_text), (4 bytes).
    Removing py32f003_hal_wwdg.o(.rev16_text), (4 bytes).
    Removing py32f003_hal_wwdg.o(.revsh_text), (4 bytes).
    Removing py32f003_hal_wwdg.o(i.HAL_WWDG_EarlyWakeupCallback), (2 bytes).
    Removing py32f003_hal_wwdg.o(i.HAL_WWDG_IRQHandler), (30 bytes).
    Removing py32f003_hal_wwdg.o(i.HAL_WWDG_Init), (42 bytes).
    Removing py32f003_hal_wwdg.o(i.HAL_WWDG_MspInit), (2 bytes).
    Removing py32f003_hal_wwdg.o(i.HAL_WWDG_Refresh), (10 bytes).
    Removing py32f003_hal_pwr.o(.rev16_text), (4 bytes).
    Removing py32f003_hal_pwr.o(.revsh_text), (4 bytes).
    Removing py32f003_hal_pwr.o(i.HAL_PWR_ConfigPVD), (4 bytes).
    Removing py32f003_hal_pwr.o(i.HAL_PWR_DeInit), (24 bytes).
    Removing py32f003_hal_pwr.o(i.HAL_PWR_DisableBkUpAccess), (16 bytes).
    Removing py32f003_hal_pwr.o(i.HAL_PWR_DisablePVD), (16 bytes).
    Removing py32f003_hal_pwr.o(i.HAL_PWR_DisableSEVOnPend), (16 bytes).
    Removing py32f003_hal_pwr.o(i.HAL_PWR_DisableSleepOnExit), (16 bytes).
    Removing py32f003_hal_pwr.o(i.HAL_PWR_EnableBkUpAccess), (16 bytes).
    Removing py32f003_hal_pwr.o(i.HAL_PWR_EnablePVD), (16 bytes).
    Removing py32f003_hal_pwr.o(i.HAL_PWR_EnableSEVOnPend), (16 bytes).
    Removing py32f003_hal_pwr.o(i.HAL_PWR_EnableSleepOnExit), (16 bytes).
    Removing py32f003_hal_pwr.o(i.HAL_PWR_EnterSLEEPMode), (32 bytes).
    Removing py32f003_hal_pwr.o(i.HAL_PWR_EnterSTOPMode), (60 bytes).
    Removing py32f003_hal_pwr.o(i.HAL_PWR_PVD_Falling_Callback), (2 bytes).
    Removing py32f003_hal_pwr.o(i.HAL_PWR_PVD_IRQHandler), (2 bytes).
    Removing py32f003_hal_pwr.o(i.HAL_PWR_PVD_Rising_Callback), (2 bytes).
    Removing fmul.o(.text), (122 bytes).
    Removing ffltui.o(.text), (14 bytes).
    Removing ffixui.o(.text), (40 bytes).
    Removing fepilogue.o(.text), (130 bytes).
    Removing dadd.o(.text), (356 bytes).
    Removing dmul.o(.text), (208 bytes).
    Removing ddiv.o(.text), (240 bytes).
    Removing dfixul.o(.text), (64 bytes).
    Removing cdrcmple.o(.text), (40 bytes).
    Removing depilogue.o(.text), (190 bytes).
    Removing depilogue.o(i.__ARM_clz), (46 bytes).

533 unused section(s) (total 37890 bytes) removed from the image.

==============================================================================

Image Symbol Table

    Local Symbols

    Symbol Name                              Value     Ov Type        Size  Object(Section)

    ../clib/microlib/division.c              0x00000000   Number         0  uidiv.o ABSOLUTE
    ../clib/microlib/division.c              0x00000000   Number         0  uldiv.o ABSOLUTE
    ../clib/microlib/init/entry.s            0x00000000   Number         0  entry5.o ABSOLUTE
    ../clib/microlib/init/entry.s            0x00000000   Number         0  entry.o ABSOLUTE
    ../clib/microlib/init/entry.s            0x00000000   Number         0  entry9a.o ABSOLUTE
    ../clib/microlib/init/entry.s            0x00000000   Number         0  entry11b.o ABSOLUTE
    ../clib/microlib/init/entry.s            0x00000000   Number         0  entry7b.o ABSOLUTE
    ../clib/microlib/init/entry.s            0x00000000   Number         0  entry9b.o ABSOLUTE
    ../clib/microlib/init/entry.s            0x00000000   Number         0  entry10a.o ABSOLUTE
    ../clib/microlib/init/entry.s            0x00000000   Number         0  entry11a.o ABSOLUTE
    ../clib/microlib/init/entry.s            0x00000000   Number         0  entry2.o ABSOLUTE
    ../clib/microlib/init/entry.s            0x00000000   Number         0  entry8b.o ABSOLUTE
    ../clib/microlib/init/entry.s            0x00000000   Number         0  entry8a.o ABSOLUTE
    ../clib/microlib/init/entry.s            0x00000000   Number         0  entry7a.o ABSOLUTE
    ../clib/microlib/init/entry.s            0x00000000   Number         0  entry10b.o ABSOLUTE
    ../clib/microlib/longlong.c              0x00000000   Number         0  llshl.o ABSOLUTE
    ../clib/microlib/longlong.c              0x00000000   Number         0  llushr.o ABSOLUTE
    ../clib/microlib/longlong.c              0x00000000   Number         0  llsshr.o ABSOLUTE
    ../clib/microlib/printf/printf.c         0x00000000   Number         0  printf3.o ABSOLUTE
    ../clib/microlib/printf/printf.c         0x00000000   Number         0  printf4.o ABSOLUTE
    ../clib/microlib/printf/printf.c         0x00000000   Number         0  printf7.o ABSOLUTE
    ../clib/microlib/printf/printf.c         0x00000000   Number         0  printf5.o ABSOLUTE
    ../clib/microlib/printf/printf.c         0x00000000   Number         0  printf0.o ABSOLUTE
    ../clib/microlib/printf/printf.c         0x00000000   Number         0  printf6.o ABSOLUTE
    ../clib/microlib/printf/printf.c         0x00000000   Number         0  printf8.o ABSOLUTE
    ../clib/microlib/printf/printf.c         0x00000000   Number         0  printf2.o ABSOLUTE
    ../clib/microlib/printf/printf.c         0x00000000   Number         0  printf1.o ABSOLUTE
    ../clib/microlib/printf/printf.c         0x00000000   Number         0  printfb.o ABSOLUTE
    ../clib/microlib/printf/printf.c         0x00000000   Number         0  printfa.o ABSOLUTE
    ../clib/microlib/printf/stubs.s          0x00000000   Number         0  stubs.o ABSOLUTE
    ../clib/microlib/stdio/streams.c         0x00000000   Number         0  stdout.o ABSOLUTE
    ../clib/microlib/string/memcpy.c         0x00000000   Number         0  memcpyb.o ABSOLUTE
    ../clib/microlib/string/memcpy.c         0x00000000   Number         0  memcpya.o ABSOLUTE
    ../clib/microlib/string/memset.c         0x00000000   Number         0  memseta.o ABSOLUTE
    ../clib/microlib/stubs.s                 0x00000000   Number         0  iusefp.o ABSOLUTE
    ../clib/microlib/unhosted.c              0x00000000   Number         0  uread4.o ABSOLUTE
    ../fplib/microlib/fpadd.c                0x00000000   Number         0  dadd.o ABSOLUTE
    ../fplib/microlib/fpdiv.c                0x00000000   Number         0  ddiv.o ABSOLUTE
    ../fplib/microlib/fpepilogue.c           0x00000000   Number         0  fepilogue.o ABSOLUTE
    ../fplib/microlib/fpepilogue.c           0x00000000   Number         0  depilogue.o ABSOLUTE
    ../fplib/microlib/fpfix.c                0x00000000   Number         0  dfixul.o ABSOLUTE
    ../fplib/microlib/fpfix.c                0x00000000   Number         0  ffixui.o ABSOLUTE
    ../fplib/microlib/fpflt.c                0x00000000   Number         0  ffltui.o ABSOLUTE
    ../fplib/microlib/fpmul.c                0x00000000   Number         0  fmul.o ABSOLUTE
    ../fplib/microlib/fpmul.c                0x00000000   Number         0  dmul.o ABSOLUTE
    ..\..\App\algo\src\abd.c                 0x00000000   Number         0  abd.o ABSOLUTE
    ..\..\App\common\src\dataprocess.c       0x00000000   Number         0  dataprocess.o ABSOLUTE
    ..\..\App\common\src\main.c              0x00000000   Number         0  main.o ABSOLUTE
    ..\..\App\common\src\system.c            0x00000000   Number         0  system.o ABSOLUTE
    ..\..\Driver\py32f003\CMSIS\Device\PY32F003\Source\ARM\startup_py32f003.s 0x00000000   Number         0  startup_py32f003.o ABSOLUTE
    ..\..\Driver\py32f003\CMSIS\Device\PY32F003\system_py32f003.c 0x00000000   Number         0  system_py32f003_1.o ABSOLUTE
    ..\..\Driver\py32f003\PY32F003_HAL_Driver\Src\py32f003_hal.c 0x00000000   Number         0  py32f003_hal.o ABSOLUTE
    ..\..\Driver\py32f003\PY32F003_HAL_Driver\Src\py32f003_hal_cortex.c 0x00000000   Number         0  py32f003_hal_cortex.o ABSOLUTE
    ..\..\Driver\py32f003\PY32F003_HAL_Driver\Src\py32f003_hal_dma.c 0x00000000   Number         0  py32f003_hal_dma.o ABSOLUTE
    ..\..\Driver\py32f003\PY32F003_HAL_Driver\Src\py32f003_hal_exti.c 0x00000000   Number         0  py32f003_hal_exti.o ABSOLUTE
    ..\..\Driver\py32f003\PY32F003_HAL_Driver\Src\py32f003_hal_flash.c 0x00000000   Number         0  py32f003_hal_flash.o ABSOLUTE
    ..\..\Driver\py32f003\PY32F003_HAL_Driver\Src\py32f003_hal_gpio.c 0x00000000   Number         0  py32f003_hal_gpio.o ABSOLUTE
    ..\..\Driver\py32f003\PY32F003_HAL_Driver\Src\py32f003_hal_i2c.c 0x00000000   Number         0  py32f003_hal_i2c.o ABSOLUTE
    ..\..\Driver\py32f003\PY32F003_HAL_Driver\Src\py32f003_hal_iwdg.c 0x00000000   Number         0  py32f003_hal_iwdg.o ABSOLUTE
    ..\..\Driver\py32f003\PY32F003_HAL_Driver\Src\py32f003_hal_lptim.c 0x00000000   Number         0  py32f003_hal_lptim.o ABSOLUTE
    ..\..\Driver\py32f003\PY32F003_HAL_Driver\Src\py32f003_hal_pwr.c 0x00000000   Number         0  py32f003_hal_pwr.o ABSOLUTE
    ..\..\Driver\py32f003\PY32F003_HAL_Driver\Src\py32f003_hal_rcc.c 0x00000000   Number         0  py32f003_hal_rcc.o ABSOLUTE
    ..\..\Driver\py32f003\PY32F003_HAL_Driver\Src\py32f003_hal_rcc_ex.c 0x00000000   Number         0  py32f003_hal_rcc_ex.o ABSOLUTE
    ..\..\Driver\py32f003\PY32F003_HAL_Driver\Src\py32f003_hal_spi.c 0x00000000   Number         0  py32f003_hal_spi.o ABSOLUTE
    ..\..\Driver\py32f003\PY32F003_HAL_Driver\Src\py32f003_hal_tim.c 0x00000000   Number         0  py32f003_hal_tim.o ABSOLUTE
    ..\..\Driver\py32f003\PY32F003_HAL_Driver\Src\py32f003_hal_tim_ex.c 0x00000000   Number         0  py32f003_hal_tim_ex.o ABSOLUTE
    ..\..\Driver\py32f003\PY32F003_HAL_Driver\Src\py32f003_hal_uart.c 0x00000000   Number         0  py32f003_hal_uart.o ABSOLUTE
    ..\..\Driver\py32f003\PY32F003_HAL_Driver\Src\py32f003_hal_usart.c 0x00000000   Number         0  py32f003_hal_usart.o ABSOLUTE
    ..\..\Driver\py32f003\PY32F003_HAL_Driver\Src\py32f003_hal_wwdg.c 0x00000000   Number         0  py32f003_hal_wwdg.o ABSOLUTE
    ..\..\Driver\py32f003\PY32F003_HAL_Driver\Src\py32f003_ll_rcc.c 0x00000000   Number         0  py32f003_ll_rcc.o ABSOLUTE
    ..\..\Middleware\common\src\platform.c   0x00000000   Number         0  platform.o ABSOLUTE
    ..\..\Middleware\common\src\radar.c      0x00000000   Number         0  radar.o ABSOLUTE
    ..\..\Middleware\platform\py32\src\py32_gpio.c 0x00000000   Number         0  py32_gpio.o ABSOLUTE
    ..\..\Middleware\platform\py32\src\py32_i2c.c 0x00000000   Number         0  py32_i2c.o ABSOLUTE
    ..\..\Middleware\platform\py32\src\py32_it.c 0x00000000   Number         0  py32_it.o ABSOLUTE
    ..\..\Middleware\platform\py32\src\py32_iwdg.c 0x00000000   Number         0  py32_iwdg.o ABSOLUTE
    ..\..\Middleware\platform\py32\src\py32_pwr.c 0x00000000   Number         0  py32_pwr.o ABSOLUTE
    ..\..\Middleware\platform\py32\src\py32_spi.c 0x00000000   Number         0  py32_spi.o ABSOLUTE
    ..\..\Middleware\platform\py32\src\py32_tim.c 0x00000000   Number         0  py32_tim.o ABSOLUTE
    ..\..\Middleware\platform\py32\src\py32_uart.c 0x00000000   Number         0  py32_uart.o ABSOLUTE
    ..\\..\\App\\algo\\src\\abd.c            0x00000000   Number         0  abd.o ABSOLUTE
    ..\\..\\App\\common\\src\\dataprocess.c  0x00000000   Number         0  dataprocess.o ABSOLUTE
    ..\\..\\App\\common\\src\\main.c         0x00000000   Number         0  main.o ABSOLUTE
    ..\\..\\App\\common\\src\\system.c       0x00000000   Number         0  system.o ABSOLUTE
    ..\\..\\Driver\\py32f003\\CMSIS\\Device\\PY32F003\\system_py32f003.c 0x00000000   Number         0  system_py32f003_1.o ABSOLUTE
    ..\\..\\Driver\\py32f003\\PY32F003_HAL_Driver\\Src\\py32f003_hal.c 0x00000000   Number         0  py32f003_hal.o ABSOLUTE
    ..\\..\\Driver\\py32f003\\PY32F003_HAL_Driver\\Src\\py32f003_hal_cortex.c 0x00000000   Number         0  py32f003_hal_cortex.o ABSOLUTE
    ..\\..\\Driver\\py32f003\\PY32F003_HAL_Driver\\Src\\py32f003_hal_dma.c 0x00000000   Number         0  py32f003_hal_dma.o ABSOLUTE
    ..\\..\\Driver\\py32f003\\PY32F003_HAL_Driver\\Src\\py32f003_hal_exti.c 0x00000000   Number         0  py32f003_hal_exti.o ABSOLUTE
    ..\\..\\Driver\\py32f003\\PY32F003_HAL_Driver\\Src\\py32f003_hal_flash.c 0x00000000   Number         0  py32f003_hal_flash.o ABSOLUTE
    ..\\..\\Driver\\py32f003\\PY32F003_HAL_Driver\\Src\\py32f003_hal_gpio.c 0x00000000   Number         0  py32f003_hal_gpio.o ABSOLUTE
    ..\\..\\Driver\\py32f003\\PY32F003_HAL_Driver\\Src\\py32f003_hal_i2c.c 0x00000000   Number         0  py32f003_hal_i2c.o ABSOLUTE
    ..\\..\\Driver\\py32f003\\PY32F003_HAL_Driver\\Src\\py32f003_hal_iwdg.c 0x00000000   Number         0  py32f003_hal_iwdg.o ABSOLUTE
    ..\\..\\Driver\\py32f003\\PY32F003_HAL_Driver\\Src\\py32f003_hal_lptim.c 0x00000000   Number         0  py32f003_hal_lptim.o ABSOLUTE
    ..\\..\\Driver\\py32f003\\PY32F003_HAL_Driver\\Src\\py32f003_hal_pwr.c 0x00000000   Number         0  py32f003_hal_pwr.o ABSOLUTE
    ..\\..\\Driver\\py32f003\\PY32F003_HAL_Driver\\Src\\py32f003_hal_rcc.c 0x00000000   Number         0  py32f003_hal_rcc.o ABSOLUTE
    ..\\..\\Driver\\py32f003\\PY32F003_HAL_Driver\\Src\\py32f003_hal_rcc_ex.c 0x00000000   Number         0  py32f003_hal_rcc_ex.o ABSOLUTE
    ..\\..\\Driver\\py32f003\\PY32F003_HAL_Driver\\Src\\py32f003_hal_spi.c 0x00000000   Number         0  py32f003_hal_spi.o ABSOLUTE
    ..\\..\\Driver\\py32f003\\PY32F003_HAL_Driver\\Src\\py32f003_hal_tim.c 0x00000000   Number         0  py32f003_hal_tim.o ABSOLUTE
    ..\\..\\Driver\\py32f003\\PY32F003_HAL_Driver\\Src\\py32f003_hal_tim_ex.c 0x00000000   Number         0  py32f003_hal_tim_ex.o ABSOLUTE
    ..\\..\\Driver\\py32f003\\PY32F003_HAL_Driver\\Src\\py32f003_hal_uart.c 0x00000000   Number         0  py32f003_hal_uart.o ABSOLUTE
    ..\\..\\Driver\\py32f003\\PY32F003_HAL_Driver\\Src\\py32f003_hal_usart.c 0x00000000   Number         0  py32f003_hal_usart.o ABSOLUTE
    ..\\..\\Driver\\py32f003\\PY32F003_HAL_Driver\\Src\\py32f003_hal_wwdg.c 0x00000000   Number         0  py32f003_hal_wwdg.o ABSOLUTE
    ..\\..\\Middleware\\common\\src\\platform.c 0x00000000   Number         0  platform.o ABSOLUTE
    ..\\..\\Middleware\\common\\src\\radar.c 0x00000000   Number         0  radar.o ABSOLUTE
    ..\\..\\Middleware\\platform\\py32\\src\\py32_gpio.c 0x00000000   Number         0  py32_gpio.o ABSOLUTE
    ..\\..\\Middleware\\platform\\py32\\src\\py32_i2c.c 0x00000000   Number         0  py32_i2c.o ABSOLUTE
    ..\\..\\Middleware\\platform\\py32\\src\\py32_it.c 0x00000000   Number         0  py32_it.o ABSOLUTE
    ..\\..\\Middleware\\platform\\py32\\src\\py32_iwdg.c 0x00000000   Number         0  py32_iwdg.o ABSOLUTE
    ..\\..\\Middleware\\platform\\py32\\src\\py32_pwr.c 0x00000000   Number         0  py32_pwr.o ABSOLUTE
    ..\\..\\Middleware\\platform\\py32\\src\\py32_spi.c 0x00000000   Number         0  py32_spi.o ABSOLUTE
    ..\\..\\Middleware\\platform\\py32\\src\\py32_tim.c 0x00000000   Number         0  py32_tim.o ABSOLUTE
    ..\\..\\Middleware\\platform\\py32\\src\\py32_uart.c 0x00000000   Number         0  py32_uart.o ABSOLUTE
    cdrcmple.s                               0x00000000   Number         0  cdrcmple.o ABSOLUTE
    dc.s                                     0x00000000   Number         0  dc.o ABSOLUTE
    handlers.s                               0x00000000   Number         0  handlers.o ABSOLUTE
    init.s                                   0x00000000   Number         0  init.o ABSOLUTE
    RESET                                    0x08000000   Section      192  startup_py32f003.o(RESET)
    .ARM.Collect$$$$00000000                 0x080000c0   Section        0  entry.o(.ARM.Collect$$$$00000000)
    .ARM.Collect$$$$00000001                 0x080000c0   Section        4  entry2.o(.ARM.Collect$$$$00000001)
    .ARM.Collect$$$$00000004                 0x080000c4   Section        4  entry5.o(.ARM.Collect$$$$00000004)
    .ARM.Collect$$$$00000008                 0x080000c8   Section        0  entry7b.o(.ARM.Collect$$$$00000008)
    .ARM.Collect$$$$0000000A                 0x080000c8   Section        0  entry8b.o(.ARM.Collect$$$$0000000A)
    .ARM.Collect$$$$0000000B                 0x080000c8   Section        8  entry9a.o(.ARM.Collect$$$$0000000B)
    .ARM.Collect$$$$0000000D                 0x080000d0   Section        0  entry10a.o(.ARM.Collect$$$$0000000D)
    .ARM.Collect$$$$0000000F                 0x080000d0   Section        0  entry11a.o(.ARM.Collect$$$$0000000F)
    .ARM.Collect$$$$00002712                 0x080000d0   Section        4  entry2.o(.ARM.Collect$$$$00002712)
    __lit__00000000                          0x080000d0   Data           4  entry2.o(.ARM.Collect$$$$00002712)
    .text                                    0x080000d4   Section       28  startup_py32f003.o(.text)
    .text                                    0x080000f0   Section        0  uidiv.o(.text)
    .text                                    0x0800011c   Section        0  memcpya.o(.text)
    .text                                    0x08000140   Section        0  memseta.o(.text)
    .text                                    0x08000164   Section        0  uread4.o(.text)
    .text                                    0x08000178   Section        0  uldiv.o(.text)
    .text                                    0x080001d8   Section       36  init.o(.text)
    .text                                    0x080001fc   Section        0  llshl.o(.text)
    .text                                    0x0800021c   Section        0  llushr.o(.text)
    i.ABD_DetectByPeakData                   0x08000240   Section        0  abd.o(i.ABD_DetectByPeakData)
    i.ABD_Init                               0x08000284   Section        0  abd.o(i.ABD_Init)
    i.ConfigDfftPeakPara                     0x08000294   Section        0  radar.o(i.ConfigDfftPeakPara)
    i.DMA1_Channel2_3_IRQHandler             0x080002bc   Section        0  py32_it.o(i.DMA1_Channel2_3_IRQHandler)
    i.DMA_SetConfig                          0x080002cc   Section        0  py32f003_hal_dma.o(i.DMA_SetConfig)
    DMA_SetConfig                            0x080002cd   Thumb Code    40  py32f003_hal_dma.o(i.DMA_SetConfig)
    i.DataCopy                               0x080002f4   Section        0  dataprocess.o(i.DataCopy)
    DataCopy                                 0x080002f5   Thumb Code    94  dataprocess.o(i.DataCopy)
    i.DataParse                              0x0800035c   Section        0  dataprocess.o(i.DataParse)
    DataParse                                0x0800035d   Thumb Code   250  dataprocess.o(i.DataParse)
    i.DataProc_Init                          0x0800045c   Section        0  dataprocess.o(i.DataProc_Init)
    i.DataProc_Recv                          0x080004a8   Section        0  dataprocess.o(i.DataProc_Recv)
    i.DataProcess                            0x08000504   Section        0  dataprocess.o(i.DataProcess)
    DataProcess                              0x08000505   Thumb Code    98  dataprocess.o(i.DataProcess)
    i.DataStateIdParse                       0x08000584   Section        0  dataprocess.o(i.DataStateIdParse)
    DataStateIdParse                         0x08000585   Thumb Code    50  dataprocess.o(i.DataStateIdParse)
    i.Delay                                  0x080005c0   Section        0  platform.o(i.Delay)
    i.DumpChipRegValue                       0x080005c4   Section        0  radar.o(i.DumpChipRegValue)
    DumpChipRegValue                         0x080005c5   Thumb Code    94  radar.o(i.DumpChipRegValue)
    i.EXTI4_15_IRQHandler                    0x08000644   Section        0  py32_it.o(i.EXTI4_15_IRQHandler)
    i.GetRadarPara                           0x08000658   Section        0  dataprocess.o(i.GetRadarPara)
    GetRadarPara                             0x08000659   Thumb Code    84  dataprocess.o(i.GetRadarPara)
    i.HAL_DMA_Abort_IT                       0x0800071c   Section        0  py32f003_hal_dma.o(i.HAL_DMA_Abort_IT)
    i.HAL_DMA_IRQHandler                     0x08000780   Section        0  py32f003_hal_dma.o(i.HAL_DMA_IRQHandler)
    i.HAL_DMA_Init                           0x08000854   Section        0  py32f003_hal_dma.o(i.HAL_DMA_Init)
    i.HAL_DMA_Start_IT                       0x080008b8   Section        0  py32f003_hal_dma.o(i.HAL_DMA_Start_IT)
    i.HAL_Delay                              0x08000920   Section        0  py32f003_hal.o(i.HAL_Delay)
    i.HAL_GPIO_Init                          0x08000944   Section        0  py32f003_hal_gpio.o(i.HAL_GPIO_Init)
    i.HAL_GPIO_WritePin                      0x08000a58   Section        0  py32f003_hal_gpio.o(i.HAL_GPIO_WritePin)
    i.HAL_GetTick                            0x08000a64   Section        0  py32f003_hal.o(i.HAL_GetTick)
    i.HAL_I2C_Init                           0x08000a70   Section        0  py32f003_hal_i2c.o(i.HAL_I2C_Init)
    i.HAL_I2C_Mem_Read                       0x08000bc8   Section        0  py32f003_hal_i2c.o(i.HAL_I2C_Mem_Read)
    i.HAL_I2C_Mem_Write                      0x08000ddc   Section        0  py32f003_hal_i2c.o(i.HAL_I2C_Mem_Write)
    i.HAL_I2C_MspInit                        0x08000ef8   Section        0  py32_i2c.o(i.HAL_I2C_MspInit)
    i.HAL_IWDG_Init                          0x08000f6c   Section        0  py32f003_hal_iwdg.o(i.HAL_IWDG_Init)
    i.HAL_IWDG_Refresh                       0x08000fc4   Section        0  py32f003_hal_iwdg.o(i.HAL_IWDG_Refresh)
    i.HAL_IncTick                            0x08000fd4   Section        0  py32f003_hal.o(i.HAL_IncTick)
    i.HAL_Init                               0x08000fe4   Section        0  py32f003_hal.o(i.HAL_Init)
    i.HAL_InitTick                           0x08001000   Section        0  py32f003_hal.o(i.HAL_InitTick)
    i.HAL_MspInit                            0x08001048   Section        0  py32f003_hal.o(i.HAL_MspInit)
    i.HAL_NVIC_EnableIRQ                     0x0800104c   Section        0  py32f003_hal_cortex.o(i.HAL_NVIC_EnableIRQ)
    i.HAL_NVIC_SetPriority                   0x08001064   Section        0  py32f003_hal_cortex.o(i.HAL_NVIC_SetPriority)
    i.HAL_RCC_GetPCLK1Freq                   0x0800106c   Section        0  py32f003_hal_rcc.o(i.HAL_RCC_GetPCLK1Freq)
    i.HAL_SPI_ErrorCallback                  0x08001094   Section        0  py32_spi.o(i.HAL_SPI_ErrorCallback)
    i.HAL_SPI_IRQHandler                     0x080010b8   Section        0  py32f003_hal_spi.o(i.HAL_SPI_IRQHandler)
    i.HAL_SPI_Init                           0x08001198   Section        0  py32f003_hal_spi.o(i.HAL_SPI_Init)
    i.HAL_SPI_MspInit                        0x08001248   Section        0  py32_spi.o(i.HAL_SPI_MspInit)
    i.HAL_SPI_Receive_DMA                    0x08001380   Section        0  py32f003_hal_spi.o(i.HAL_SPI_Receive_DMA)
    i.HAL_SPI_RxCpltCallback                 0x080014a4   Section        0  py32_spi.o(i.HAL_SPI_RxCpltCallback)
    i.HAL_SPI_RxHalfCpltCallback             0x080014f0   Section        0  py32f003_hal_spi.o(i.HAL_SPI_RxHalfCpltCallback)
    i.HAL_SPI_TransmitReceive_DMA            0x080014f4   Section        0  py32f003_hal_spi.o(i.HAL_SPI_TransmitReceive_DMA)
    i.HAL_SPI_TxRxCpltCallback               0x08001678   Section        0  py32f003_hal_spi.o(i.HAL_SPI_TxRxCpltCallback)
    i.HAL_SPI_TxRxHalfCpltCallback           0x0800167a   Section        0  py32f003_hal_spi.o(i.HAL_SPI_TxRxHalfCpltCallback)
    i.HAL_SYSCFG_DMA_Req                     0x0800167c   Section        0  py32f003_hal.o(i.HAL_SYSCFG_DMA_Req)
    i.HAL_SYSTICK_Config                     0x0800168c   Section        0  py32f003_hal_cortex.o(i.HAL_SYSTICK_Config)
    i.HAL_UART_Init                          0x080016bc   Section        0  py32f003_hal_uart.o(i.HAL_UART_Init)
    i.HAL_UART_MspInit                       0x08001728   Section        0  py32f003_hal_uart.o(i.HAL_UART_MspInit)
    i.HAL_UART_Transmit                      0x0800172a   Section        0  py32f003_hal_uart.o(i.HAL_UART_Transmit)
    i.HardFault_Handler                      0x080017ee   Section        0  py32_it.o(i.HardFault_Handler)
    i.I2C_Init                               0x080017f0   Section        0  py32_i2c.o(i.I2C_Init)
    i.I2C_IsAcknowledgeFailed                0x08001848   Section        0  py32f003_hal_i2c.o(i.I2C_IsAcknowledgeFailed)
    I2C_IsAcknowledgeFailed                  0x08001849   Thumb Code    46  py32f003_hal_i2c.o(i.I2C_IsAcknowledgeFailed)
    i.I2C_Read                               0x0800187c   Section        0  py32_i2c.o(i.I2C_Read)
    i.I2C_RequestMemoryRead                  0x08001900   Section        0  py32f003_hal_i2c.o(i.I2C_RequestMemoryRead)
    I2C_RequestMemoryRead                    0x08001901   Thumb Code   234  py32f003_hal_i2c.o(i.I2C_RequestMemoryRead)
    i.I2C_RequestMemoryWrite                 0x080019f0   Section        0  py32f003_hal_i2c.o(i.I2C_RequestMemoryWrite)
    I2C_RequestMemoryWrite                   0x080019f1   Thumb Code   166  py32f003_hal_i2c.o(i.I2C_RequestMemoryWrite)
    i.I2C_WaitOnBTFFlagUntilTimeout          0x08001a9c   Section        0  py32f003_hal_i2c.o(i.I2C_WaitOnBTFFlagUntilTimeout)
    I2C_WaitOnBTFFlagUntilTimeout            0x08001a9d   Thumb Code    78  py32f003_hal_i2c.o(i.I2C_WaitOnBTFFlagUntilTimeout)
    i.I2C_WaitOnFlagUntilTimeout             0x08001aea   Section        0  py32f003_hal_i2c.o(i.I2C_WaitOnFlagUntilTimeout)
    I2C_WaitOnFlagUntilTimeout               0x08001aeb   Thumb Code   100  py32f003_hal_i2c.o(i.I2C_WaitOnFlagUntilTimeout)
    i.I2C_WaitOnMasterAddressFlagUntilTimeout 0x08001b50   Section        0  py32f003_hal_i2c.o(i.I2C_WaitOnMasterAddressFlagUntilTimeout)
    I2C_WaitOnMasterAddressFlagUntilTimeout  0x08001b51   Thumb Code   136  py32f003_hal_i2c.o(i.I2C_WaitOnMasterAddressFlagUntilTimeout)
    i.I2C_WaitOnRXNEFlagUntilTimeout         0x08001bdc   Section        0  py32f003_hal_i2c.o(i.I2C_WaitOnRXNEFlagUntilTimeout)
    I2C_WaitOnRXNEFlagUntilTimeout           0x08001bdd   Thumb Code    94  py32f003_hal_i2c.o(i.I2C_WaitOnRXNEFlagUntilTimeout)
    i.I2C_WaitOnTXEFlagUntilTimeout          0x08001c3a   Section        0  py32f003_hal_i2c.o(i.I2C_WaitOnTXEFlagUntilTimeout)
    I2C_WaitOnTXEFlagUntilTimeout            0x08001c3b   Thumb Code    78  py32f003_hal_i2c.o(i.I2C_WaitOnTXEFlagUntilTimeout)
    i.I2C_Write                              0x08001c88   Section        0  py32_i2c.o(i.I2C_Write)
    i.IWDG_Init                              0x08001cd8   Section        0  py32_iwdg.o(i.IWDG_Init)
    i.IWDG_Reload                            0x08001d4c   Section        0  py32_iwdg.o(i.IWDG_Reload)
    i.Indicator_RadarDataReceived            0x08001d84   Section        0  platform.o(i.Indicator_RadarDataReceived)
    i.IoOutInit                              0x08001da8   Section        0  py32_gpio.o(i.IoOutInit)
    i.IoOutOff                               0x08001de0   Section        0  py32_gpio.o(i.IoOutOff)
    i.LED_Init                               0x08001df4   Section        0  py32_gpio.o(i.LED_Init)
    i.LED_Toggle                             0x08001df6   Section        0  py32_gpio.o(i.LED_Toggle)
    i.NMI_Handler                            0x08001df8   Section        0  py32_it.o(i.NMI_Handler)
    i.PendSV_Handler                         0x08001dfa   Section        0  py32_it.o(i.PendSV_Handler)
    i.Platform_Init                          0x08001dfc   Section        0  platform.o(i.Platform_Init)
    i.PrintTargetInfo                        0x08001e1c   Section        0  abd.o(i.PrintTargetInfo)
    i.Radar_EnterNormalMode                  0x08001e78   Section        0  radar.o(i.Radar_EnterNormalMode)
    i.Radar_GetDataType                      0x08001ea0   Section        0  radar.o(i.Radar_GetDataType)
    i.Radar_GetDfftPeakSize                  0x08001ed8   Section        0  radar.o(i.Radar_GetDfftPeakSize)
    i.Radar_GetOneFrameChirpNum              0x08001ef4   Section        0  radar.o(i.Radar_GetOneFrameChirpNum)
    i.Radar_Init                             0x08001f0c   Section        0  radar.o(i.Radar_Init)
    i.Radar_PreInit                          0x08001f74   Section        0  radar.o(i.Radar_PreInit)
    i.ReplaceSpecialRegs                     0x08001f9c   Section        0  radar.o(i.ReplaceSpecialRegs)
    i.SPI1_IRQHandler                        0x08002000   Section        0  py32_it.o(i.SPI1_IRQHandler)
    i.SPI_DMAAbortOnError                    0x08002010   Section        0  py32f003_hal_spi.o(i.SPI_DMAAbortOnError)
    SPI_DMAAbortOnError                      0x08002011   Thumb Code    18  py32f003_hal_spi.o(i.SPI_DMAAbortOnError)
    i.SPI_DMAError                           0x08002022   Section        0  py32f003_hal_spi.o(i.SPI_DMAError)
    SPI_DMAError                             0x08002023   Thumb Code    34  py32f003_hal_spi.o(i.SPI_DMAError)
    i.SPI_DMAHalfReceiveCplt                 0x08002044   Section        0  py32f003_hal_spi.o(i.SPI_DMAHalfReceiveCplt)
    SPI_DMAHalfReceiveCplt                   0x08002045   Thumb Code    10  py32f003_hal_spi.o(i.SPI_DMAHalfReceiveCplt)
    i.SPI_DMAHalfTransmitReceiveCplt         0x0800204e   Section        0  py32f003_hal_spi.o(i.SPI_DMAHalfTransmitReceiveCplt)
    SPI_DMAHalfTransmitReceiveCplt           0x0800204f   Thumb Code    10  py32f003_hal_spi.o(i.SPI_DMAHalfTransmitReceiveCplt)
    i.SPI_DMAReceiveCplt                     0x08002058   Section        0  py32f003_hal_spi.o(i.SPI_DMAReceiveCplt)
    SPI_DMAReceiveCplt                       0x08002059   Thumb Code    88  py32f003_hal_spi.o(i.SPI_DMAReceiveCplt)
    i.SPI_DMATransmitReceiveCplt             0x080020b0   Section        0  py32f003_hal_spi.o(i.SPI_DMATransmitReceiveCplt)
    SPI_DMATransmitReceiveCplt               0x080020b1   Thumb Code    94  py32f003_hal_spi.o(i.SPI_DMATransmitReceiveCplt)
    i.SPI_EndRxTransaction                   0x0800210e   Section        0  py32f003_hal_spi.o(i.SPI_EndRxTransaction)
    SPI_EndRxTransaction                     0x0800210f   Thumb Code   120  py32f003_hal_spi.o(i.SPI_EndRxTransaction)
    i.SPI_EndRxTxTransaction                 0x08002186   Section        0  py32f003_hal_spi.o(i.SPI_EndRxTxTransaction)
    SPI_EndRxTxTransaction                   0x08002187   Thumb Code    76  py32f003_hal_spi.o(i.SPI_EndRxTxTransaction)
    i.SPI_Init                               0x080021d4   Section        0  py32_spi.o(i.SPI_Init)
    i.SPI_WaitFifoStateUntilTimeout          0x08002230   Section        0  py32f003_hal_spi.o(i.SPI_WaitFifoStateUntilTimeout)
    SPI_WaitFifoStateUntilTimeout            0x08002231   Thumb Code   118  py32f003_hal_spi.o(i.SPI_WaitFifoStateUntilTimeout)
    i.SPI_WaitFlagStateUntilTimeout          0x080022a6   Section        0  py32f003_hal_spi.o(i.SPI_WaitFlagStateUntilTimeout)
    SPI_WaitFlagStateUntilTimeout            0x080022a7   Thumb Code   114  py32f003_hal_spi.o(i.SPI_WaitFlagStateUntilTimeout)
    i.SVC_Handler                            0x08002318   Section        0  py32_it.o(i.SVC_Handler)
    i.SysTick_Handler                        0x0800231a   Section        0  py32_it.o(i.SysTick_Handler)
    i.SystemCoreClockUpdate                  0x08002324   Section        0  system_py32f003_1.o(i.SystemCoreClockUpdate)
    i.SystemInit                             0x08002334   Section        0  system_py32f003_1.o(i.SystemInit)
    i.TspiIoInit                             0x08002360   Section        0  py32_gpio.o(i.TspiIoInit)
    i.UART1_GPIO_Init                        0x08002394   Section        0  py32_uart.o(i.UART1_GPIO_Init)
    i.UART_AdvFeatureConfig                  0x08002408   Section        0  py32f003_hal_uart.o(i.UART_AdvFeatureConfig)
    i.UART_Init                              0x08002438   Section        0  py32_uart.o(i.UART_Init)
    i.UART_SetConfig                         0x08002468   Section        0  py32f003_hal_uart.o(i.UART_SetConfig)
    UART_SetConfig                           0x08002469   Thumb Code   192  py32f003_hal_uart.o(i.UART_SetConfig)
    i.UART_WaitOnFlagUntilTimeout            0x0800252c   Section        0  py32f003_hal_uart.o(i.UART_WaitOnFlagUntilTimeout)
    UART_WaitOnFlagUntilTimeout              0x0800252d   Thumb Code    96  py32f003_hal_uart.o(i.UART_WaitOnFlagUntilTimeout)
    i.__0printf$8                            0x0800258c   Section        0  printf8.o(i.__0printf$8)
    i.__ARM_common_switch8                   0x080025ac   Section        0  dataprocess.o(i.__ARM_common_switch8)
    i.__NVIC_SetPriority                     0x080025c8   Section        0  py32f003_hal_cortex.o(i.__NVIC_SetPriority)
    __NVIC_SetPriority                       0x080025c9   Thumb Code    60  py32f003_hal_cortex.o(i.__NVIC_SetPriority)
    i.__scatterload_copy                     0x0800260c   Section       14  handlers.o(i.__scatterload_copy)
    i.__scatterload_null                     0x0800261a   Section        2  handlers.o(i.__scatterload_null)
    i.__scatterload_zeroinit                 0x0800261c   Section       14  handlers.o(i.__scatterload_zeroinit)
    i._printf_core                           0x0800262c   Section        0  printf8.o(i._printf_core)
    _printf_core                             0x0800262d   Thumb Code  1020  printf8.o(i._printf_core)
    i._printf_post_padding                   0x08002a54   Section        0  printf8.o(i._printf_post_padding)
    _printf_post_padding                     0x08002a55   Thumb Code    32  printf8.o(i._printf_post_padding)
    i._printf_pre_padding                    0x08002a74   Section        0  printf8.o(i._printf_pre_padding)
    _printf_pre_padding                      0x08002a75   Thumb Code    44  printf8.o(i._printf_pre_padding)
    i.fputc                                  0x08002aa0   Section        0  py32_uart.o(i.fputc)
    i.main                                   0x08002abc   Section        0  main.o(i.main)
    .constdata                               0x08002ad8   Section      392  radar.o(.constdata)
    RegListPD                                0x08002bc4   Data          36  radar.o(.constdata)
    .constdata                               0x08002c60   Section       32  system_py32f003_1.o(.constdata)
    .data                                    0x20000000   Section        6  dataprocess.o(.data)
    .data                                    0x20000008   Section       20  abd.o(.data)
    print_cnt                                0x20000009   Data           1  abd.o(.data)
    k                                        0x2000000a   Data           1  abd.o(.data)
    pos                                      0x2000000b   Data           1  abd.o(.data)
    tOffIdx                                  0x2000000c   Data           1  abd.o(.data)
    lastRange                                0x2000000e   Data           2  abd.o(.data)
    tickCnt                                  0x20000010   Data           2  abd.o(.data)
    dfftPeakData                             0x20000014   Data           8  abd.o(.data)
    .data                                    0x2000001c   Section        4  platform.o(.data)
    recvCnt                                  0x2000001c   Data           1  platform.o(.data)
    recvCnt                                  0x2000001e   Data           2  platform.o(.data)
    .data                                    0x20000020   Section        1  radar.o(.data)
    .data                                    0x20000022   Section        4  py32_spi.o(.data)
    cnt                                      0x20000022   Data           2  py32_spi.o(.data)
    .data                                    0x20000028   Section        4  system_py32f003_1.o(.data)
    .data                                    0x2000002c   Section       12  py32f003_hal.o(.data)
    .data                                    0x20000038   Section        4  stdout.o(.data)
    .bss                                     0x2000003c   Section      126  dataprocess.o(.bss)
    RadarDataParse                           0x2000003c   Data         126  dataprocess.o(.bss)
    .bss                                     0x200000bc   Section      400  py32_spi.o(.bss)
    .bss                                     0x2000024c   Section       80  py32_i2c.o(.bss)
    I2cHandle                                0x2000024c   Data          80  py32_i2c.o(.bss)
    .bss                                     0x2000029c   Section      220  py32_uart.o(.bss)
    .bss                                     0x20000378   Section       16  py32_iwdg.o(.bss)
    STACK                                    0x20000388   Section     1024  startup_py32f003.o(STACK)

    Global Symbols

    Symbol Name                              Value     Ov Type        Size  Object(Section)

    BuildAttributes$$THM_ISAv3M$S$PE$A:L22$X:L11$S22$IEEE1$IW$USESV6$~STKCKD$USESV7$~SHL$OTIME$ROPI$EBA8$MICROLIB$REQ8$PRES8$EABIv2 0x00000000   Number         0  anon$$obj.o ABSOLUTE
    __ARM_use_no_argv                        0x00000000   Number         0  main.o ABSOLUTE
    _printf_a                                0x00000000   Number         0  stubs.o ABSOLUTE
    _printf_c                                0x00000000   Number         0  stubs.o ABSOLUTE
    _printf_charcount                        0x00000000   Number         0  stubs.o ABSOLUTE
    _printf_d                                0x00000000   Number         0  stubs.o ABSOLUTE
    _printf_e                                0x00000000   Number         0  stubs.o ABSOLUTE
    _printf_f                                0x00000000   Number         0  stubs.o ABSOLUTE
    _printf_flags                            0x00000000   Number         0  stubs.o ABSOLUTE
    _printf_fp_dec                           0x00000000   Number         0  stubs.o ABSOLUTE
    _printf_fp_hex                           0x00000000   Number         0  stubs.o ABSOLUTE
    _printf_g                                0x00000000   Number         0  stubs.o ABSOLUTE
    _printf_i                                0x00000000   Number         0  stubs.o ABSOLUTE
    _printf_int_dec                          0x00000000   Number         0  stubs.o ABSOLUTE
    _printf_l                                0x00000000   Number         0  stubs.o ABSOLUTE
    _printf_lc                               0x00000000   Number         0  stubs.o ABSOLUTE
    _printf_ll                               0x00000000   Number         0  stubs.o ABSOLUTE
    _printf_lld                              0x00000000   Number         0  stubs.o ABSOLUTE
    _printf_lli                              0x00000000   Number         0  stubs.o ABSOLUTE
    _printf_llo                              0x00000000   Number         0  stubs.o ABSOLUTE
    _printf_llu                              0x00000000   Number         0  stubs.o ABSOLUTE
    _printf_llx                              0x00000000   Number         0  stubs.o ABSOLUTE
    _printf_longlong_dec                     0x00000000   Number         0  stubs.o ABSOLUTE
    _printf_longlong_hex                     0x00000000   Number         0  stubs.o ABSOLUTE
    _printf_longlong_oct                     0x00000000   Number         0  stubs.o ABSOLUTE
    _printf_ls                               0x00000000   Number         0  stubs.o ABSOLUTE
    _printf_mbtowc                           0x00000000   Number         0  stubs.o ABSOLUTE
    _printf_n                                0x00000000   Number         0  stubs.o ABSOLUTE
    _printf_o                                0x00000000   Number         0  stubs.o ABSOLUTE
    _printf_p                                0x00000000   Number         0  stubs.o ABSOLUTE
    _printf_percent                          0x00000000   Number         0  stubs.o ABSOLUTE
    _printf_pre_padding                      0x00000000   Number         0  stubs.o ABSOLUTE
    _printf_return_value                     0x00000000   Number         0  stubs.o ABSOLUTE
    _printf_s                                0x00000000   Number         0  stubs.o ABSOLUTE
    _printf_sizespec                         0x00000000   Number         0  stubs.o ABSOLUTE
    _printf_str                              0x00000000   Number         0  stubs.o ABSOLUTE
    _printf_truncate_signed                  0x00000000   Number         0  stubs.o ABSOLUTE
    _printf_truncate_unsigned                0x00000000   Number         0  stubs.o ABSOLUTE
    _printf_u                                0x00000000   Number         0  stubs.o ABSOLUTE
    _printf_wc                               0x00000000   Number         0  stubs.o ABSOLUTE
    _printf_wctomb                           0x00000000   Number         0  stubs.o ABSOLUTE
    _printf_widthprec                        0x00000000   Number         0  stubs.o ABSOLUTE
    _printf_x                                0x00000000   Number         0  stubs.o ABSOLUTE
    __cpp_initialize__aeabi_                  - Undefined Weak Reference
    __cxa_finalize                            - Undefined Weak Reference
    __decompress                              - Undefined Weak Reference
    _clock_init                               - Undefined Weak Reference
    _microlib_exit                            - Undefined Weak Reference
    __Vectors_Size                           0x000000c0   Number         0  startup_py32f003.o ABSOLUTE
    __Vectors                                0x08000000   Data           4  startup_py32f003.o(RESET)
    __Vectors_End                            0x080000c0   Data           0  startup_py32f003.o(RESET)
    __main                                   0x080000c1   Thumb Code     0  entry.o(.ARM.Collect$$$$00000000)
    _main_stk                                0x080000c1   Thumb Code     0  entry2.o(.ARM.Collect$$$$00000001)
    _main_scatterload                        0x080000c5   Thumb Code     0  entry5.o(.ARM.Collect$$$$00000004)
    __main_after_scatterload                 0x080000c9   Thumb Code     0  entry5.o(.ARM.Collect$$$$00000004)
    _main_clock                              0x080000c9   Thumb Code     0  entry7b.o(.ARM.Collect$$$$00000008)
    _main_cpp_init                           0x080000c9   Thumb Code     0  entry8b.o(.ARM.Collect$$$$0000000A)
    _main_init                               0x080000c9   Thumb Code     0  entry9a.o(.ARM.Collect$$$$0000000B)
    __rt_final_cpp                           0x080000d1   Thumb Code     0  entry10a.o(.ARM.Collect$$$$0000000D)
    __rt_final_exit                          0x080000d1   Thumb Code     0  entry11a.o(.ARM.Collect$$$$0000000F)
    Reset_Handler                            0x080000d5   Thumb Code     8  startup_py32f003.o(.text)
    ADC_COMP_IRQHandler                      0x080000e7   Thumb Code     0  startup_py32f003.o(.text)
    DMA1_Channel1_IRQHandler                 0x080000e7   Thumb Code     0  startup_py32f003.o(.text)
    EXTI0_1_IRQHandler                       0x080000e7   Thumb Code     0  startup_py32f003.o(.text)
    EXTI2_3_IRQHandler                       0x080000e7   Thumb Code     0  startup_py32f003.o(.text)
    FLASH_IRQHandler                         0x080000e7   Thumb Code     0  startup_py32f003.o(.text)
    I2C1_IRQHandler                          0x080000e7   Thumb Code     0  startup_py32f003.o(.text)
    LED_IRQHandler                           0x080000e7   Thumb Code     0  startup_py32f003.o(.text)
    LPUART_IRQHandler                        0x080000e7   Thumb Code     0  startup_py32f003.o(.text)
    PVD_IRQHandler                           0x080000e7   Thumb Code     0  startup_py32f003.o(.text)
    RCC_IRQHandler                           0x080000e7   Thumb Code     0  startup_py32f003.o(.text)
    RTC_IRQHandler                           0x080000e7   Thumb Code     0  startup_py32f003.o(.text)
    SPI2_IRQHandler                          0x080000e7   Thumb Code     0  startup_py32f003.o(.text)
    TIM14_IRQHandler                         0x080000e7   Thumb Code     0  startup_py32f003.o(.text)
    TIM16_IRQHandler                         0x080000e7   Thumb Code     0  startup_py32f003.o(.text)
    TIM17_IRQHandler                         0x080000e7   Thumb Code     0  startup_py32f003.o(.text)
    TIM1_BRK_UP_TRG_COM_IRQHandler           0x080000e7   Thumb Code     0  startup_py32f003.o(.text)
    TIM1_CC_IRQHandler                       0x080000e7   Thumb Code     0  startup_py32f003.o(.text)
    TIM3_IRQHandler                          0x080000e7   Thumb Code     0  startup_py32f003.o(.text)
    TIM6_LPTIM_IRQHandler                    0x080000e7   Thumb Code     0  startup_py32f003.o(.text)
    USART1_IRQHandler                        0x080000e7   Thumb Code     0  startup_py32f003.o(.text)
    USART2_IRQHandler                        0x080000e7   Thumb Code     0  startup_py32f003.o(.text)
    WWDG_IRQHandler                          0x080000e7   Thumb Code     0  startup_py32f003.o(.text)
    __aeabi_uidiv                            0x080000f1   Thumb Code     0  uidiv.o(.text)
    __aeabi_uidivmod                         0x080000f1   Thumb Code    44  uidiv.o(.text)
    __aeabi_memcpy                           0x0800011d   Thumb Code    36  memcpya.o(.text)
    __aeabi_memcpy4                          0x0800011d   Thumb Code     0  memcpya.o(.text)
    __aeabi_memcpy8                          0x0800011d   Thumb Code     0  memcpya.o(.text)
    __aeabi_memset                           0x08000141   Thumb Code    14  memseta.o(.text)
    __aeabi_memset4                          0x08000141   Thumb Code     0  memseta.o(.text)
    __aeabi_memset8                          0x08000141   Thumb Code     0  memseta.o(.text)
    __aeabi_memclr                           0x0800014f   Thumb Code     4  memseta.o(.text)
    __aeabi_memclr4                          0x0800014f   Thumb Code     0  memseta.o(.text)
    __aeabi_memclr8                          0x0800014f   Thumb Code     0  memseta.o(.text)
    _memset$wrapper                          0x08000153   Thumb Code    18  memseta.o(.text)
    __aeabi_uread4                           0x08000165   Thumb Code    20  uread4.o(.text)
    __rt_uread4                              0x08000165   Thumb Code     0  uread4.o(.text)
    _uread4                                  0x08000165   Thumb Code     0  uread4.o(.text)
    __aeabi_uldivmod                         0x08000179   Thumb Code    96  uldiv.o(.text)
    __scatterload                            0x080001d9   Thumb Code    28  init.o(.text)
    __scatterload_rt2                        0x080001d9   Thumb Code     0  init.o(.text)
    __aeabi_llsl                             0x080001fd   Thumb Code    32  llshl.o(.text)
    _ll_shift_l                              0x080001fd   Thumb Code     0  llshl.o(.text)
    __aeabi_llsr                             0x0800021d   Thumb Code    34  llushr.o(.text)
    _ll_ushift_r                             0x0800021d   Thumb Code     0  llushr.o(.text)
    ABD_DetectByPeakData                     0x08000241   Thumb Code    64  abd.o(i.ABD_DetectByPeakData)
    ABD_Init                                 0x08000285   Thumb Code    16  abd.o(i.ABD_Init)
    ConfigDfftPeakPara                       0x08000295   Thumb Code    34  radar.o(i.ConfigDfftPeakPara)
    DMA1_Channel2_3_IRQHandler               0x080002bd   Thumb Code    12  py32_it.o(i.DMA1_Channel2_3_IRQHandler)
    DataProc_Init                            0x0800045d   Thumb Code    66  dataprocess.o(i.DataProc_Init)
    DataProc_Recv                            0x080004a9   Thumb Code    76  dataprocess.o(i.DataProc_Recv)
    Delay                                    0x080005c1   Thumb Code     2  platform.o(i.Delay)
    EXTI4_15_IRQHandler                      0x08000645   Thumb Code    16  py32_it.o(i.EXTI4_15_IRQHandler)
    HAL_DMA_Abort_IT                         0x0800071d   Thumb Code    96  py32f003_hal_dma.o(i.HAL_DMA_Abort_IT)
    HAL_DMA_IRQHandler                       0x08000781   Thumb Code   206  py32f003_hal_dma.o(i.HAL_DMA_IRQHandler)
    HAL_DMA_Init                             0x08000855   Thumb Code    88  py32f003_hal_dma.o(i.HAL_DMA_Init)
    HAL_DMA_Start_IT                         0x080008b9   Thumb Code   104  py32f003_hal_dma.o(i.HAL_DMA_Start_IT)
    HAL_Delay                                0x08000921   Thumb Code    32  py32f003_hal.o(i.HAL_Delay)
    HAL_GPIO_Init                            0x08000945   Thumb Code   266  py32f003_hal_gpio.o(i.HAL_GPIO_Init)
    HAL_GPIO_WritePin                        0x08000a59   Thumb Code    12  py32f003_hal_gpio.o(i.HAL_GPIO_WritePin)
    HAL_GetTick                              0x08000a65   Thumb Code     6  py32f003_hal.o(i.HAL_GetTick)
    HAL_I2C_Init                             0x08000a71   Thumb Code   320  py32f003_hal_i2c.o(i.HAL_I2C_Init)
    HAL_I2C_Mem_Read                         0x08000bc9   Thumb Code   518  py32f003_hal_i2c.o(i.HAL_I2C_Mem_Read)
    HAL_I2C_Mem_Write                        0x08000ddd   Thumb Code   274  py32f003_hal_i2c.o(i.HAL_I2C_Mem_Write)
    HAL_I2C_MspInit                          0x08000ef9   Thumb Code   106  py32_i2c.o(i.HAL_I2C_MspInit)
    HAL_IWDG_Init                            0x08000f6d   Thumb Code    74  py32f003_hal_iwdg.o(i.HAL_IWDG_Init)
    HAL_IWDG_Refresh                         0x08000fc5   Thumb Code    10  py32f003_hal_iwdg.o(i.HAL_IWDG_Refresh)
    HAL_IncTick                              0x08000fd5   Thumb Code    12  py32f003_hal.o(i.HAL_IncTick)
    HAL_Init                                 0x08000fe5   Thumb Code    26  py32f003_hal.o(i.HAL_Init)
    HAL_InitTick                             0x08001001   Thumb Code    64  py32f003_hal.o(i.HAL_InitTick)
    HAL_MspInit                              0x08001049   Thumb Code     2  py32f003_hal.o(i.HAL_MspInit)
    HAL_NVIC_EnableIRQ                       0x0800104d   Thumb Code    18  py32f003_hal_cortex.o(i.HAL_NVIC_EnableIRQ)
    HAL_NVIC_SetPriority                     0x08001065   Thumb Code     8  py32f003_hal_cortex.o(i.HAL_NVIC_SetPriority)
    HAL_RCC_GetPCLK1Freq                     0x0800106d   Thumb Code    26  py32f003_hal_rcc.o(i.HAL_RCC_GetPCLK1Freq)
    HAL_SPI_ErrorCallback                    0x08001095   Thumb Code    12  py32_spi.o(i.HAL_SPI_ErrorCallback)
    HAL_SPI_IRQHandler                       0x080010b9   Thumb Code   218  py32f003_hal_spi.o(i.HAL_SPI_IRQHandler)
    HAL_SPI_Init                             0x08001199   Thumb Code   174  py32f003_hal_spi.o(i.HAL_SPI_Init)
    HAL_SPI_MspInit                          0x08001249   Thumb Code   294  py32_spi.o(i.HAL_SPI_MspInit)
    HAL_SPI_Receive_DMA                      0x08001381   Thumb Code   278  py32f003_hal_spi.o(i.HAL_SPI_Receive_DMA)
    HAL_SPI_RxCpltCallback                   0x080014a5   Thumb Code    62  py32_spi.o(i.HAL_SPI_RxCpltCallback)
    HAL_SPI_RxHalfCpltCallback               0x080014f1   Thumb Code     2  py32f003_hal_spi.o(i.HAL_SPI_RxHalfCpltCallback)
    HAL_SPI_TransmitReceive_DMA              0x080014f5   Thumb Code   366  py32f003_hal_spi.o(i.HAL_SPI_TransmitReceive_DMA)
    HAL_SPI_TxRxCpltCallback                 0x08001679   Thumb Code     2  py32f003_hal_spi.o(i.HAL_SPI_TxRxCpltCallback)
    HAL_SPI_TxRxHalfCpltCallback             0x0800167b   Thumb Code     2  py32f003_hal_spi.o(i.HAL_SPI_TxRxHalfCpltCallback)
    HAL_SYSCFG_DMA_Req                       0x0800167d   Thumb Code    10  py32f003_hal.o(i.HAL_SYSCFG_DMA_Req)
    HAL_SYSTICK_Config                       0x0800168d   Thumb Code    38  py32f003_hal_cortex.o(i.HAL_SYSTICK_Config)
    HAL_UART_Init                            0x080016bd   Thumb Code   108  py32f003_hal_uart.o(i.HAL_UART_Init)
    HAL_UART_MspInit                         0x08001729   Thumb Code     2  py32f003_hal_uart.o(i.HAL_UART_MspInit)
    HAL_UART_Transmit                        0x0800172b   Thumb Code   196  py32f003_hal_uart.o(i.HAL_UART_Transmit)
    HardFault_Handler                        0x080017ef   Thumb Code     2  py32_it.o(i.HardFault_Handler)
    I2C_Init                                 0x080017f1   Thumb Code    62  py32_i2c.o(i.I2C_Init)
    I2C_Read                                 0x0800187d   Thumb Code   102  py32_i2c.o(i.I2C_Read)
    I2C_Write                                0x08001c89   Thumb Code    50  py32_i2c.o(i.I2C_Write)
    IWDG_Init                                0x08001cd9   Thumb Code    74  py32_iwdg.o(i.IWDG_Init)
    IWDG_Reload                              0x08001d4d   Thumb Code    22  py32_iwdg.o(i.IWDG_Reload)
    Indicator_RadarDataReceived              0x08001d85   Thumb Code    30  platform.o(i.Indicator_RadarDataReceived)
    IoOutInit                                0x08001da9   Thumb Code    46  py32_gpio.o(i.IoOutInit)
    IoOutOff                                 0x08001de1   Thumb Code    14  py32_gpio.o(i.IoOutOff)
    LED_Init                                 0x08001df5   Thumb Code     2  py32_gpio.o(i.LED_Init)
    LED_Toggle                               0x08001df7   Thumb Code     2  py32_gpio.o(i.LED_Toggle)
    NMI_Handler                              0x08001df9   Thumb Code     2  py32_it.o(i.NMI_Handler)
    PendSV_Handler                           0x08001dfb   Thumb Code     2  py32_it.o(i.PendSV_Handler)
    Platform_Init                            0x08001dfd   Thumb Code    30  platform.o(i.Platform_Init)
    PrintTargetInfo                          0x08001e1d   Thumb Code    58  abd.o(i.PrintTargetInfo)
    Radar_EnterNormalMode                    0x08001e79   Thumb Code    34  radar.o(i.Radar_EnterNormalMode)
    Radar_GetDataType                        0x08001ea1   Thumb Code    56  radar.o(i.Radar_GetDataType)
    Radar_GetDfftPeakSize                    0x08001ed9   Thumb Code    28  radar.o(i.Radar_GetDfftPeakSize)
    Radar_GetOneFrameChirpNum                0x08001ef5   Thumb Code    24  radar.o(i.Radar_GetOneFrameChirpNum)
    Radar_Init                               0x08001f0d   Thumb Code    62  radar.o(i.Radar_Init)
    Radar_PreInit                            0x08001f75   Thumb Code    34  radar.o(i.Radar_PreInit)
    ReplaceSpecialRegs                       0x08001f9d   Thumb Code    96  radar.o(i.ReplaceSpecialRegs)
    SPI1_IRQHandler                          0x08002001   Thumb Code    10  py32_it.o(i.SPI1_IRQHandler)
    SPI_Init                                 0x080021d5   Thumb Code    78  py32_spi.o(i.SPI_Init)
    SVC_Handler                              0x08002319   Thumb Code     2  py32_it.o(i.SVC_Handler)
    SysTick_Handler                          0x0800231b   Thumb Code     8  py32_it.o(i.SysTick_Handler)
    SystemCoreClockUpdate                    0x08002325   Thumb Code     8  system_py32f003_1.o(i.SystemCoreClockUpdate)
    SystemInit                               0x08002335   Thumb Code    30  system_py32f003_1.o(i.SystemInit)
    TspiIoInit                               0x08002361   Thumb Code    48  py32_gpio.o(i.TspiIoInit)
    UART1_GPIO_Init                          0x08002395   Thumb Code   106  py32_uart.o(i.UART1_GPIO_Init)
    UART_AdvFeatureConfig                    0x08002409   Thumb Code    48  py32f003_hal_uart.o(i.UART_AdvFeatureConfig)
    UART_Init                                0x08002439   Thumb Code    38  py32_uart.o(i.UART_Init)
    __0printf$8                              0x0800258d   Thumb Code    24  printf8.o(i.__0printf$8)
    __1printf$8                              0x0800258d   Thumb Code     0  printf8.o(i.__0printf$8)
    __2printf                                0x0800258d   Thumb Code     0  printf8.o(i.__0printf$8)
    __ARM_common_switch8                     0x080025ad   Thumb Code    26  dataprocess.o(i.__ARM_common_switch8)
    __scatterload_copy                       0x0800260d   Thumb Code    14  handlers.o(i.__scatterload_copy)
    __scatterload_null                       0x0800261b   Thumb Code     2  handlers.o(i.__scatterload_null)
    __scatterload_zeroinit                   0x0800261d   Thumb Code    14  handlers.o(i.__scatterload_zeroinit)
    fputc                                    0x08002aa1   Thumb Code    18  py32_uart.o(i.fputc)
    main                                     0x08002abd   Thumb Code    26  main.o(i.main)
    InitRegList                              0x08002ad8   Data         236  radar.o(.constdata)
    RegListNormal                            0x08002be8   Data          40  radar.o(.constdata)
    RegListDfftPeak                          0x08002c10   Data          80  radar.o(.constdata)
    APBPrescTable                            0x08002c60   Data          32  system_py32f003_1.o(.constdata)
    Region$$Table$$Base                      0x08002c80   Number         0  anon$$obj.o(Region$$Table)
    Region$$Table$$Limit                     0x08002ca0   Number         0  anon$$obj.o(Region$$Table)
    RadarPara                                0x20000000   Data           6  dataprocess.o(.data)
    outrange_cnt                             0x20000008   Data           1  abd.o(.data)
    g_ChannelCount                           0x20000020   Data           1  radar.o(.data)
    g_dataRecvFlag                           0x20000024   Data           2  py32_spi.o(.data)
    SystemCoreClock                          0x20000028   Data           4  system_py32f003_1.o(.data)
    uwTickPrio                               0x2000002c   Data           4  py32f003_hal.o(.data)
    uwTickFreq                               0x20000030   Data           4  py32f003_hal.o(.data)
    uwTick                                   0x20000034   Data           4  py32f003_hal.o(.data)
    __stdout                                 0x20000038   Data           4  stdout.o(.data)
    SpiHandle                                0x200000bc   Data         100  py32_spi.o(.bss)
    HdmaCh2                                  0x20000120   Data          68  py32_spi.o(.bss)
    g_dataRecvBuf                            0x20000164   Data         232  py32_spi.o(.bss)
    UartHandle                               0x2000029c   Data          84  py32_uart.o(.bss)
    g_cmdRecv                                0x200002f0   Data         136  py32_uart.o(.bss)
    IwdgHandle                               0x20000378   Data          16  py32_iwdg.o(.bss)
    __initial_sp                             0x20000788   Data           0  startup_py32f003.o(STACK)



==============================================================================

Memory Map of the image

  Image Entry point : 0x080000c1

  Load Region LR_IROM1 (Base: 0x08000000, Size: 0x00002cdc, Max: 0x00004000, ABSOLUTE)

    Execution Region ER_IROM1 (Exec base: 0x08000000, Load base: 0x08000000, Size: 0x00002ca0, Max: 0x00004000, ABSOLUTE)

    Exec Addr    Load Addr    Size         Type   Attr      Idx    E Section Name        Object

    0x08000000   0x08000000   0x000000c0   Data   RO         1050    RESET               startup_py32f003.o
    0x080000c0   0x080000c0   0x00000000   Code   RO         4072  * .ARM.Collect$$$$00000000  mc_p.l(entry.o)
    0x080000c0   0x080000c0   0x00000004   Code   RO         4352    .ARM.Collect$$$$00000001  mc_p.l(entry2.o)
    0x080000c4   0x080000c4   0x00000004   Code   RO         4355    .ARM.Collect$$$$00000004  mc_p.l(entry5.o)
    0x080000c8   0x080000c8   0x00000000   Code   RO         4357    .ARM.Collect$$$$00000008  mc_p.l(entry7b.o)
    0x080000c8   0x080000c8   0x00000000   Code   RO         4359    .ARM.Collect$$$$0000000A  mc_p.l(entry8b.o)
    0x080000c8   0x080000c8   0x00000008   Code   RO         4360    .ARM.Collect$$$$0000000B  mc_p.l(entry9a.o)
    0x080000d0   0x080000d0   0x00000000   Code   RO         4362    .ARM.Collect$$$$0000000D  mc_p.l(entry10a.o)
    0x080000d0   0x080000d0   0x00000000   Code   RO         4364    .ARM.Collect$$$$0000000F  mc_p.l(entry11a.o)
    0x080000d0   0x080000d0   0x00000004   Code   RO         4353    .ARM.Collect$$$$00002712  mc_p.l(entry2.o)
    0x080000d4   0x080000d4   0x0000001c   Code   RO         1051    .text               startup_py32f003.o
    0x080000f0   0x080000f0   0x0000002c   Code   RO         4075    .text               mc_p.l(uidiv.o)
    0x0800011c   0x0800011c   0x00000024   Code   RO         4077    .text               mc_p.l(memcpya.o)
    0x08000140   0x08000140   0x00000024   Code   RO         4079    .text               mc_p.l(memseta.o)
    0x08000164   0x08000164   0x00000014   Code   RO         4344    .text               mc_p.l(uread4.o)
    0x08000178   0x08000178   0x00000060   Code   RO         4367    .text               mc_p.l(uldiv.o)
    0x080001d8   0x080001d8   0x00000024   Code   RO         4382    .text               mc_p.l(init.o)
    0x080001fc   0x080001fc   0x00000020   Code   RO         4384    .text               mc_p.l(llshl.o)
    0x0800021c   0x0800021c   0x00000022   Code   RO         4386    .text               mc_p.l(llushr.o)
    0x0800023e   0x0800023e   0x00000002   PAD
    0x08000240   0x08000240   0x00000044   Code   RO          359    i.ABD_DetectByPeakData  abd.o
    0x08000284   0x08000284   0x00000010   Code   RO          360    i.ABD_Init          abd.o
    0x08000294   0x08000294   0x00000028   Code   RO          478    i.ConfigDfftPeakPara  radar.o
    0x080002bc   0x080002bc   0x00000010   Code   RO          592    i.DMA1_Channel2_3_IRQHandler  py32_it.o
    0x080002cc   0x080002cc   0x00000028   Code   RO         1349    i.DMA_SetConfig     py32f003_hal_dma.o
    0x080002f4   0x080002f4   0x00000068   Code   RO          277    i.DataCopy          dataprocess.o
    0x0800035c   0x0800035c   0x00000100   Code   RO          278    i.DataParse         dataprocess.o
    0x0800045c   0x0800045c   0x0000004c   Code   RO          281    i.DataProc_Init     dataprocess.o
    0x080004a8   0x080004a8   0x0000005c   Code   RO          282    i.DataProc_Recv     dataprocess.o
    0x08000504   0x08000504   0x00000080   Code   RO          283    i.DataProcess       dataprocess.o
    0x08000584   0x08000584   0x0000003c   Code   RO          284    i.DataStateIdParse  dataprocess.o
    0x080005c0   0x080005c0   0x00000002   Code   RO          417    i.Delay             platform.o
    0x080005c2   0x080005c2   0x00000002   PAD
    0x080005c4   0x080005c4   0x00000080   Code   RO          479    i.DumpChipRegValue  radar.o
    0x08000644   0x08000644   0x00000014   Code   RO          594    i.EXTI4_15_IRQHandler  py32_it.o
    0x08000658   0x08000658   0x000000c4   Code   RO          285    i.GetRadarPara      dataprocess.o
    0x0800071c   0x0800071c   0x00000064   Code   RO         1351    i.HAL_DMA_Abort_IT  py32f003_hal_dma.o
    0x08000780   0x08000780   0x000000d4   Code   RO         1355    i.HAL_DMA_IRQHandler  py32f003_hal_dma.o
    0x08000854   0x08000854   0x00000064   Code   RO         1356    i.HAL_DMA_Init      py32f003_hal_dma.o
    0x080008b8   0x080008b8   0x00000068   Code   RO         1360    i.HAL_DMA_Start_IT  py32f003_hal_dma.o
    0x08000920   0x08000920   0x00000024   Code   RO         1098    i.HAL_Delay         py32f003_hal.o
    0x08000944   0x08000944   0x00000114   Code   RO         1639    i.HAL_GPIO_Init     py32f003_hal_gpio.o
    0x08000a58   0x08000a58   0x0000000c   Code   RO         1643    i.HAL_GPIO_WritePin  py32f003_hal_gpio.o
    0x08000a64   0x08000a64   0x0000000c   Code   RO         1102    i.HAL_GetTick       py32f003_hal.o
    0x08000a70   0x08000a70   0x00000158   Code   RO         1713    i.HAL_I2C_Init      py32f003_hal_i2c.o
    0x08000bc8   0x08000bc8   0x00000214   Code   RO         1731    i.HAL_I2C_Mem_Read  py32f003_hal_i2c.o
    0x08000ddc   0x08000ddc   0x0000011c   Code   RO         1734    i.HAL_I2C_Mem_Write  py32f003_hal_i2c.o
    0x08000ef8   0x08000ef8   0x00000074   Code   RO          827    i.HAL_I2C_MspInit   py32_i2c.o
    0x08000f6c   0x08000f6c   0x00000058   Code   RO         2124    i.HAL_IWDG_Init     py32f003_hal_iwdg.o
    0x08000fc4   0x08000fc4   0x00000010   Code   RO         2125    i.HAL_IWDG_Refresh  py32f003_hal_iwdg.o
    0x08000fd4   0x08000fd4   0x00000010   Code   RO         1108    i.HAL_IncTick       py32f003_hal.o
    0x08000fe4   0x08000fe4   0x0000001a   Code   RO         1109    i.HAL_Init          py32f003_hal.o
    0x08000ffe   0x08000ffe   0x00000002   PAD
    0x08001000   0x08001000   0x00000048   Code   RO         1110    i.HAL_InitTick      py32f003_hal.o
    0x08001048   0x08001048   0x00000002   Code   RO         1112    i.HAL_MspInit       py32f003_hal.o
    0x0800104a   0x0800104a   0x00000002   PAD
    0x0800104c   0x0800104c   0x00000018   Code   RO         1253    i.HAL_NVIC_EnableIRQ  py32f003_hal_cortex.o
    0x08001064   0x08001064   0x00000008   Code   RO         1257    i.HAL_NVIC_SetPriority  py32f003_hal_cortex.o
    0x0800106c   0x0800106c   0x00000028   Code   RO         2179    i.HAL_RCC_GetPCLK1Freq  py32f003_hal_rcc.o
    0x08001094   0x08001094   0x00000024   Code   RO          761    i.HAL_SPI_ErrorCallback  py32_spi.o
    0x080010b8   0x080010b8   0x000000e0   Code   RO         2312    i.HAL_SPI_IRQHandler  py32f003_hal_spi.o
    0x08001198   0x08001198   0x000000ae   Code   RO         2313    i.HAL_SPI_Init      py32f003_hal_spi.o
    0x08001246   0x08001246   0x00000002   PAD
    0x08001248   0x08001248   0x00000138   Code   RO          763    i.HAL_SPI_MspInit   py32_spi.o
    0x08001380   0x08001380   0x00000124   Code   RO         2317    i.HAL_SPI_Receive_DMA  py32f003_hal_spi.o
    0x080014a4   0x080014a4   0x0000004c   Code   RO          764    i.HAL_SPI_RxCpltCallback  py32_spi.o
    0x080014f0   0x080014f0   0x00000002   Code   RO         2320    i.HAL_SPI_RxHalfCpltCallback  py32f003_hal_spi.o
    0x080014f2   0x080014f2   0x00000002   PAD
    0x080014f4   0x080014f4   0x00000184   Code   RO         2323    i.HAL_SPI_TransmitReceive_DMA  py32f003_hal_spi.o
    0x08001678   0x08001678   0x00000002   Code   RO         2329    i.HAL_SPI_TxRxCpltCallback  py32f003_hal_spi.o
    0x0800167a   0x0800167a   0x00000002   Code   RO         2330    i.HAL_SPI_TxRxHalfCpltCallback  py32f003_hal_spi.o
    0x0800167c   0x0800167c   0x00000010   Code   RO         1114    i.HAL_SYSCFG_DMA_Req  py32f003_hal.o
    0x0800168c   0x0800168c   0x00000030   Code   RO         1261    i.HAL_SYSTICK_Config  py32f003_hal_cortex.o
    0x080016bc   0x080016bc   0x0000006c   Code   RO         3593    i.HAL_UART_Init     py32f003_hal_uart.o
    0x08001728   0x08001728   0x00000002   Code   RO         3595    i.HAL_UART_MspInit  py32f003_hal_uart.o
    0x0800172a   0x0800172a   0x000000c4   Code   RO         3601    i.HAL_UART_Transmit  py32f003_hal_uart.o
    0x080017ee   0x080017ee   0x00000002   Code   RO          595    i.HardFault_Handler  py32_it.o
    0x080017f0   0x080017f0   0x00000058   Code   RO          828    i.I2C_Init          py32_i2c.o
    0x08001848   0x08001848   0x00000034   Code   RO         1755    i.I2C_IsAcknowledgeFailed  py32f003_hal_i2c.o
    0x0800187c   0x0800187c   0x00000084   Code   RO          829    i.I2C_Read          py32_i2c.o
    0x08001900   0x08001900   0x000000f0   Code   RO         1764    i.I2C_RequestMemoryRead  py32f003_hal_i2c.o
    0x080019f0   0x080019f0   0x000000ac   Code   RO         1765    i.I2C_RequestMemoryWrite  py32f003_hal_i2c.o
    0x08001a9c   0x08001a9c   0x0000004e   Code   RO         1768    i.I2C_WaitOnBTFFlagUntilTimeout  py32f003_hal_i2c.o
    0x08001aea   0x08001aea   0x00000064   Code   RO         1769    i.I2C_WaitOnFlagUntilTimeout  py32f003_hal_i2c.o
    0x08001b4e   0x08001b4e   0x00000002   PAD
    0x08001b50   0x08001b50   0x0000008c   Code   RO         1770    i.I2C_WaitOnMasterAddressFlagUntilTimeout  py32f003_hal_i2c.o
    0x08001bdc   0x08001bdc   0x0000005e   Code   RO         1771    i.I2C_WaitOnRXNEFlagUntilTimeout  py32f003_hal_i2c.o
    0x08001c3a   0x08001c3a   0x0000004e   Code   RO         1772    i.I2C_WaitOnTXEFlagUntilTimeout  py32f003_hal_i2c.o
    0x08001c88   0x08001c88   0x00000050   Code   RO          830    i.I2C_Write         py32_i2c.o
    0x08001cd8   0x08001cd8   0x00000074   Code   RO         1017    i.IWDG_Init         py32_iwdg.o
    0x08001d4c   0x08001d4c   0x00000038   Code   RO         1018    i.IWDG_Reload       py32_iwdg.o
    0x08001d84   0x08001d84   0x00000024   Code   RO          420    i.Indicator_RadarDataReceived  platform.o
    0x08001da8   0x08001da8   0x00000038   Code   RO          690    i.IoOutInit         py32_gpio.o
    0x08001de0   0x08001de0   0x00000014   Code   RO          691    i.IoOutOff          py32_gpio.o
    0x08001df4   0x08001df4   0x00000002   Code   RO          693    i.LED_Init          py32_gpio.o
    0x08001df6   0x08001df6   0x00000002   Code   RO          696    i.LED_Toggle        py32_gpio.o
    0x08001df8   0x08001df8   0x00000002   Code   RO          597    i.NMI_Handler       py32_it.o
    0x08001dfa   0x08001dfa   0x00000002   Code   RO          598    i.PendSV_Handler    py32_it.o
    0x08001dfc   0x08001dfc   0x0000001e   Code   RO          423    i.Platform_Init     platform.o
    0x08001e1a   0x08001e1a   0x00000002   PAD
    0x08001e1c   0x08001e1c   0x0000005c   Code   RO          363    i.PrintTargetInfo   abd.o
    0x08001e78   0x08001e78   0x00000028   Code   RO          480    i.Radar_EnterNormalMode  radar.o
    0x08001ea0   0x08001ea0   0x00000038   Code   RO          482    i.Radar_GetDataType  radar.o
    0x08001ed8   0x08001ed8   0x0000001c   Code   RO          485    i.Radar_GetDfftPeakSize  radar.o
    0x08001ef4   0x08001ef4   0x00000018   Code   RO          486    i.Radar_GetOneFrameChirpNum  radar.o
    0x08001f0c   0x08001f0c   0x00000068   Code   RO          489    i.Radar_Init        radar.o
    0x08001f74   0x08001f74   0x00000028   Code   RO          490    i.Radar_PreInit     radar.o
    0x08001f9c   0x08001f9c   0x00000064   Code   RO          491    i.ReplaceSpecialRegs  radar.o
    0x08002000   0x08002000   0x00000010   Code   RO          599    i.SPI1_IRQHandler   py32_it.o
    0x08002010   0x08002010   0x00000012   Code   RO         2340    i.SPI_DMAAbortOnError  py32f003_hal_spi.o
    0x08002022   0x08002022   0x00000022   Code   RO         2341    i.SPI_DMAError      py32f003_hal_spi.o
    0x08002044   0x08002044   0x0000000a   Code   RO         2342    i.SPI_DMAHalfReceiveCplt  py32f003_hal_spi.o
    0x0800204e   0x0800204e   0x0000000a   Code   RO         2344    i.SPI_DMAHalfTransmitReceiveCplt  py32f003_hal_spi.o
    0x08002058   0x08002058   0x00000058   Code   RO         2345    i.SPI_DMAReceiveCplt  py32f003_hal_spi.o
    0x080020b0   0x080020b0   0x0000005e   Code   RO         2348    i.SPI_DMATransmitReceiveCplt  py32f003_hal_spi.o
    0x0800210e   0x0800210e   0x00000078   Code   RO         2350    i.SPI_EndRxTransaction  py32f003_hal_spi.o
    0x08002186   0x08002186   0x0000004c   Code   RO         2351    i.SPI_EndRxTxTransaction  py32f003_hal_spi.o
    0x080021d2   0x080021d2   0x00000002   PAD
    0x080021d4   0x080021d4   0x0000005c   Code   RO          766    i.SPI_Init          py32_spi.o
    0x08002230   0x08002230   0x00000076   Code   RO         2356    i.SPI_WaitFifoStateUntilTimeout  py32f003_hal_spi.o
    0x080022a6   0x080022a6   0x00000072   Code   RO         2357    i.SPI_WaitFlagStateUntilTimeout  py32f003_hal_spi.o
    0x08002318   0x08002318   0x00000002   Code   RO          600    i.SVC_Handler       py32_it.o
    0x0800231a   0x0800231a   0x00000008   Code   RO          601    i.SysTick_Handler   py32_it.o
    0x08002322   0x08002322   0x00000002   PAD
    0x08002324   0x08002324   0x00000010   Code   RO         1057    i.SystemCoreClockUpdate  system_py32f003_1.o
    0x08002334   0x08002334   0x0000002c   Code   RO         1058    i.SystemInit        system_py32f003_1.o
    0x08002360   0x08002360   0x00000034   Code   RO          697    i.TspiIoInit        py32_gpio.o
    0x08002394   0x08002394   0x00000074   Code   RO          871    i.UART1_GPIO_Init   py32_uart.o
    0x08002408   0x08002408   0x00000030   Code   RO         3606    i.UART_AdvFeatureConfig  py32f003_hal_uart.o
    0x08002438   0x08002438   0x00000030   Code   RO          873    i.UART_Init         py32_uart.o
    0x08002468   0x08002468   0x000000c4   Code   RO         3620    i.UART_SetConfig    py32f003_hal_uart.o
    0x0800252c   0x0800252c   0x00000060   Code   RO         3622    i.UART_WaitOnFlagUntilTimeout  py32f003_hal_uart.o
    0x0800258c   0x0800258c   0x00000020   Code   RO         4290    i.__0printf$8       mc_p.l(printf8.o)
    0x080025ac   0x080025ac   0x0000001a   Code   RO          344    i.__ARM_common_switch8  dataprocess.o
    0x080025c6   0x080025c6   0x00000002   PAD
    0x080025c8   0x080025c8   0x00000044   Code   RO         1263    i.__NVIC_SetPriority  py32f003_hal_cortex.o
    0x0800260c   0x0800260c   0x0000000e   Code   RO         4396    i.__scatterload_copy  mc_p.l(handlers.o)
    0x0800261a   0x0800261a   0x00000002   Code   RO         4397    i.__scatterload_null  mc_p.l(handlers.o)
    0x0800261c   0x0800261c   0x0000000e   Code   RO         4398    i.__scatterload_zeroinit  mc_p.l(handlers.o)
    0x0800262a   0x0800262a   0x00000002   PAD
    0x0800262c   0x0800262c   0x00000428   Code   RO         4297    i._printf_core      mc_p.l(printf8.o)
    0x08002a54   0x08002a54   0x00000020   Code   RO         4298    i._printf_post_padding  mc_p.l(printf8.o)
    0x08002a74   0x08002a74   0x0000002c   Code   RO         4299    i._printf_pre_padding  mc_p.l(printf8.o)
    0x08002aa0   0x08002aa0   0x0000001c   Code   RO          875    i.fputc             py32_uart.o
    0x08002abc   0x08002abc   0x0000001a   Code   RO            3    i.main              main.o
    0x08002ad6   0x08002ad6   0x00000002   PAD
    0x08002ad8   0x08002ad8   0x00000188   Data   RO          492    .constdata          radar.o
    0x08002c60   0x08002c60   0x00000020   Data   RO         1060    .constdata          system_py32f003_1.o
    0x08002c80   0x08002c80   0x00000020   Data   RO         4394    Region$$Table       anon$$obj.o


    Execution Region RW_IRAM1 (Exec base: 0x20000000, Load base: 0x08002ca0, Size: 0x00000788, Max: 0x00000800, ABSOLUTE)

    Exec Addr    Load Addr    Size         Type   Attr      Idx    E Section Name        Object

    0x20000000   0x08002ca0   0x00000006   Data   RW          288    .data               dataprocess.o
    0x20000006   0x08002ca6   0x00000002   PAD
    0x20000008   0x08002ca8   0x00000014   Data   RW          368    .data               abd.o
    0x2000001c   0x08002cbc   0x00000004   Data   RW          424    .data               platform.o
    0x20000020   0x08002cc0   0x00000001   Data   RW          493    .data               radar.o
    0x20000021   0x08002cc1   0x00000001   PAD
    0x20000022   0x08002cc2   0x00000004   Data   RW          768    .data               py32_spi.o
    0x20000026   0x08002cc6   0x00000002   PAD
    0x20000028   0x08002cc8   0x00000004   Data   RW         1061    .data               system_py32f003_1.o
    0x2000002c   0x08002ccc   0x0000000c   Data   RW         1117    .data               py32f003_hal.o
    0x20000038   0x08002cd8   0x00000004   Data   RW         4366    .data               mc_p.l(stdout.o)
    0x2000003c        -       0x0000007e   Zero   RW          287    .bss                dataprocess.o
    0x200000ba   0x08002cdc   0x00000002   PAD
    0x200000bc        -       0x00000190   Zero   RW          767    .bss                py32_spi.o
    0x2000024c        -       0x00000050   Zero   RW          831    .bss                py32_i2c.o
    0x2000029c        -       0x000000dc   Zero   RW          876    .bss                py32_uart.o
    0x20000378        -       0x00000010   Zero   RW         1019    .bss                py32_iwdg.o
    0x20000388        -       0x00000400   Zero   RW         1048    STACK               startup_py32f003.o


==============================================================================

Image component sizes


      Code (inc. data)   RO Data    RW Data    ZI Data      Debug   Object Name

       176         38          0         20          0       4408   abd.o
       938        206          0          6        126       8869   dataprocess.o
        26          0          0          0          0     228147   main.o
        68          6          0          4          0       2380   platform.o
       132         20          0          0          0       3804   py32_gpio.o
       416         96          0          0         80       4748   py32_i2c.o
        68         14          0          0          0       8504   py32_it.o
       172         76          0          0         16       2139   py32_iwdg.o
       516         70          0          4        400       4215   py32_spi.o
       192         30          0          0        220       5654   py32_uart.o
       180         28          0         12          0       5880   py32f003_hal.o
       148         24          0          0          0      11113   py32f003_hal_cortex.o
       556         22          0          0          0       5082   py32f003_hal_dma.o
       288         10          0          0          0       2760   py32f003_hal_gpio.o
      2114         70          0          0          0      14302   py32f003_hal_i2c.o
       104         20          0          0          0       2155   py32f003_hal_iwdg.o
        40         14          0          0          0       9533   py32f003_hal_rcc.o
      1766         42          0          0          0      15211   py32f003_hal_spi.o
       646          4          0          0          0       6219   py32f003_hal_uart.o
       560         98        392          1          0      10382   radar.o
        28          8        192          0       1024        788   startup_py32f003.o
        60         22         32          4          0       2427   system_py32f003_1.o

    ----------------------------------------------------------------------
      9216        918        648         56       1868     358720   Object Totals
         0          0         32          0          0          0   (incl. Generated)
        22          0          0          5          2          0   (incl. Padding)

    ----------------------------------------------------------------------

      Code (inc. data)   RO Data    RW Data    ZI Data      Debug   Library Member Name

         0          0          0          0          0          0   entry.o
         0          0          0          0          0          0   entry10a.o
         0          0          0          0          0          0   entry11a.o
         8          4          0          0          0          0   entry2.o
         4          0          0          0          0          0   entry5.o
         0          0          0          0          0          0   entry7b.o
         0          0          0          0          0          0   entry8b.o
         8          4          0          0          0          0   entry9a.o
        30          0          0          0          0          0   handlers.o
        36          8          0          0          0         68   init.o
        32          0          0          0          0         68   llshl.o
        34          0          0          0          0         68   llushr.o
        36          0          0          0          0         60   memcpya.o
        36          0          0          0          0        100   memseta.o
      1172         52          0          0          0        324   printf8.o
         0          0          0          4          0          0   stdout.o
        44          0          0          0          0         72   uidiv.o
        96          0          0          0          0         84   uldiv.o
        20          0          0          0          0         60   uread4.o

    ----------------------------------------------------------------------
      1560         68          0          4          0        904   Library Totals
         4          0          0          0          0          0   (incl. Padding)

    ----------------------------------------------------------------------

      Code (inc. data)   RO Data    RW Data    ZI Data      Debug   Library Name

      1556         68          0          4          0        904   mc_p.l

    ----------------------------------------------------------------------
      1560         68          0          4          0        904   Library Totals

    ----------------------------------------------------------------------

==============================================================================


      Code (inc. data)   RO Data    RW Data    ZI Data      Debug   

     10776        986        648         60       1868     354848   Grand Totals
     10776        986        648         60       1868     354848   ELF Image Totals
     10776        986        648         60          0          0   ROM Totals

==============================================================================

    Total RO  Size (Code + RO Data)                11424 (  11.16kB)
    Total RW  Size (RW Data + ZI Data)              1928 (   1.88kB)
    Total ROM Size (Code + RO Data + RW Data)      11484 (  11.21kB)

==============================================================================

