Component: ARM Compiler 5.06 update 6 (build 750) Tool: armlink [4d35ed]

==============================================================================

Section Cross References

    cmdprocess.o(i.AckSend) refers to mm32_uart.o(i.UART_DirectSend) for UART_DirectSend
    cmdprocess.o(i.AckSend) refers to cmdprocess.o(.bss) for .bss
    cmdprocess.o(i.CmdExec) refers to cmdprocess.o(i.__ARM_common_switch8) for __ARM_common_switch8
    cmdprocess.o(i.CmdExec) refers to config.o(i.Config_SavePara2Flash) for Config_SavePara2Flash
    cmdprocess.o(i.CmdExec) refers to system.o(i.System_Reconfig) for System_Reconfig
    cmdprocess.o(i.CmdExec) refers to cmdprocess.o(i.FillCmdAck) for FillCmdAck
    cmdprocess.o(i.CmdExec) refers to cmdprocess.o(i.AckSend) for AckSend
    cmdprocess.o(i.CmdExec) refers to platform.o(i.Delay) for Delay
    cmdprocess.o(i.CmdExec) refers to cmdprocess.o(i.DoWriteReg) for DoWriteReg
    cmdprocess.o(i.CmdExec) refers to cmdprocess.o(i.DoReadReg) for DoReadReg
    cmdprocess.o(i.CmdExec) refers to cmdprocess.o(i.DoWritePara) for DoWritePara
    cmdprocess.o(i.CmdExec) refers to cmdprocess.o(i.DoReadPara) for DoReadPara
    cmdprocess.o(i.CmdExec) refers to config.o(i.Config_GetSN) for Config_GetSN
    cmdprocess.o(i.CmdExec) refers to cmdprocess.o(.constdata) for .constdata
    cmdprocess.o(i.CmdExec) refers to cmdprocess.o(.data) for .data
    cmdprocess.o(i.CmdProc_AdcReset) refers to platform.o(i.Delay) for Delay
    cmdprocess.o(i.CmdProc_AdcReset) refers to mm32_i2c.o(i.I2C_Write) for I2C_Write
    cmdprocess.o(i.CmdProc_AdcReset) refers to mm32_i2c.o(i.I2C_Read) for I2C_Read
    cmdprocess.o(i.CmdProc_AdcReset) refers to cmdprocess.o(.data) for .data
    cmdprocess.o(i.CmdProc_InCmdMode) refers to cmdprocess.o(.data) for .data
    cmdprocess.o(i.CmdProc_Init) refers to memseta.o(.text) for __aeabi_memclr
    cmdprocess.o(i.CmdProc_Init) refers to mm32_uart.o(.bss) for g_cmdRecv
    cmdprocess.o(i.CmdProc_Recv) refers to cmdprocess.o(i.CmdProcess) for CmdProcess
    cmdprocess.o(i.CmdProc_Recv) refers to mm32_uart.o(.bss) for g_cmdRecv
    cmdprocess.o(i.CmdProcess) refers to cmdprocess.o(i.__ARM_common_switch8) for __ARM_common_switch8
    cmdprocess.o(i.CmdProcess) refers to cmdprocess.o(i.CmdExec) for CmdExec
    cmdprocess.o(i.CmdProcess) refers to cmdprocess.o(.bss) for .bss
    cmdprocess.o(i.DoReadPara) refers to cmdprocess.o(i.MTT_ParaRead) for MTT_ParaRead
    cmdprocess.o(i.DoReadPara) refers to system.o(i.System_ParaRead) for System_ParaRead
    cmdprocess.o(i.DoReadPara) refers to radar.o(i.PEAK_ParaRead) for PEAK_ParaRead
    cmdprocess.o(i.DoReadPara) refers to cmdprocess.o(i.FillCmdAck) for FillCmdAck
    cmdprocess.o(i.DoReadPara) refers to cmdprocess.o(.data) for .data
    cmdprocess.o(i.DoReadPara) refers to cmdprocess.o(.bss) for .bss
    cmdprocess.o(i.DoReadReg) refers to mm32_i2c.o(i.I2C_Read) for I2C_Read
    cmdprocess.o(i.DoReadReg) refers to cmdprocess.o(i.FillCmdAck) for FillCmdAck
    cmdprocess.o(i.DoReadReg) refers to cmdprocess.o(.data) for .data
    cmdprocess.o(i.DoReadReg) refers to cmdprocess.o(.bss) for .bss
    cmdprocess.o(i.DoWritePara) refers to uidiv.o(.text) for __aeabi_uidivmod
    cmdprocess.o(i.DoWritePara) refers to uread4.o(.text) for __aeabi_uread4
    cmdprocess.o(i.DoWritePara) refers to cmdprocess.o(i.MTT_ParaUpdate) for MTT_ParaUpdate
    cmdprocess.o(i.DoWritePara) refers to system.o(i.System_ParaUpdate) for System_ParaUpdate
    cmdprocess.o(i.DoWritePara) refers to config.o(i.Config_NeedFlashWrite) for Config_NeedFlashWrite
    cmdprocess.o(i.DoWritePara) refers to radar.o(i.PEAK_ParaUpdate) for PEAK_ParaUpdate
    cmdprocess.o(i.DoWritePara) refers to abd.o(i.ABD_ParaUpdate) for ABD_ParaUpdate
    cmdprocess.o(i.DoWritePara) refers to cmdprocess.o(i.FillCmdAck) for FillCmdAck
    cmdprocess.o(i.DoWritePara) refers to cmdprocess.o(.data) for .data
    cmdprocess.o(i.DoWriteReg) refers to mm32_i2c.o(i.I2C_Write) for I2C_Write
    cmdprocess.o(i.DoWriteReg) refers to radar.o(i.Radar_UpdateReg) for Radar_UpdateReg
    cmdprocess.o(i.DoWriteReg) refers to mm32_i2c.o(i.I2C_Read) for I2C_Read
    cmdprocess.o(i.DoWriteReg) refers to cmdprocess.o(i.FillCmdAck) for FillCmdAck
    cmdprocess.o(i.DoWriteReg) refers to cmdprocess.o(.data) for .data
    cmdprocess.o(i.FillCmdAck) refers to memcpya.o(.text) for __aeabi_memcpy
    cmdprocess.o(i.FillCmdAck) refers to cmdprocess.o(.bss) for .bss
    cmdprocess.o(i.FillCmdAck) refers to cmdprocess.o(.constdata) for .constdata
    config.o(i.Config_EarseFlashData) refers to mm32_flash.o(i.Flash_ErasePage) for Flash_ErasePage
    config.o(i.Config_Init) refers to radar.o(i.Radar_GetRadarParaAddr) for Radar_GetRadarParaAddr
    config.o(i.Config_Init) refers to radar.o(i.Radar_GetRadarParaLen) for Radar_GetRadarParaLen
    config.o(i.Config_Init) refers to system.o(i.System_ParaInit) for System_ParaInit
[...]
    ..\\..\\App\\common\\src\\dataprocess.c  0x00000000   Number         0  dataprocess.o ABSOLUTE
    ..\\..\\App\\common\\src\\main.c         0x00000000   Number         0  main.o ABSOLUTE
    ..\\..\\App\\common\\src\\system.c       0x00000000   Number         0  system.o ABSOLUTE
    ..\\..\\App\\common\\src\\utilities.c    0x00000000   Number         0  utilities.o ABSOLUTE
    ..\\..\\Driver\\mm32f0010\\peripheral\\src\\hal_adc.c 0x00000000   Number         0  hal_adc.o ABSOLUTE
    ..\\..\\Driver\\mm32f0010\\peripheral\\src\\hal_crc.c 0x00000000   Number         0  hal_crc.o ABSOLUTE
    ..\\..\\Driver\\mm32f0010\\peripheral\\src\\hal_dbg.c 0x00000000   Number         0  hal_dbg.o ABSOLUTE
    ..\\..\\Driver\\mm32f0010\\peripheral\\src\\hal_exti.c 0x00000000   Number         0  hal_exti.o ABSOLUTE
    ..\\..\\Driver\\mm32f0010\\peripheral\\src\\hal_flash.c 0x00000000   Number         0  hal_flash.o ABSOLUTE
    ..\\..\\Driver\\mm32f0010\\peripheral\\src\\hal_gpio.c 0x00000000   Number         0  hal_gpio.o ABSOLUTE
    ..\\..\\Driver\\mm32f0010\\peripheral\\src\\hal_i2c.c 0x00000000   Number         0  hal_i2c.o ABSOLUTE
    ..\\..\\Driver\\mm32f0010\\peripheral\\src\\hal_iwdg.c 0x00000000   Number         0  hal_iwdg.o ABSOLUTE
    ..\\..\\Driver\\mm32f0010\\peripheral\\src\\hal_misc.c 0x00000000   Number         0  hal_misc.o ABSOLUTE
    ..\\..\\Driver\\mm32f0010\\peripheral\\src\\hal_pwr.c 0x00000000   Number         0  hal_pwr.o ABSOLUTE
    ..\\..\\Driver\\mm32f0010\\peripheral\\src\\hal_rcc.c 0x00000000   Number         0  hal_rcc.o ABSOLUTE
    ..\\..\\Driver\\mm32f0010\\peripheral\\src\\hal_spi.c 0x00000000   Number         0  hal_spi.o ABSOLUTE
    ..\\..\\Driver\\mm32f0010\\peripheral\\src\\hal_tim.c 0x00000000   Number         0  hal_tim.o ABSOLUTE
    ..\\..\\Driver\\mm32f0010\\peripheral\\src\\hal_uart.c 0x00000000   Number         0  hal_uart.o ABSOLUTE
    ..\\..\\Driver\\mm32f0010\\peripheral\\src\\hal_uid.c 0x00000000   Number         0  hal_uid.o ABSOLUTE
    ..\\..\\Driver\\mm32f0010\\peripheral\\src\\hal_ver.c 0x00000000   Number         0  hal_ver.o ABSOLUTE
    ..\\..\\Driver\\mm32f0010\\peripheral\\src\\hal_wwdg.c 0x00000000   Number         0  hal_wwdg.o ABSOLUTE
    ..\\..\\Driver\\mm32f0010\\startup\\src\\system_mm32f0010.c 0x00000000   Number         0  system_mm32f0010.o ABSOLUTE
    ..\\..\\Middleware\\common\\src\\platform.c 0x00000000   Number         0  platform.o ABSOLUTE
    ..\\..\\Middleware\\common\\src\\radar.c 0x00000000   Number         0  radar.o ABSOLUTE
    ..\\..\\Middleware\\platform\\mm32\\src\\mm32_flash.c 0x00000000   Number         0  mm32_flash.o ABSOLUTE
    ..\\..\\Middleware\\platform\\mm32\\src\\mm32_gpio.c 0x00000000   Number         0  mm32_gpio.o ABSOLUTE
    ..\\..\\Middleware\\platform\\mm32\\src\\mm32_i2c.c 0x00000000   Number         0  mm32_i2c.o ABSOLUTE
    ..\\..\\Middleware\\platform\\mm32\\src\\mm32_it.c 0x00000000   Number         0  mm32_it.o ABSOLUTE
    ..\\..\\Middleware\\platform\\mm32\\src\\mm32_iwdg.c 0x00000000   Number         0  mm32_iwdg.o ABSOLUTE
    ..\\..\\Middleware\\platform\\mm32\\src\\mm32_spi.c 0x00000000   Number         0  mm32_spi.o ABSOLUTE
    ..\\..\\Middleware\\platform\\mm32\\src\\mm32_systick.c 0x00000000   Number         0  mm32_systick.o ABSOLUTE
    ..\\..\\Middleware\\platform\\mm32\\src\\mm32_uart.c 0x00000000   Number         0  mm32_uart.o ABSOLUTE
    cdrcmple.s                               0x00000000   Number         0  cdrcmple.o ABSOLUTE
    dc.s                                     0x00000000   Number         0  dc.o ABSOLUTE
    handlers.s                               0x00000000   Number         0  handlers.o ABSOLUTE
    init.s                                   0x00000000   Number         0  init.o ABSOLUTE
    RESET                                    0x08000000   Section      180  startup_mm32f0010_keil.o(RESET)
    .ARM.Collect$$$$00000000                 0x080000b4   Section        0  entry.o(.ARM.Collect$$$$00000000)
    .ARM.Collect$$$$00000001                 0x080000b4   Section        4  entry2.o(.ARM.Collect$$$$00000001)
    .ARM.Collect$$$$00000004                 0x080000b8   Section        4  entry5.o(.ARM.Collect$$$$00000004)
    .ARM.Collect$$$$00000008                 0x080000bc   Section        0  entry7b.o(.ARM.Collect$$$$00000008)
    .ARM.Collect$$$$0000000A                 0x080000bc   Section        0  entry8b.o(.ARM.Collect$$$$0000000A)
    .ARM.Collect$$$$0000000B                 0x080000bc   Section        8  entry9a.o(.ARM.Collect$$$$0000000B)
    .ARM.Collect$$$$0000000D                 0x080000c4   Section        0  entry10a.o(.ARM.Collect$$$$0000000D)
    .ARM.Collect$$$$0000000F                 0x080000c4   Section        0  entry11a.o(.ARM.Collect$$$$0000000F)
    .ARM.Collect$$$$00002712                 0x080000c4   Section        4  entry2.o(.ARM.Collect$$$$00002712)
    __lit__00000000                          0x080000c4   Data           4  entry2.o(.ARM.Collect$$$$00002712)
    .text                                    0x080000c8   Section       96  startup_mm32f0010_keil.o(.text)
    .text                                    0x08000128   Section        0  uidiv.o(.text)
    .text                                    0x08000154   Section        0  memcpya.o(.text)
    .text                                    0x08000178   Section        0  memseta.o(.text)
    .text                                    0x0800019c   Section        0  uread4.o(.text)
    .text                                    0x080001b0   Section        0  fmul.o(.text)
    .text                                    0x0800022a   Section        0  ffltui.o(.text)
    .text                                    0x08000238   Section        0  ffixui.o(.text)
    .text                                    0x08000260   Section        0  uldiv.o(.text)
    .text                                    0x080002c0   Section        0  fepilogue.o(.text)
    .text                                    0x080002c0   Section        0  iusefp.o(.text)
    .text                                    0x08000344   Section       36  init.o(.text)
    .text                                    0x08000368   Section        0  llshl.o(.text)
    .text                                    0x08000388   Section        0  llushr.o(.text)
    .text                                    0x080003aa   Section        0  __dczerorl2.o(.text)
    i.ABD_DetectByPeakData                   0x08000400   Section        0  abd.o(i.ABD_DetectByPeakData)
    i.ABD_GetParaAddr                        0x080005b0   Section        0  abd.o(i.ABD_GetParaAddr)
    i.ABD_GetParaLen                         0x080005b8   Section        0  abd.o(i.ABD_GetParaLen)
    i.ABD_Init                               0x080005bc   Section        0  abd.o(i.ABD_Init)
    i.ABD_ParaUpdate                         0x080005cc   Section        0  abd.o(i.ABD_ParaUpdate)
    i.AckSend                                0x0800060c   Section        0  cmdprocess.o(i.AckSend)
    AckSend                                  0x0800060d   Thumb Code    16  cmdprocess.o(i.AckSend)
    i.BusFault_Handler                       0x08000620   Section        0  mm32_it.o(i.BusFault_Handler)
    i.CheckChirpIndex                        0x08000624   Section        0  dataprocess.o(i.CheckChirpIndex)
    CheckChirpIndex                          0x08000625   Thumb Code    78  dataprocess.o(i.CheckChirpIndex)
    i.CmdExec                                0x08000678   Section        0  cmdprocess.o(i.CmdExec)
    CmdExec                                  0x08000679   Thumb Code   260  cmdprocess.o(i.CmdExec)
    i.CmdProc_AdcReset                       0x08000790   Section        0  cmdprocess.o(i.CmdProc_AdcReset)
    i.CmdProc_InCmdMode                      0x080007d4   Section        0  cmdprocess.o(i.CmdProc_InCmdMode)
    i.CmdProc_Init                           0x080007e0   Section        0  cmdprocess.o(i.CmdProc_Init)
    i.CmdProc_Recv                           0x080007f0   Section        0  cmdprocess.o(i.CmdProc_Recv)
    i.CmdProcess                             0x08000814   Section        0  cmdprocess.o(i.CmdProcess)
    CmdProcess                               0x08000815   Thumb Code   214  cmdprocess.o(i.CmdProcess)
    i.ConfigDfftPeakPara                     0x080008f0   Section        0  radar.o(i.ConfigDfftPeakPara)
    i.Config_EarseFlashData                  0x0800098c   Section        0  config.o(i.Config_EarseFlashData)
    i.Config_GetSN                           0x0800099c   Section        0  config.o(i.Config_GetSN)
    i.Config_Init                            0x080009a8   Section        0  config.o(i.Config_Init)
    i.Config_NeedFlashWrite                  0x08000a80   Section        0  config.o(i.Config_NeedFlashWrite)
    i.Config_RetrieveFlashData               0x08000a8c   Section        0  config.o(i.Config_RetrieveFlashData)
    i.Config_SavePara2Flash                  0x08000b58   Section        0  config.o(i.Config_SavePara2Flash)
    i.Config_WriteData2Flash                 0x08000b70   Section        0  config.o(i.Config_WriteData2Flash)
    i.DataCopy                               0x08000bc8   Section        0  dataprocess.o(i.DataCopy)
    DataCopy                                 0x08000bc9   Thumb Code    92  dataprocess.o(i.DataCopy)
    i.DataParse                              0x08000c2c   Section        0  dataprocess.o(i.DataParse)
    DataParse                                0x08000c2d   Thumb Code   228  dataprocess.o(i.DataParse)
    i.DataProc_GetRadarDataLen               0x08000d14   Section        0  dataprocess.o(i.DataProc_GetRadarDataLen)
    i.DataProc_Init                          0x08000d20   Section        0  dataprocess.o(i.DataProc_Init)
    i.DataProc_NeedReconfig                  0x08000da0   Section        0  dataprocess.o(i.DataProc_NeedReconfig)
    i.DataProc_Recv                          0x08000e34   Section        0  dataprocess.o(i.DataProc_Recv)
    i.DataProc_Send                          0x08000e94   Section        0  dataprocess.o(i.DataProc_Send)
    i.DataProcess                            0x08000e98   Section        0  dataprocess.o(i.DataProcess)
    DataProcess                              0x08000e99   Thumb Code   176  dataprocess.o(i.DataProcess)
    i.DataStateIdParse                       0x08000f64   Section        0  dataprocess.o(i.DataStateIdParse)
    DataStateIdParse                         0x08000f65   Thumb Code   106  dataprocess.o(i.DataStateIdParse)
    i.DataStateIndex1Parse                   0x08000fd8   Section        0  dataprocess.o(i.DataStateIndex1Parse)
    DataStateIndex1Parse                     0x08000fd9   Thumb Code    62  dataprocess.o(i.DataStateIndex1Parse)
    i.DataStateIndex2Parse                   0x08001020   Section        0  dataprocess.o(i.DataStateIndex2Parse)
    DataStateIndex2Parse                     0x08001021   Thumb Code    46  dataprocess.o(i.DataStateIndex2Parse)
    i.DataStateTail3Parse                    0x08001058   Section        0  dataprocess.o(i.DataStateTail3Parse)
    DataStateTail3Parse                      0x08001059   Thumb Code    70  dataprocess.o(i.DataStateTail3Parse)
    i.DebugMon_Handler                       0x080010a8   Section        0  mm32_it.o(i.DebugMon_Handler)
    i.Delay                                  0x080010aa   Section        0  platform.o(i.Delay)
    i.DoReadPara                             0x080010b4   Section        0  cmdprocess.o(i.DoReadPara)
    DoReadPara                               0x080010b5   Thumb Code   130  cmdprocess.o(i.DoReadPara)
    i.DoReadReg                              0x08001144   Section        0  cmdprocess.o(i.DoReadReg)
    DoReadReg                                0x08001145   Thumb Code   112  cmdprocess.o(i.DoReadReg)
    i.DoWritePara                            0x080011c0   Section        0  cmdprocess.o(i.DoWritePara)
    DoWritePara                              0x080011c1   Thumb Code   204  cmdprocess.o(i.DoWritePara)
    i.DoWriteReg                             0x08001290   Section        0  cmdprocess.o(i.DoWriteReg)
    DoWriteReg                               0x08001291   Thumb Code   134  cmdprocess.o(i.DoWriteReg)
    i.DumpChipRegValue                       0x08001320   Section        0  radar.o(i.DumpChipRegValue)
    DumpChipRegValue                         0x08001321   Thumb Code    94  radar.o(i.DumpChipRegValue)
    i.FLASH_ClearFlag                        0x080013a0   Section        0  hal_flash.o(i.FLASH_ClearFlag)
    i.FLASH_ErasePage                        0x080013ac   Section        0  hal_flash.o(i.FLASH_ErasePage)
    i.FLASH_GetStatus                        0x080013d4   Section        0  hal_flash.o(i.FLASH_GetStatus)
    i.FLASH_Lock                             0x080013fc   Section        0  hal_flash.o(i.FLASH_Lock)
    i.FLASH_ProgramHalfWord                  0x0800140c   Section        0  hal_flash.o(i.FLASH_ProgramHalfWord)
    i.FLASH_ProgramWord                      0x08001428   Section        0  hal_flash.o(i.FLASH_ProgramWord)
    i.FLASH_Unlock                           0x08001444   Section        0  hal_flash.o(i.FLASH_Unlock)
    i.FLASH_WaitForLastOperation             0x0800145c   Section        0  hal_flash.o(i.FLASH_WaitForLastOperation)
    i.FillCmdAck                             0x0800148c   Section        0  cmdprocess.o(i.FillCmdAck)
    FillCmdAck                               0x0800148d   Thumb Code    96  cmdprocess.o(i.FillCmdAck)
    i.Flash_ErasePage                        0x080014f4   Section        0  mm32_flash.o(i.Flash_ErasePage)
    i.Flash_Program                          0x08001520   Section        0  mm32_flash.o(i.Flash_Program)
    i.GPIO_Init                              0x08001568   Section        0  hal_gpio.o(i.GPIO_Init)
    i.GPIO_PinAFConfig                       0x080015f6   Section        0  hal_gpio.o(i.GPIO_PinAFConfig)
    i.GPIO_ReadInputDataBit                  0x08001616   Section        0  hal_gpio.o(i.GPIO_ReadInputDataBit)
    i.GPIO_ResetBits                         0x08001620   Section        0  hal_gpio.o(i.GPIO_ResetBits)
    i.GPIO_SetBits                           0x08001624   Section        0  hal_gpio.o(i.GPIO_SetBits)
    i.GPIO_StructInit                        0x08001628   Section        0  hal_gpio.o(i.GPIO_StructInit)
    i.GetRadarPara                           0x08001638   Section        0  dataprocess.o(i.GetRadarPara)
    GetRadarPara                             0x08001639   Thumb Code   106  dataprocess.o(i.GetRadarPara)
    i.GetTargetRange                         0x08001714   Section        0  abd.o(i.GetTargetRange)
    i.HAL_I2C_Init                           0x08001730   Section        0  hal_i2c.o(i.HAL_I2C_Init)
    i.HAL_SPI_DeInit                         0x080017d4   Section        0  hal_spi.o(i.HAL_SPI_DeInit)
    i.HAL_SPI_Init                           0x080017f4   Section        0  hal_spi.o(i.HAL_SPI_Init)
    i.HAL_UART_Init                          0x08001876   Section        0  hal_uart.o(i.HAL_UART_Init)
    i.HardFault_Handler                      0x080018d8   Section        0  mm32_it.o(i.HardFault_Handler)
    i.I2C_Cmd                                0x080018da   Section        0  hal_i2c.o(i.I2C_Cmd)
    i.I2C_GenerateSTOP                       0x080018f0   Section        0  hal_i2c.o(i.I2C_GenerateSTOP)
    i.I2C_GetConfigBySpeed                   0x08001918   Section        0  mm32_i2c.o(i.I2C_GetConfigBySpeed)
    i.I2C_GetFlagStatus                      0x08001944   Section        0  hal_i2c.o(i.I2C_GetFlagStatus)
    i.I2C_GetITStatus                        0x08001970   Section        0  hal_i2c.o(i.I2C_GetITStatus)
    i.I2C_Init                               0x0800197c   Section        0  mm32_i2c.o(i.I2C_Init)
    i.I2C_MasterModeInit                     0x080019e8   Section        0  mm32_i2c.o(i.I2C_MasterModeInit)
    i.I2C_Read                               0x08001a1c   Section        0  mm32_i2c.o(i.I2C_Read)
    i.I2C_ReadCmd                            0x08001aa4   Section        0  hal_i2c.o(i.I2C_ReadCmd)
    i.I2C_ReceiveData                        0x08001aac   Section        0  hal_i2c.o(i.I2C_ReceiveData)
    i.I2C_Send7bitAddress                    0x08001abc   Section        0  hal_i2c.o(i.I2C_Send7bitAddress)
    i.I2C_SendData                           0x08001ac2   Section        0  hal_i2c.o(i.I2C_SendData)
    i.I2C_SetDeviceAddr                      0x08001ac6   Section        0  mm32_i2c.o(i.I2C_SetDeviceAddr)
    i.I2C_StructInit                         0x08001ae8   Section        0  hal_i2c.o(i.I2C_StructInit)
    i.I2C_Write                              0x08001b00   Section        0  mm32_i2c.o(i.I2C_Write)
    i.IWDG_Enable                            0x08001b6c   Section        0  hal_iwdg.o(i.IWDG_Enable)
    i.IWDG_GetFlagStatus                     0x08001b7c   Section        0  hal_iwdg.o(i.IWDG_GetFlagStatus)
    i.IWDG_Init                              0x08001b90   Section        0  mm32_iwdg.o(i.IWDG_Init)
    i.IWDG_Reload                            0x08001bdc   Section        0  mm32_iwdg.o(i.IWDG_Reload)
    i.IWDG_ReloadCounter                     0x08001be4   Section        0  hal_iwdg.o(i.IWDG_ReloadCounter)
    i.IWDG_SetPrescaler                      0x08001bf4   Section        0  hal_iwdg.o(i.IWDG_SetPrescaler)
    i.IWDG_SetReload                         0x08001c04   Section        0  hal_iwdg.o(i.IWDG_SetReload)
    i.IWDG_WriteAccessCmd                    0x08001c14   Section        0  hal_iwdg.o(i.IWDG_WriteAccessCmd)
    i.Indicator_RadarDataIndexError          0x08001c20   Section        0  platform.o(i.Indicator_RadarDataIndexError)
    i.Indicator_RadarDataReceived            0x08001c2c   Section        0  platform.o(i.Indicator_RadarDataReceived)
    i.IoOutInit                              0x08001c50   Section        0  mm32_gpio.o(i.IoOutInit)
    i.IoOutOff                               0x08001c76   Section        0  mm32_gpio.o(i.IoOutOff)
    i.IoOutOn                                0x08001c84   Section        0  mm32_gpio.o(i.IoOutOn)
    i.LED_Init                               0x08001c92   Section        0  mm32_gpio.o(i.LED_Init)
    i.LED_On                                 0x08001c94   Section        0  mm32_gpio.o(i.LED_On)
    i.LED_Toggle                             0x08001c96   Section        0  mm32_gpio.o(i.LED_Toggle)
    i.MTT_ParaRead                           0x08001c98   Section        0  cmdprocess.o(i.MTT_ParaRead)
    i.MTT_ParaUpdate                         0x08001ca0   Section        0  cmdprocess.o(i.MTT_ParaUpdate)
    i.MemManage_Handler                      0x08001ca6   Section        0  mm32_it.o(i.MemManage_Handler)
    i.NMI_Handler                            0x08001ca8   Section        0  mm32_it.o(i.NMI_Handler)
    i.NVIC_Init                              0x08001cac   Section        0  hal_misc.o(i.NVIC_Init)
    i.PEAK_GetSysParaAddr                    0x08001cfc   Section        0  radar.o(i.PEAK_GetSysParaAddr)
    i.PEAK_GetSysParaLen                     0x08001d04   Section        0  radar.o(i.PEAK_GetSysParaLen)
    i.PEAK_ParaRead                          0x08001d08   Section        0  radar.o(i.PEAK_ParaRead)
    i.PEAK_ParaUpdate                        0x08001d38   Section        0  radar.o(i.PEAK_ParaUpdate)
    i.PVU_CheckStatus                        0x08001d80   Section        0  hal_iwdg.o(i.PVU_CheckStatus)
    i.PendSV_Handler                         0x08001d8e   Section        0  mm32_it.o(i.PendSV_Handler)
    i.Platform_Init                          0x08001d90   Section        0  platform.o(i.Platform_Init)
    i.RCC_AHBPeriphClockCmd                  0x08001dac   Section        0  hal_rcc.o(i.RCC_AHBPeriphClockCmd)
    i.RCC_APB1PeriphClockCmd                 0x08001dc4   Section        0  hal_rcc.o(i.RCC_APB1PeriphClockCmd)
    i.RCC_APB1PeriphResetCmd                 0x08001ddc   Section        0  hal_rcc.o(i.RCC_APB1PeriphResetCmd)
    i.RCC_GetFlagStatus                      0x08001df4   Section        0  hal_rcc.o(i.RCC_GetFlagStatus)
    i.RCC_GetHCLKFreq                        0x08001e24   Section        0  hal_rcc.o(i.RCC_GetHCLKFreq)
    i.RCC_GetPCLK1Freq                       0x08001e44   Section        0  hal_rcc.o(i.RCC_GetPCLK1Freq)
    i.RCC_GetSysClockFreq                    0x08001e64   Section        0  hal_rcc.o(i.RCC_GetSysClockFreq)
    i.RCC_LSICmd                             0x08001e94   Section        0  hal_rcc.o(i.RCC_LSICmd)
    i.RVU_CheckStatus                        0x08001ea8   Section        0  hal_iwdg.o(i.RVU_CheckStatus)
    i.Radar_EnterNormalMode                  0x08001eb8   Section        0  radar.o(i.Radar_EnterNormalMode)
    i.Radar_GetDataType                      0x08001ee0   Section        0  radar.o(i.Radar_GetDataType)
    i.Radar_GetDfftPeakSize                  0x08001f18   Section        0  radar.o(i.Radar_GetDfftPeakSize)
    i.Radar_GetFftPoint                      0x08001f34   Section        0  radar.o(i.Radar_GetFftPoint)
    i.Radar_GetOneFrameChirpNum              0x08001f4c   Section        0  radar.o(i.Radar_GetOneFrameChirpNum)
    i.Radar_GetRadarParaAddr                 0x08001f64   Section        0  radar.o(i.Radar_GetRadarParaAddr)
    i.Radar_GetRadarParaLen                  0x08001f6c   Section        0  radar.o(i.Radar_GetRadarParaLen)
    i.Radar_GetRawPoint                      0x08001f70   Section        0  radar.o(i.Radar_GetRawPoint)
    i.Radar_Init                             0x08001fa0   Section        0  radar.o(i.Radar_Init)
    i.Radar_PreInit                          0x08002024   Section        0  radar.o(i.Radar_PreInit)
    i.Radar_UpdateReg                        0x0800204c   Section        0  radar.o(i.Radar_UpdateReg)
    i.ReplaceSpecialRegs                     0x0800207c   Section        0  radar.o(i.ReplaceSpecialRegs)
    ReplaceSpecialRegs                       0x0800207d   Thumb Code    94  radar.o(i.ReplaceSpecialRegs)
    i.RunFailed                              0x080020e4   Section        0  utilities.o(i.RunFailed)
    i.SPI1_GPIO_SlaveInit                    0x08002124   Section        0  mm32_spi.o(i.SPI1_GPIO_SlaveInit)
    SPI1_GPIO_SlaveInit                      0x08002125   Thumb Code   108  mm32_spi.o(i.SPI1_GPIO_SlaveInit)
    i.SPI1_IRQHandler                        0x08002190   Section        0  mm32_it.o(i.SPI1_IRQHandler)
    i.SPI_BiDirectionalLineConfig            0x08002200   Section        0  hal_spi.o(i.SPI_BiDirectionalLineConfig)
    i.SPI_ClearITPendingBit                  0x0800222e   Section        0  hal_spi.o(i.SPI_ClearITPendingBit)
    i.SPI_Cmd                                0x08002236   Section        0  hal_spi.o(i.SPI_Cmd)
    i.SPI_DeInit                             0x0800224c   Section        0  mm32_spi.o(i.SPI_DeInit)
    i.SPI_GetFlagStatus                      0x0800225c   Section        0  hal_spi.o(i.SPI_GetFlagStatus)
    i.SPI_GetITStatus                        0x08002266   Section        0  hal_spi.o(i.SPI_GetITStatus)
    i.SPI_ITConfig                           0x08002270   Section        0  hal_spi.o(i.SPI_ITConfig)
    i.SPI_Init                               0x08002294   Section        0  mm32_spi.o(i.SPI_Init)
    i.SPI_ReceiveData                        0x080022fc   Section        0  hal_spi.o(i.SPI_ReceiveData)
    i.SPI_StructInit                         0x08002304   Section        0  hal_spi.o(i.SPI_StructInit)
    i.SVC_Handler                            0x0800231e   Section        0  mm32_it.o(i.SVC_Handler)
    i.SYSTICK_Init                           0x08002320   Section        0  mm32_systick.o(i.SYSTICK_Init)
    i.SetSysClockTo48_HSI                    0x08002364   Section        0  system_mm32f0010.o(i.SetSysClockTo48_HSI)
    SetSysClockTo48_HSI                      0x08002365   Thumb Code   102  system_mm32f0010.o(i.SetSysClockTo48_HSI)
    i.SysTick_Handler                        0x080023ec   Section        0  mm32_it.o(i.SysTick_Handler)
    i.SystemInit                             0x080023f8   Section        0  system_mm32f0010.o(i.SystemInit)
    i.System_GetSysParaAddr                  0x08002438   Section        0  system.o(i.System_GetSysParaAddr)
    i.System_GetSysParaLen                   0x08002440   Section        0  system.o(i.System_GetSysParaLen)
    i.System_ParaInit                        0x08002444   Section        0  system.o(i.System_ParaInit)
    i.System_ParaRead                        0x08002454   Section        0  system.o(i.System_ParaRead)
    i.System_ParaUpdate                      0x08002478   Section        0  system.o(i.System_ParaUpdate)
    i.System_Reconfig                        0x080024a0   Section        0  system.o(i.System_Reconfig)
    i.TspiIoInit                             0x080024d0   Section        0  mm32_gpio.o(i.TspiIoInit)
    i.UART1_GPIO_Init                        0x080024f8   Section        0  mm32_uart.o(i.UART1_GPIO_Init)
    i.UART1_IRQHandler                       0x08002548   Section        0  mm32_it.o(i.UART1_IRQHandler)
    i.UART_ClearITPendingBit                 0x0800256c   Section        0  hal_uart.o(i.UART_ClearITPendingBit)
    i.UART_Cmd                               0x08002570   Section        0  hal_uart.o(i.UART_Cmd)
    i.UART_DirectSend                        0x0800257c   Section        0  mm32_uart.o(i.UART_DirectSend)
    i.UART_GetFlagStatus                     0x080025b0   Section        0  hal_uart.o(i.UART_GetFlagStatus)
    i.UART_GetITStatus                       0x080025ba   Section        0  hal_uart.o(i.UART_GetITStatus)
    i.UART_ITConfig                          0x080025c4   Section        0  hal_uart.o(i.UART_ITConfig)
    i.UART_Init                              0x080025d4   Section        0  mm32_uart.o(i.UART_Init)
    i.UART_ReceiveData                       0x08002638   Section        0  hal_uart.o(i.UART_ReceiveData)
    i.UART_Recv                              0x08002640   Section        0  mm32_uart.o(i.UART_Recv)
    i.UART_RecvTimeout                       0x0800268c   Section        0  mm32_uart.o(i.UART_RecvTimeout)
    i.UART_SendData                          0x080026c4   Section        0  hal_uart.o(i.UART_SendData)
    i.UART_StructInit                        0x080026ca   Section        0  hal_uart.o(i.UART_StructInit)
    i.UsageFault_Handler                     0x080026e2   Section        0  mm32_it.o(i.UsageFault_Handler)
    i.__0printf$8                            0x080026e4   Section        0  printf8.o(i.__0printf$8)
    i.__ARM_common_switch8                   0x08002704   Section        0  cmdprocess.o(i.__ARM_common_switch8)
    i.__NVIC_SetPriority                     0x08002720   Section        0  mm32_systick.o(i.__NVIC_SetPriority)
    __NVIC_SetPriority                       0x08002721   Thumb Code    60  mm32_systick.o(i.__NVIC_SetPriority)
    i.__scatterload_copy                     0x08002764   Section       14  handlers.o(i.__scatterload_copy)
    i.__scatterload_null                     0x08002772   Section        2  handlers.o(i.__scatterload_null)
    i.__scatterload_zeroinit                 0x08002774   Section       14  handlers.o(i.__scatterload_zeroinit)
    i._printf_core                           0x08002784   Section        0  printf8.o(i._printf_core)
    _printf_core                             0x08002785   Thumb Code  1020  printf8.o(i._printf_core)
    i._printf_post_padding                   0x08002bac   Section        0  printf8.o(i._printf_post_padding)
    _printf_post_padding                     0x08002bad   Thumb Code    32  printf8.o(i._printf_post_padding)
    i._printf_pre_padding                    0x08002bcc   Section        0  printf8.o(i._printf_pre_padding)
    _printf_pre_padding                      0x08002bcd   Thumb Code    44  printf8.o(i._printf_pre_padding)
    i.delay_1ms                              0x08002bf8   Section        0  mm32_systick.o(i.delay_1ms)
    i.delay_decrement                        0x08002c08   Section        0  mm32_systick.o(i.delay_decrement)
    i.fputc                                  0x08002c1c   Section        0  mm32_uart.o(i.fputc)
    i.main                                   0x08002c40   Section        0  main.o(i.main)
    i.rangeGearParaUpdate                    0x08002c88   Section        0  abd.o(i.rangeGearParaUpdate)
    .constdata                               0x08002cb4   Section       14  cmdprocess.o(.constdata)
    CmdHead                                  0x08002cb4   Data           4  cmdprocess.o(.constdata)
    CmdTail                                  0x08002cb8   Data           4  cmdprocess.o(.constdata)
    .constdata                               0x08002cc2   Section       64  abd.o(.constdata)
    MovingTargetTh                           0x08002cc2   Data          64  abd.o(.constdata)
    .constdata                               0x08002d02   Section       86  radar.o(.constdata)
    rawPointMap                              0x08002d02   Data          10  radar.o(.constdata)
    RegListPD                                0x08002d0c   Data          36  radar.o(.constdata)
    RegListNormal                            0x08002d30   Data          40  radar.o(.constdata)
    .data                                    0x20000000   Section        4  cmdprocess.o(.data)
    enableResetAdc                           0x20000000   Data           1  cmdprocess.o(.data)
    CmdModeFlag                              0x20000001   Data           1  cmdprocess.o(.data)
    resetDelayMs                             0x20000002   Data           2  cmdprocess.o(.data)
    .data                                    0x20000004   Section        1  config.o(.data)
    needFlashWrite                           0x20000004   Data           1  config.o(.data)
    .data                                    0x20000006   Section       12  dataprocess.o(.data)
    curIndex                                 0x20000006   Data           1  dataprocess.o(.data)
    oldCurIndex                              0x20000007   Data           1  dataprocess.o(.data)
    skipNum                                  0x20000008   Data           1  dataprocess.o(.data)
    skipNum                                  0x20000009   Data           1  dataprocess.o(.data)
    oldFrameCnt                              0x2000000a   Data           2  dataprocess.o(.data)
    .data                                    0x20000014   Section        8  system.o(.data)
    needReconfig                             0x20000014   Data           1  system.o(.data)
    sysPara                                  0x20000018   Data           4  system.o(.data)
    .data                                    0x2000001c   Section       36  abd.o(.data)
    print_cnt                                0x2000001d   Data           1  abd.o(.data)
    k                                        0x2000001e   Data           1  abd.o(.data)
    pos                                      0x2000001f   Data           1  abd.o(.data)
    tOffIdx                                  0x20000020   Data           1  abd.o(.data)
    lastRange                                0x20000022   Data           2  abd.o(.data)
    tickCnt                                  0x20000024   Data           2  abd.o(.data)
    dfftPeakData                             0x20000028   Data           8  abd.o(.data)
    abdPara                                  0x20000030   Data           8  abd.o(.data)
    sensitivityMap                           0x20000038   Data           8  abd.o(.data)
    .data                                    0x20000040   Section        4  platform.o(.data)
    recvCnt                                  0x20000040   Data           1  platform.o(.data)
    recvCnt                                  0x20000042   Data           2  platform.o(.data)
    .data                                    0x20000044   Section      272  radar.o(.data)
    InitRegList                              0x20000044   Data         236  radar.o(.data)
    peakPara                                 0x20000130   Data          36  radar.o(.data)
    .data                                    0x20000154   Section        1  radar.o(.data)
    .data                                    0x20000156   Section        2  mm32_it.o(.data)
    cnt                                      0x20000156   Data           2  mm32_it.o(.data)
    .data                                    0x20000158   Section        4  mm32_systick.o(.data)
    delay                                    0x20000158   Data           4  mm32_systick.o(.data)
    .data                                    0x2000015c   Section        2  mm32_spi.o(.data)
    .data                                    0x20000160   Section        4  system_mm32f0010.o(.data)
    .data                                    0x20000164   Section        1  hal_i2c.o(.data)
    I2C_CMD_DIR                              0x20000164   Data           1  hal_i2c.o(.data)
    .data                                    0x20000165   Section       16  hal_rcc.o(.data)
    .data                                    0x20000178   Section        4  stdout.o(.data)
    .bss                                     0x2000017c   Section      124  cmdprocess.o(.bss)
    CmdAck                                   0x2000017c   Data          64  cmdprocess.o(.bss)
    CmdDataParse                             0x200001bc   Data          60  cmdprocess.o(.bss)
    .bss                                     0x200001f8   Section       36  config.o(.bss)
    flashData                                0x200001f8   Data          36  config.o(.bss)
    .bss                                     0x2000021c   Section      146  dataprocess.o(.bss)
    RadarDataParse                           0x2000021c   Data         146  dataprocess.o(.bss)
    .bss                                     0x200002ae   Section      120  abd.o(.bss)
    targetRangeBuf                           0x200002ae   Data          20  abd.o(.bss)
    targetOffBuf                             0x200002c2   Data         100  abd.o(.bss)
    .bss                                     0x20000326   Section       84  radar.o(.bss)
    RegListDfftPeak                          0x20000326   Data          84  radar.o(.bss)
    .bss                                     0x2000037a   Section      272  mm32_spi.o(.bss)
    .bss                                     0x2000048a   Section      136  mm32_uart.o(.bss)
    STACK                                    0x20000518   Section      512  startup_mm32f0010_keil.o(STACK)

    Global Symbols

    Symbol Name                              Value     Ov Type        Size  Object(Section)

    BuildAttributes$$THM_ISAv3M$S$PE$A:L22$X:L11$S22$IEEE1$IW$USESV6$~STKCKD$USESV7$~SHL$OTIME$ROPI$EBA8$MICROLIB$REQ8$PRES8$EABIv2 0x00000000   Number         0  anon$$obj.o ABSOLUTE
    __ARM_use_no_argv                        0x00000000   Number         0  main.o ABSOLUTE
    _printf_a                                0x00000000   Number         0  stubs.o ABSOLUTE
    _printf_c                                0x00000000   Number         0  stubs.o ABSOLUTE
    _printf_charcount                        0x00000000   Number         0  stubs.o ABSOLUTE
    _printf_d                                0x00000000   Number         0  stubs.o ABSOLUTE
    _printf_e                                0x00000000   Number         0  stubs.o ABSOLUTE
    _printf_f                                0x00000000   Number         0  stubs.o ABSOLUTE
    _printf_flags                            0x00000000   Number         0  stubs.o ABSOLUTE
    _printf_fp_dec                           0x00000000   Number         0  stubs.o ABSOLUTE
    _printf_fp_hex                           0x00000000   Number         0  stubs.o ABSOLUTE
    _printf_g                                0x00000000   Number         0  stubs.o ABSOLUTE
    _printf_i                                0x00000000   Number         0  stubs.o ABSOLUTE
    _printf_int_dec                          0x00000000   Number         0  stubs.o ABSOLUTE
    _printf_l                                0x00000000   Number         0  stubs.o ABSOLUTE
    _printf_lc                               0x00000000   Number         0  stubs.o ABSOLUTE
    _printf_ll                               0x00000000   Number         0  stubs.o ABSOLUTE
    _printf_lld                              0x00000000   Number         0  stubs.o ABSOLUTE
    _printf_lli                              0x00000000   Number         0  stubs.o ABSOLUTE
    _printf_llo                              0x00000000   Number         0  stubs.o ABSOLUTE
    _printf_llu                              0x00000000   Number         0  stubs.o ABSOLUTE
    _printf_llx                              0x00000000   Number         0  stubs.o ABSOLUTE
    _printf_longlong_dec                     0x00000000   Number         0  stubs.o ABSOLUTE
    _printf_longlong_hex                     0x00000000   Number         0  stubs.o ABSOLUTE
    _printf_longlong_oct                     0x00000000   Number         0  stubs.o ABSOLUTE
    _printf_ls                               0x00000000   Number         0  stubs.o ABSOLUTE
    _printf_mbtowc                           0x00000000   Number         0  stubs.o ABSOLUTE
    _printf_n                                0x00000000   Number         0  stubs.o ABSOLUTE
    _printf_o                                0x00000000   Number         0  stubs.o ABSOLUTE
    _printf_p                                0x00000000   Number         0  stubs.o ABSOLUTE
    _printf_percent                          0x00000000   Number         0  stubs.o ABSOLUTE
    _printf_pre_padding                      0x00000000   Number         0  stubs.o ABSOLUTE
    _printf_return_value                     0x00000000   Number         0  stubs.o ABSOLUTE
    _printf_s                                0x00000000   Number         0  stubs.o ABSOLUTE
    _printf_sizespec                         0x00000000   Number         0  stubs.o ABSOLUTE
    _printf_str                              0x00000000   Number         0  stubs.o ABSOLUTE
    _printf_truncate_signed                  0x00000000   Number         0  stubs.o ABSOLUTE
    _printf_truncate_unsigned                0x00000000   Number         0  stubs.o ABSOLUTE
    _printf_u                                0x00000000   Number         0  stubs.o ABSOLUTE
    _printf_wc                               0x00000000   Number         0  stubs.o ABSOLUTE
    _printf_wctomb                           0x00000000   Number         0  stubs.o ABSOLUTE
    _printf_widthprec                        0x00000000   Number         0  stubs.o ABSOLUTE
    _printf_x                                0x00000000   Number         0  stubs.o ABSOLUTE
    __cpp_initialize__aeabi_                  - Undefined Weak Reference
    __cxa_finalize                            - Undefined Weak Reference
    _clock_init                               - Undefined Weak Reference
    _microlib_exit                            - Undefined Weak Reference
    __Vectors_Size                           0x000000b4   Number         0  startup_mm32f0010_keil.o ABSOLUTE
    __Vectors                                0x08000000   Data           4  startup_mm32f0010_keil.o(RESET)
    __Vectors_End                            0x080000b4   Data           0  startup_mm32f0010_keil.o(RESET)
    __main                                   0x080000b5   Thumb Code     0  entry.o(.ARM.Collect$$$$00000000)
    _main_stk                                0x080000b5   Thumb Code     0  entry2.o(.ARM.Collect$$$$00000001)
    _main_scatterload                        0x080000b9   Thumb Code     0  entry5.o(.ARM.Collect$$$$00000004)
    __main_after_scatterload                 0x080000bd   Thumb Code     0  entry5.o(.ARM.Collect$$$$00000004)
    _main_clock                              0x080000bd   Thumb Code     0  entry7b.o(.ARM.Collect$$$$00000008)
    _main_cpp_init                           0x080000bd   Thumb Code     0  entry8b.o(.ARM.Collect$$$$0000000A)
    _main_init                               0x080000bd   Thumb Code     0  entry9a.o(.ARM.Collect$$$$0000000B)
    __rt_final_cpp                           0x080000c5   Thumb Code     0  entry10a.o(.ARM.Collect$$$$0000000D)
    __rt_final_exit                          0x080000c5   Thumb Code     0  entry11a.o(.ARM.Collect$$$$0000000F)
    Reset_Handler                            0x080000c9   Thumb Code    38  startup_mm32f0010_keil.o(.text)
    ADC1_IRQHandler                          0x08000101   Thumb Code     0  startup_mm32f0010_keil.o(.text)
    EXTI0_1_IRQHandler                       0x08000101   Thumb Code     0  startup_mm32f0010_keil.o(.text)
    EXTI2_3_IRQHandler                       0x08000101   Thumb Code     0  startup_mm32f0010_keil.o(.text)
    EXTI4_15_IRQHandler                      0x08000101   Thumb Code     0  startup_mm32f0010_keil.o(.text)
    FLASH_IRQHandler                         0x08000101   Thumb Code     0  startup_mm32f0010_keil.o(.text)
    I2C1_IRQHandler                          0x08000101   Thumb Code     0  startup_mm32f0010_keil.o(.text)
    PVD_IRQHandler                           0x08000101   Thumb Code     0  startup_mm32f0010_keil.o(.text)
    RCC_IRQHandler                           0x08000101   Thumb Code     0  startup_mm32f0010_keil.o(.text)
    TIM14_IRQHandler                         0x08000101   Thumb Code     0  startup_mm32f0010_keil.o(.text)
    TIM1_BRK_UP_TRG_COM_IRQHandler           0x08000101   Thumb Code     0  startup_mm32f0010_keil.o(.text)
    TIM1_CC_IRQHandler                       0x08000101   Thumb Code     0  startup_mm32f0010_keil.o(.text)
    TIM3_IRQHandler                          0x08000101   Thumb Code     0  startup_mm32f0010_keil.o(.text)
    UART2_IRQHandler                         0x08000101   Thumb Code     0  startup_mm32f0010_keil.o(.text)
    WWDG_IWDG_IRQHandler                     0x08000101   Thumb Code     0  startup_mm32f0010_keil.o(.text)
    __aeabi_uidiv                            0x08000129   Thumb Code     0  uidiv.o(.text)
    __aeabi_uidivmod                         0x08000129   Thumb Code    44  uidiv.o(.text)
    __aeabi_memcpy                           0x08000155   Thumb Code    36  memcpya.o(.text)
    __aeabi_memcpy4                          0x08000155   Thumb Code     0  memcpya.o(.text)
    __aeabi_memcpy8                          0x08000155   Thumb Code     0  memcpya.o(.text)
    __aeabi_memset                           0x08000179   Thumb Code    14  memseta.o(.text)
    __aeabi_memset4                          0x08000179   Thumb Code     0  memseta.o(.text)
    __aeabi_memset8                          0x08000179   Thumb Code     0  memseta.o(.text)
    __aeabi_memclr                           0x08000187   Thumb Code     4  memseta.o(.text)
    __aeabi_memclr4                          0x08000187   Thumb Code     0  memseta.o(.text)
    __aeabi_memclr8                          0x08000187   Thumb Code     0  memseta.o(.text)
    _memset$wrapper                          0x0800018b   Thumb Code    18  memseta.o(.text)
    __aeabi_uread4                           0x0800019d   Thumb Code    20  uread4.o(.text)
    __rt_uread4                              0x0800019d   Thumb Code     0  uread4.o(.text)
    _uread4                                  0x0800019d   Thumb Code     0  uread4.o(.text)
    __aeabi_fmul                             0x080001b1   Thumb Code   122  fmul.o(.text)
    __aeabi_ui2f                             0x0800022b   Thumb Code    14  ffltui.o(.text)
    __aeabi_f2uiz                            0x08000239   Thumb Code    40  ffixui.o(.text)
    __aeabi_uldivmod                         0x08000261   Thumb Code    96  uldiv.o(.text)
    __I$use$fp                               0x080002c1   Thumb Code     0  iusefp.o(.text)
    _float_round                             0x080002c1   Thumb Code    16  fepilogue.o(.text)
    _float_epilogue                          0x080002d1   Thumb Code   114  fepilogue.o(.text)
    __scatterload                            0x08000345   Thumb Code    28  init.o(.text)
    __scatterload_rt2                        0x08000345   Thumb Code     0  init.o(.text)
    __aeabi_llsl                             0x08000369   Thumb Code    32  llshl.o(.text)
    _ll_shift_l                              0x08000369   Thumb Code     0  llshl.o(.text)
    __aeabi_llsr                             0x08000389   Thumb Code    34  llushr.o(.text)
    _ll_ushift_r                             0x08000389   Thumb Code     0  llushr.o(.text)
    __decompress                             0x080003ab   Thumb Code     0  __dczerorl2.o(.text)
    __decompress1                            0x080003ab   Thumb Code    86  __dczerorl2.o(.text)
    ABD_DetectByPeakData                     0x08000401   Thumb Code   370  abd.o(i.ABD_DetectByPeakData)
    ABD_GetParaAddr                          0x080005b1   Thumb Code     4  abd.o(i.ABD_GetParaAddr)
    ABD_GetParaLen                           0x080005b9   Thumb Code     4  abd.o(i.ABD_GetParaLen)
    ABD_Init                                 0x080005bd   Thumb Code    16  abd.o(i.ABD_Init)
    ABD_ParaUpdate                           0x080005cd   Thumb Code    58  abd.o(i.ABD_ParaUpdate)
    BusFault_Handler                         0x08000621   Thumb Code     2  mm32_it.o(i.BusFault_Handler)
    CmdProc_AdcReset                         0x08000791   Thumb Code    64  cmdprocess.o(i.CmdProc_AdcReset)
    CmdProc_InCmdMode                        0x080007d5   Thumb Code     6  cmdprocess.o(i.CmdProc_InCmdMode)
    CmdProc_Init                             0x080007e1   Thumb Code    12  cmdprocess.o(i.CmdProc_Init)
    CmdProc_Recv                             0x080007f1   Thumb Code    32  cmdprocess.o(i.CmdProc_Recv)
    ConfigDfftPeakPara                       0x080008f1   Thumb Code   140  radar.o(i.ConfigDfftPeakPara)
    Config_EarseFlashData                    0x0800098d   Thumb Code    10  config.o(i.Config_EarseFlashData)
    Config_GetSN                             0x0800099d   Thumb Code     6  config.o(i.Config_GetSN)
    Config_Init                              0x080009a9   Thumb Code   112  config.o(i.Config_Init)
    Config_NeedFlashWrite                    0x08000a81   Thumb Code     8  config.o(i.Config_NeedFlashWrite)
    Config_RetrieveFlashData                 0x08000a8d   Thumb Code    98  config.o(i.Config_RetrieveFlashData)
    Config_SavePara2Flash                    0x08000b59   Thumb Code    20  config.o(i.Config_SavePara2Flash)
    Config_WriteData2Flash                   0x08000b71   Thumb Code    74  config.o(i.Config_WriteData2Flash)
    DataProc_GetRadarDataLen                 0x08000d15   Thumb Code     6  dataprocess.o(i.DataProc_GetRadarDataLen)
    DataProc_Init                            0x08000d21   Thumb Code    78  dataprocess.o(i.DataProc_Init)
    DataProc_NeedReconfig                    0x08000da1   Thumb Code   104  dataprocess.o(i.DataProc_NeedReconfig)
    DataProc_Recv                            0x08000e35   Thumb Code    78  dataprocess.o(i.DataProc_Recv)
    DataProc_Send                            0x08000e95   Thumb Code     2  dataprocess.o(i.DataProc_Send)
    DebugMon_Handler                         0x080010a9   Thumb Code     2  mm32_it.o(i.DebugMon_Handler)
    Delay                                    0x080010ab   Thumb Code     8  platform.o(i.Delay)
    FLASH_ClearFlag                          0x080013a1   Thumb Code     6  hal_flash.o(i.FLASH_ClearFlag)
    FLASH_ErasePage                          0x080013ad   Thumb Code    30  hal_flash.o(i.FLASH_ErasePage)
    FLASH_GetStatus                          0x080013d5   Thumb Code    36  hal_flash.o(i.FLASH_GetStatus)
    FLASH_Lock                               0x080013fd   Thumb Code    12  hal_flash.o(i.FLASH_Lock)
    FLASH_ProgramHalfWord                    0x0800140d   Thumb Code    22  hal_flash.o(i.FLASH_ProgramHalfWord)
    FLASH_ProgramWord                        0x08001429   Thumb Code    26  hal_flash.o(i.FLASH_ProgramWord)
    FLASH_Unlock                             0x08001445   Thumb Code    12  hal_flash.o(i.FLASH_Unlock)
    FLASH_WaitForLastOperation               0x0800145d   Thumb Code    42  hal_flash.o(i.FLASH_WaitForLastOperation)
    Flash_ErasePage                          0x080014f5   Thumb Code    44  mm32_flash.o(i.Flash_ErasePage)
    Flash_Program                            0x08001521   Thumb Code    66  mm32_flash.o(i.Flash_Program)
    GPIO_Init                                0x08001569   Thumb Code   142  hal_gpio.o(i.GPIO_Init)
    GPIO_PinAFConfig                         0x080015f7   Thumb Code    32  hal_gpio.o(i.GPIO_PinAFConfig)
    GPIO_ReadInputDataBit                    0x08001617   Thumb Code    10  hal_gpio.o(i.GPIO_ReadInputDataBit)
    GPIO_ResetBits                           0x08001621   Thumb Code     4  hal_gpio.o(i.GPIO_ResetBits)
    GPIO_SetBits                             0x08001625   Thumb Code     4  hal_gpio.o(i.GPIO_SetBits)
    GPIO_StructInit                          0x08001629   Thumb Code    16  hal_gpio.o(i.GPIO_StructInit)
    GetTargetRange                           0x08001715   Thumb Code    22  abd.o(i.GetTargetRange)
    HAL_I2C_Init                             0x08001731   Thumb Code   150  hal_i2c.o(i.HAL_I2C_Init)
    HAL_SPI_DeInit                           0x080017d5   Thumb Code    28  hal_spi.o(i.HAL_SPI_DeInit)
    HAL_SPI_Init                             0x080017f5   Thumb Code   130  hal_spi.o(i.HAL_SPI_Init)
    HAL_UART_Init                            0x08001877   Thumb Code    98  hal_uart.o(i.HAL_UART_Init)
    HardFault_Handler                        0x080018d9   Thumb Code     2  mm32_it.o(i.HardFault_Handler)
    I2C_Cmd                                  0x080018db   Thumb Code    22  hal_i2c.o(i.I2C_Cmd)
    I2C_GenerateSTOP                         0x080018f1   Thumb Code    34  hal_i2c.o(i.I2C_GenerateSTOP)
    I2C_GetConfigBySpeed                     0x08001919   Thumb Code    26  mm32_i2c.o(i.I2C_GetConfigBySpeed)
    I2C_GetFlagStatus                        0x08001945   Thumb Code    38  hal_i2c.o(i.I2C_GetFlagStatus)
    I2C_GetITStatus                          0x08001971   Thumb Code    10  hal_i2c.o(i.I2C_GetITStatus)
    I2C_Init                                 0x0800197d   Thumb Code   104  mm32_i2c.o(i.I2C_Init)
    I2C_MasterModeInit                       0x080019e9   Thumb Code    52  mm32_i2c.o(i.I2C_MasterModeInit)
    I2C_Read                                 0x08001a1d   Thumb Code   128  mm32_i2c.o(i.I2C_Read)
    I2C_ReadCmd                              0x08001aa5   Thumb Code     8  hal_i2c.o(i.I2C_ReadCmd)
    I2C_ReceiveData                          0x08001aad   Thumb Code    12  hal_i2c.o(i.I2C_ReceiveData)
    I2C_Send7bitAddress                      0x08001abd   Thumb Code     6  hal_i2c.o(i.I2C_Send7bitAddress)
    I2C_SendData                             0x08001ac3   Thumb Code     4  hal_i2c.o(i.I2C_SendData)
    I2C_SetDeviceAddr                        0x08001ac7   Thumb Code    32  mm32_i2c.o(i.I2C_SetDeviceAddr)
    I2C_StructInit                           0x08001ae9   Thumb Code    18  hal_i2c.o(i.I2C_StructInit)
    I2C_Write                                0x08001b01   Thumb Code    98  mm32_i2c.o(i.I2C_Write)
    IWDG_Enable                              0x08001b6d   Thumb Code     8  hal_iwdg.o(i.IWDG_Enable)
    IWDG_GetFlagStatus                       0x08001b7d   Thumb Code    16  hal_iwdg.o(i.IWDG_GetFlagStatus)
    IWDG_Init                                0x08001b91   Thumb Code    66  mm32_iwdg.o(i.IWDG_Init)
    IWDG_Reload                              0x08001bdd   Thumb Code     8  mm32_iwdg.o(i.IWDG_Reload)
    IWDG_ReloadCounter                       0x08001be5   Thumb Code     8  hal_iwdg.o(i.IWDG_ReloadCounter)
    IWDG_SetPrescaler                        0x08001bf5   Thumb Code    12  hal_iwdg.o(i.IWDG_SetPrescaler)
    IWDG_SetReload                           0x08001c05   Thumb Code    12  hal_iwdg.o(i.IWDG_SetReload)
    IWDG_WriteAccessCmd                      0x08001c15   Thumb Code     6  hal_iwdg.o(i.IWDG_WriteAccessCmd)
    Indicator_RadarDataIndexError            0x08001c21   Thumb Code    10  platform.o(i.Indicator_RadarDataIndexError)
    Indicator_RadarDataReceived              0x08001c2d   Thumb Code    32  platform.o(i.Indicator_RadarDataReceived)
    IoOutInit                                0x08001c51   Thumb Code    38  mm32_gpio.o(i.IoOutInit)
    IoOutOff                                 0x08001c77   Thumb Code    14  mm32_gpio.o(i.IoOutOff)
    IoOutOn                                  0x08001c85   Thumb Code    14  mm32_gpio.o(i.IoOutOn)
    LED_Init                                 0x08001c93   Thumb Code     2  mm32_gpio.o(i.LED_Init)
    LED_On                                   0x08001c95   Thumb Code     2  mm32_gpio.o(i.LED_On)
    LED_Toggle                               0x08001c97   Thumb Code     2  mm32_gpio.o(i.LED_Toggle)
    MTT_ParaRead                             0x08001c99   Thumb Code     4  cmdprocess.o(i.MTT_ParaRead)
    MTT_ParaUpdate                           0x08001ca1   Thumb Code     6  cmdprocess.o(i.MTT_ParaUpdate)
    MemManage_Handler                        0x08001ca7   Thumb Code     2  mm32_it.o(i.MemManage_Handler)
    NMI_Handler                              0x08001ca9   Thumb Code     2  mm32_it.o(i.NMI_Handler)
    NVIC_Init                                0x08001cad   Thumb Code    70  hal_misc.o(i.NVIC_Init)
    PEAK_GetSysParaAddr                      0x08001cfd   Thumb Code     4  radar.o(i.PEAK_GetSysParaAddr)
    PEAK_GetSysParaLen                       0x08001d05   Thumb Code     4  radar.o(i.PEAK_GetSysParaLen)
    PEAK_ParaRead                            0x08001d09   Thumb Code    38  radar.o(i.PEAK_ParaRead)
    PEAK_ParaUpdate                          0x08001d39   Thumb Code    66  radar.o(i.PEAK_ParaUpdate)
    PVU_CheckStatus                          0x08001d81   Thumb Code    14  hal_iwdg.o(i.PVU_CheckStatus)
    PendSV_Handler                           0x08001d8f   Thumb Code     2  mm32_it.o(i.PendSV_Handler)
    Platform_Init                            0x08001d91   Thumb Code    26  platform.o(i.Platform_Init)
    RCC_AHBPeriphClockCmd                    0x08001dad   Thumb Code    18  hal_rcc.o(i.RCC_AHBPeriphClockCmd)
    RCC_APB1PeriphClockCmd                   0x08001dc5   Thumb Code    18  hal_rcc.o(i.RCC_APB1PeriphClockCmd)
    RCC_APB1PeriphResetCmd                   0x08001ddd   Thumb Code    18  hal_rcc.o(i.RCC_APB1PeriphResetCmd)
    RCC_GetFlagStatus                        0x08001df5   Thumb Code    42  hal_rcc.o(i.RCC_GetFlagStatus)
    RCC_GetHCLKFreq                          0x08001e25   Thumb Code    22  hal_rcc.o(i.RCC_GetHCLKFreq)
    RCC_GetPCLK1Freq                         0x08001e45   Thumb Code    22  hal_rcc.o(i.RCC_GetPCLK1Freq)
    RCC_GetSysClockFreq                      0x08001e65   Thumb Code    30  hal_rcc.o(i.RCC_GetSysClockFreq)
    RCC_LSICmd                               0x08001e95   Thumb Code    14  hal_rcc.o(i.RCC_LSICmd)
    RVU_CheckStatus                          0x08001ea9   Thumb Code    14  hal_iwdg.o(i.RVU_CheckStatus)
    Radar_EnterNormalMode                    0x08001eb9   Thumb Code    34  radar.o(i.Radar_EnterNormalMode)
    Radar_GetDataType                        0x08001ee1   Thumb Code    56  radar.o(i.Radar_GetDataType)
    Radar_GetDfftPeakSize                    0x08001f19   Thumb Code    28  radar.o(i.Radar_GetDfftPeakSize)
    Radar_GetFftPoint                        0x08001f35   Thumb Code    24  radar.o(i.Radar_GetFftPoint)
    Radar_GetOneFrameChirpNum                0x08001f4d   Thumb Code    24  radar.o(i.Radar_GetOneFrameChirpNum)
    Radar_GetRadarParaAddr                   0x08001f65   Thumb Code     4  radar.o(i.Radar_GetRadarParaAddr)
    Radar_GetRadarParaLen                    0x08001f6d   Thumb Code     4  radar.o(i.Radar_GetRadarParaLen)
    Radar_GetRawPoint                        0x08001f71   Thumb Code    42  radar.o(i.Radar_GetRawPoint)
    Radar_Init                               0x08001fa1   Thumb Code    90  radar.o(i.Radar_Init)
    Radar_PreInit                            0x08002025   Thumb Code    34  radar.o(i.Radar_PreInit)
    Radar_UpdateReg                          0x0800204d   Thumb Code    42  radar.o(i.Radar_UpdateReg)
    RunFailed                                0x080020e5   Thumb Code    32  utilities.o(i.RunFailed)
    SPI1_IRQHandler                          0x08002191   Thumb Code    90  mm32_it.o(i.SPI1_IRQHandler)
    SPI_BiDirectionalLineConfig              0x08002201   Thumb Code    46  hal_spi.o(i.SPI_BiDirectionalLineConfig)
    SPI_ClearITPendingBit                    0x0800222f   Thumb Code     8  hal_spi.o(i.SPI_ClearITPendingBit)
    SPI_Cmd                                  0x08002237   Thumb Code    20  hal_spi.o(i.SPI_Cmd)
    SPI_DeInit                               0x0800224d   Thumb Code    10  mm32_spi.o(i.SPI_DeInit)
    SPI_GetFlagStatus                        0x0800225d   Thumb Code    10  hal_spi.o(i.SPI_GetFlagStatus)
    SPI_GetITStatus                          0x08002267   Thumb Code    10  hal_spi.o(i.SPI_GetITStatus)
    SPI_ITConfig                             0x08002271   Thumb Code    34  hal_spi.o(i.SPI_ITConfig)
    SPI_Init                                 0x08002295   Thumb Code   100  mm32_spi.o(i.SPI_Init)
    SPI_ReceiveData                          0x080022fd   Thumb Code     8  hal_spi.o(i.SPI_ReceiveData)
    SPI_StructInit                           0x08002305   Thumb Code    26  hal_spi.o(i.SPI_StructInit)
    SVC_Handler                              0x0800231f   Thumb Code     2  mm32_it.o(i.SVC_Handler)
    SYSTICK_Init                             0x08002321   Thumb Code    56  mm32_systick.o(i.SYSTICK_Init)
    SysTick_Handler                          0x080023ed   Thumb Code    12  mm32_it.o(i.SysTick_Handler)
    SystemInit                               0x080023f9   Thumb Code    50  system_mm32f0010.o(i.SystemInit)
    System_GetSysParaAddr                    0x08002439   Thumb Code     4  system.o(i.System_GetSysParaAddr)
    System_GetSysParaLen                     0x08002441   Thumb Code     4  system.o(i.System_GetSysParaLen)
    System_ParaInit                          0x08002445   Thumb Code    12  system.o(i.System_ParaInit)
    System_ParaRead                          0x08002455   Thumb Code    26  system.o(i.System_ParaRead)
    System_ParaUpdate                        0x08002479   Thumb Code    34  system.o(i.System_ParaUpdate)
    System_Reconfig                          0x080024a1   Thumb Code    42  system.o(i.System_Reconfig)
    TspiIoInit                               0x080024d1   Thumb Code    36  mm32_gpio.o(i.TspiIoInit)
    UART1_GPIO_Init                          0x080024f9   Thumb Code    80  mm32_uart.o(i.UART1_GPIO_Init)
    UART1_IRQHandler                         0x08002549   Thumb Code    30  mm32_it.o(i.UART1_IRQHandler)
    UART_ClearITPendingBit                   0x0800256d   Thumb Code     4  hal_uart.o(i.UART_ClearITPendingBit)
    UART_Cmd                                 0x08002571   Thumb Code    12  hal_uart.o(i.UART_Cmd)
    UART_DirectSend                          0x0800257d   Thumb Code    46  mm32_uart.o(i.UART_DirectSend)
    UART_GetFlagStatus                       0x080025b1   Thumb Code    10  hal_uart.o(i.UART_GetFlagStatus)
    UART_GetITStatus                         0x080025bb   Thumb Code    10  hal_uart.o(i.UART_GetITStatus)
    UART_ITConfig                            0x080025c5   Thumb Code    16  hal_uart.o(i.UART_ITConfig)
    UART_Init                                0x080025d5   Thumb Code    96  mm32_uart.o(i.UART_Init)
    UART_ReceiveData                         0x08002639   Thumb Code     6  hal_uart.o(i.UART_ReceiveData)
    UART_Recv                                0x08002641   Thumb Code    68  mm32_uart.o(i.UART_Recv)
    UART_RecvTimeout                         0x0800268d   Thumb Code    52  mm32_uart.o(i.UART_RecvTimeout)
    UART_SendData                            0x080026c5   Thumb Code     6  hal_uart.o(i.UART_SendData)
    UART_StructInit                          0x080026cb   Thumb Code    24  hal_uart.o(i.UART_StructInit)
    UsageFault_Handler                       0x080026e3   Thumb Code     2  mm32_it.o(i.UsageFault_Handler)
    __0printf$8                              0x080026e5   Thumb Code    24  printf8.o(i.__0printf$8)
    __1printf$8                              0x080026e5   Thumb Code     0  printf8.o(i.__0printf$8)
    __2printf                                0x080026e5   Thumb Code     0  printf8.o(i.__0printf$8)
    __ARM_common_switch8                     0x08002705   Thumb Code    26  cmdprocess.o(i.__ARM_common_switch8)
    __scatterload_copy                       0x08002765   Thumb Code    14  handlers.o(i.__scatterload_copy)
    __scatterload_null                       0x08002773   Thumb Code     2  handlers.o(i.__scatterload_null)
    __scatterload_zeroinit                   0x08002775   Thumb Code    14  handlers.o(i.__scatterload_zeroinit)
    delay_1ms                                0x08002bf9   Thumb Code    12  mm32_systick.o(i.delay_1ms)
    delay_decrement                          0x08002c09   Thumb Code    16  mm32_systick.o(i.delay_decrement)
    fputc                                    0x08002c1d   Thumb Code    30  mm32_uart.o(i.fputc)
    main                                     0x08002c41   Thumb Code    48  main.o(i.main)
    rangeGearParaUpdate                      0x08002c89   Thumb Code    40  abd.o(i.rangeGearParaUpdate)
    Region$$Table$$Base                      0x08002d58   Number         0  anon$$obj.o(Region$$Table)
    Region$$Table$$Limit                     0x08002d78   Number         0  anon$$obj.o(Region$$Table)
    RadarPara                                0x2000000c   Data           6  dataprocess.o(.data)
    outrange_cnt                             0x2000001c   Data           1  abd.o(.data)
    g_ChannelCount                           0x20000154   Data           1  radar.o(.data)
    g_dataRecvFlag                           0x2000015c   Data           2  mm32_spi.o(.data)
    SystemCoreClock                          0x20000160   Data           4  system_mm32f0010.o(.data)
    tbPresc                                  0x20000165   Data          16  hal_rcc.o(.data)
    __stdout                                 0x20000178   Data           4  stdout.o(.data)
    g_dataRecvBuf                            0x2000037a   Data         272  mm32_spi.o(.bss)
    g_cmdRecv                                0x2000048a   Data         136  mm32_uart.o(.bss)
    __initial_sp                             0x20000718   Data           0  startup_mm32f0010_keil.o(STACK)



==============================================================================

Memory Map of the image

  Image Entry point : 0x080000b5

  Load Region LR_IROM1 (Base: 0x08000000, Size: 0x00002ef4, Max: 0x00004000, ABSOLUTE, COMPRESSED[0x00002e84])

    Execution Region ER_IROM1 (Exec base: 0x08000000, Load base: 0x08000000, Size: 0x00002d78, Max: 0x00004000, ABSOLUTE)

    Exec Addr    Load Addr    Size         Type   Attr      Idx    E Section Name        Object

    0x08000000   0x08000000   0x000000b4   Data   RO         1417    RESET               startup_mm32f0010_keil.o
    0x080000b4   0x080000b4   0x00000000   Code   RO         3640  * .ARM.Collect$$$$00000000  mc_p.l(entry.o)
    0x080000b4   0x080000b4   0x00000004   Code   RO         3920    .ARM.Collect$$$$00000001  mc_p.l(entry2.o)
    0x080000b8   0x080000b8   0x00000004   Code   RO         3923    .ARM.Collect$$$$00000004  mc_p.l(entry5.o)
    0x080000bc   0x080000bc   0x00000000   Code   RO         3925    .ARM.Collect$$$$00000008  mc_p.l(entry7b.o)
    0x080000bc   0x080000bc   0x00000000   Code   RO         3927    .ARM.Collect$$$$0000000A  mc_p.l(entry8b.o)
    0x080000bc   0x080000bc   0x00000008   Code   RO         3928    .ARM.Collect$$$$0000000B  mc_p.l(entry9a.o)
    0x080000c4   0x080000c4   0x00000000   Code   RO         3930    .ARM.Collect$$$$0000000D  mc_p.l(entry10a.o)
    0x080000c4   0x080000c4   0x00000000   Code   RO         3932    .ARM.Collect$$$$0000000F  mc_p.l(entry11a.o)
    0x080000c4   0x080000c4   0x00000004   Code   RO         3921    .ARM.Collect$$$$00002712  mc_p.l(entry2.o)
    0x080000c8   0x080000c8   0x00000060   Code   RO         1418    .text               startup_mm32f0010_keil.o
    0x08000128   0x08000128   0x0000002c   Code   RO         3643    .text               mc_p.l(uidiv.o)
    0x08000154   0x08000154   0x00000024   Code   RO         3645    .text               mc_p.l(memcpya.o)
    0x08000178   0x08000178   0x00000024   Code   RO         3647    .text               mc_p.l(memseta.o)
    0x0800019c   0x0800019c   0x00000014   Code   RO         3912    .text               mc_p.l(uread4.o)
    0x080001b0   0x080001b0   0x0000007a   Code   RO         3914    .text               mf_p.l(fmul.o)
    0x0800022a   0x0800022a   0x0000000e   Code   RO         3916    .text               mf_p.l(ffltui.o)
    0x08000238   0x08000238   0x00000028   Code   RO         3918    .text               mf_p.l(ffixui.o)
    0x08000260   0x08000260   0x00000060   Code   RO         3935    .text               mc_p.l(uldiv.o)
    0x080002c0   0x080002c0   0x00000000   Code   RO         3937    .text               mc_p.l(iusefp.o)
    0x080002c0   0x080002c0   0x00000082   Code   RO         3938    .text               mf_p.l(fepilogue.o)
    0x08000342   0x08000342   0x00000002   PAD
    0x08000344   0x08000344   0x00000024   Code   RO         3950    .text               mc_p.l(init.o)
    0x08000368   0x08000368   0x00000020   Code   RO         3952    .text               mc_p.l(llshl.o)
    0x08000388   0x08000388   0x00000022   Code   RO         3954    .text               mc_p.l(llushr.o)
    0x080003aa   0x080003aa   0x00000056   Code   RO         3970    .text               mc_p.l(__dczerorl2.o)
    0x08000400   0x08000400   0x000001b0   Code   RO          597    i.ABD_DetectByPeakData  abd.o
    0x080005b0   0x080005b0   0x00000008   Code   RO          598    i.ABD_GetParaAddr   abd.o
    0x080005b8   0x080005b8   0x00000004   Code   RO          599    i.ABD_GetParaLen    abd.o
    0x080005bc   0x080005bc   0x00000010   Code   RO          600    i.ABD_Init          abd.o
    0x080005cc   0x080005cc   0x00000040   Code   RO          601    i.ABD_ParaUpdate    abd.o
    0x0800060c   0x0800060c   0x00000014   Code   RO            3    i.AckSend           cmdprocess.o
    0x08000620   0x08000620   0x00000002   Code   RO         1069    i.BusFault_Handler  mm32_it.o
    0x08000622   0x08000622   0x00000002   PAD
    0x08000624   0x08000624   0x00000054   Code   RO          366    i.CheckChirpIndex   dataprocess.o
    0x08000678   0x08000678   0x00000118   Code   RO            4    i.CmdExec           cmdprocess.o
    0x08000790   0x08000790   0x00000044   Code   RO            5    i.CmdProc_AdcReset  cmdprocess.o
    0x080007d4   0x080007d4   0x0000000c   Code   RO            6    i.CmdProc_InCmdMode  cmdprocess.o
    0x080007e0   0x080007e0   0x00000010   Code   RO            7    i.CmdProc_Init      cmdprocess.o
    0x080007f0   0x080007f0   0x00000024   Code   RO            8    i.CmdProc_Recv      cmdprocess.o
    0x08000814   0x08000814   0x000000dc   Code   RO            9    i.CmdProcess        cmdprocess.o
    0x080008f0   0x080008f0   0x0000009c   Code   RO          817    i.ConfigDfftPeakPara  radar.o
    0x0800098c   0x0800098c   0x00000010   Code   RO          296    i.Config_EarseFlashData  config.o
    0x0800099c   0x0800099c   0x0000000c   Code   RO          297    i.Config_GetSN      config.o
    0x080009a8   0x080009a8   0x000000d8   Code   RO          298    i.Config_Init       config.o
    0x08000a80   0x08000a80   0x0000000c   Code   RO          299    i.Config_NeedFlashWrite  config.o
    0x08000a8c   0x08000a8c   0x000000cc   Code   RO          300    i.Config_RetrieveFlashData  config.o
    0x08000b58   0x08000b58   0x00000018   Code   RO          301    i.Config_SavePara2Flash  config.o
    0x08000b70   0x08000b70   0x00000058   Code   RO          302    i.Config_WriteData2Flash  config.o
    0x08000bc8   0x08000bc8   0x00000064   Code   RO          367    i.DataCopy          dataprocess.o
    0x08000c2c   0x08000c2c   0x000000e8   Code   RO          368    i.DataParse         dataprocess.o
    0x08000d14   0x08000d14   0x0000000c   Code   RO          369    i.DataProc_GetRadarDataLen  dataprocess.o
    0x08000d20   0x08000d20   0x00000080   Code   RO          371    i.DataProc_Init     dataprocess.o
    0x08000da0   0x08000da0   0x00000094   Code   RO          372    i.DataProc_NeedReconfig  dataprocess.o
    0x08000e34   0x08000e34   0x00000060   Code   RO          373    i.DataProc_Recv     dataprocess.o
    0x08000e94   0x08000e94   0x00000002   Code   RO          374    i.DataProc_Send     dataprocess.o
    0x08000e96   0x08000e96   0x00000002   PAD
    0x08000e98   0x08000e98   0x000000cc   Code   RO          375    i.DataProcess       dataprocess.o
    0x08000f64   0x08000f64   0x00000074   Code   RO          376    i.DataStateIdParse  dataprocess.o
    0x08000fd8   0x08000fd8   0x00000048   Code   RO          377    i.DataStateIndex1Parse  dataprocess.o
    0x08001020   0x08001020   0x00000038   Code   RO          378    i.DataStateIndex2Parse  dataprocess.o
    0x08001058   0x08001058   0x00000050   Code   RO          379    i.DataStateTail3Parse  dataprocess.o
    0x080010a8   0x080010a8   0x00000002   Code   RO         1070    i.DebugMon_Handler  mm32_it.o
    0x080010aa   0x080010aa   0x00000008   Code   RO          677    i.Delay             platform.o
    0x080010b2   0x080010b2   0x00000002   PAD
    0x080010b4   0x080010b4   0x00000090   Code   RO           10    i.DoReadPara        cmdprocess.o
    0x08001144   0x08001144   0x0000007c   Code   RO           11    i.DoReadReg         cmdprocess.o
    0x080011c0   0x080011c0   0x000000d0   Code   RO           12    i.DoWritePara       cmdprocess.o
    0x08001290   0x08001290   0x00000090   Code   RO           13    i.DoWriteReg        cmdprocess.o
    0x08001320   0x08001320   0x00000080   Code   RO          818    i.DumpChipRegValue  radar.o
    0x080013a0   0x080013a0   0x0000000c   Code   RO         1788    i.FLASH_ClearFlag   hal_flash.o
    0x080013ac   0x080013ac   0x00000028   Code   RO         1792    i.FLASH_ErasePage   hal_flash.o
    0x080013d4   0x080013d4   0x00000028   Code   RO         1795    i.FLASH_GetStatus   hal_flash.o
    0x080013fc   0x080013fc   0x00000010   Code   RO         1800    i.FLASH_Lock        hal_flash.o
    0x0800140c   0x0800140c   0x0000001c   Code   RO         1803    i.FLASH_ProgramHalfWord  hal_flash.o
    0x08001428   0x08001428   0x0000001a   Code   RO         1807    i.FLASH_ProgramWord  hal_flash.o
    0x08001442   0x08001442   0x00000002   PAD
    0x08001444   0x08001444   0x00000018   Code   RO         1809    i.FLASH_Unlock      hal_flash.o
    0x0800145c   0x0800145c   0x00000030   Code   RO         1811    i.FLASH_WaitForLastOperation  hal_flash.o
    0x0800148c   0x0800148c   0x00000068   Code   RO           14    i.FillCmdAck        cmdprocess.o
    0x080014f4   0x080014f4   0x0000002c   Code   RO         1217    i.Flash_ErasePage   mm32_flash.o
    0x08001520   0x08001520   0x00000048   Code   RO         1218    i.Flash_Program     mm32_flash.o
    0x08001568   0x08001568   0x0000008e   Code   RO         1979    i.GPIO_Init         hal_gpio.o
    0x080015f6   0x080015f6   0x00000020   Code   RO         1980    i.GPIO_PinAFConfig  hal_gpio.o
    0x08001616   0x08001616   0x0000000a   Code   RO         1984    i.GPIO_ReadInputDataBit  hal_gpio.o
    0x08001620   0x08001620   0x00000004   Code   RO         1987    i.GPIO_ResetBits    hal_gpio.o
    0x08001624   0x08001624   0x00000004   Code   RO         1988    i.GPIO_SetBits      hal_gpio.o
    0x08001628   0x08001628   0x00000010   Code   RO         1989    i.GPIO_StructInit   hal_gpio.o
    0x08001638   0x08001638   0x000000dc   Code   RO          380    i.GetRadarPara      dataprocess.o
    0x08001714   0x08001714   0x0000001c   Code   RO          603    i.GetTargetRange    abd.o
    0x08001730   0x08001730   0x000000a4   Code   RO         2090    i.HAL_I2C_Init      hal_i2c.o
    0x080017d4   0x080017d4   0x00000020   Code   RO         2625    i.HAL_SPI_DeInit    hal_spi.o
    0x080017f4   0x080017f4   0x00000082   Code   RO         2626    i.HAL_SPI_Init      hal_spi.o
    0x08001876   0x08001876   0x00000062   Code   RO         3325    i.HAL_UART_Init     hal_uart.o
    0x080018d8   0x080018d8   0x00000002   Code   RO         1071    i.HardFault_Handler  mm32_it.o
    0x080018da   0x080018da   0x00000016   Code   RO         2094    i.I2C_Cmd           hal_i2c.o
    0x080018f0   0x080018f0   0x00000028   Code   RO         2099    i.I2C_GenerateSTOP  hal_i2c.o
    0x08001918   0x08001918   0x0000002c   Code   RO         1243    i.I2C_GetConfigBySpeed  mm32_i2c.o
    0x08001944   0x08001944   0x0000002c   Code   RO         2100    i.I2C_GetFlagStatus  hal_i2c.o
    0x08001970   0x08001970   0x0000000a   Code   RO         2101    i.I2C_GetITStatus   hal_i2c.o
    0x0800197a   0x0800197a   0x00000002   PAD
    0x0800197c   0x0800197c   0x0000006c   Code   RO         1244    i.I2C_Init          mm32_i2c.o
    0x080019e8   0x080019e8   0x00000034   Code   RO         1245    i.I2C_MasterModeInit  mm32_i2c.o
    0x08001a1c   0x08001a1c   0x00000088   Code   RO         1246    i.I2C_Read          mm32_i2c.o
    0x08001aa4   0x08001aa4   0x00000008   Code   RO         2105    i.I2C_ReadCmd       hal_i2c.o
    0x08001aac   0x08001aac   0x00000010   Code   RO         2107    i.I2C_ReceiveData   hal_i2c.o
    0x08001abc   0x08001abc   0x00000006   Code   RO         2108    i.I2C_Send7bitAddress  hal_i2c.o
    0x08001ac2   0x08001ac2   0x00000004   Code   RO         2109    i.I2C_SendData      hal_i2c.o
    0x08001ac6   0x08001ac6   0x00000020   Code   RO         1247    i.I2C_SetDeviceAddr  mm32_i2c.o
    0x08001ae6   0x08001ae6   0x00000002   PAD
    0x08001ae8   0x08001ae8   0x00000018   Code   RO         2112    i.I2C_StructInit    hal_i2c.o
    0x08001b00   0x08001b00   0x0000006c   Code   RO         1248    i.I2C_Write         mm32_i2c.o
    0x08001b6c   0x08001b6c   0x00000010   Code   RO         2249    i.IWDG_Enable       hal_iwdg.o
    0x08001b7c   0x08001b7c   0x00000014   Code   RO         2250    i.IWDG_GetFlagStatus  hal_iwdg.o
    0x08001b90   0x08001b90   0x0000004c   Code   RO         1391    i.IWDG_Init         mm32_iwdg.o
    0x08001bdc   0x08001bdc   0x00000008   Code   RO         1392    i.IWDG_Reload       mm32_iwdg.o
    0x08001be4   0x08001be4   0x00000010   Code   RO         2252    i.IWDG_ReloadCounter  hal_iwdg.o
    0x08001bf4   0x08001bf4   0x00000010   Code   RO         2253    i.IWDG_SetPrescaler  hal_iwdg.o
    0x08001c04   0x08001c04   0x00000010   Code   RO         2254    i.IWDG_SetReload    hal_iwdg.o
    0x08001c14   0x08001c14   0x0000000c   Code   RO         2255    i.IWDG_WriteAccessCmd  hal_iwdg.o
    0x08001c20   0x08001c20   0x0000000a   Code   RO          679    i.Indicator_RadarDataIndexError  platform.o
    0x08001c2a   0x08001c2a   0x00000002   PAD
    0x08001c2c   0x08001c2c   0x00000024   Code   RO          680    i.Indicator_RadarDataReceived  platform.o
    0x08001c50   0x08001c50   0x00000026   Code   RO          975    i.IoOutInit         mm32_gpio.o
    0x08001c76   0x08001c76   0x0000000e   Code   RO          976    i.IoOutOff          mm32_gpio.o
    0x08001c84   0x08001c84   0x0000000e   Code   RO          977    i.IoOutOn           mm32_gpio.o
    0x08001c92   0x08001c92   0x00000002   Code   RO          978    i.LED_Init          mm32_gpio.o
    0x08001c94   0x08001c94   0x00000002   Code   RO          980    i.LED_On            mm32_gpio.o
    0x08001c96   0x08001c96   0x00000002   Code   RO          981    i.LED_Toggle        mm32_gpio.o
    0x08001c98   0x08001c98   0x00000008   Code   RO           15    i.MTT_ParaRead      cmdprocess.o
    0x08001ca0   0x08001ca0   0x00000006   Code   RO           16    i.MTT_ParaUpdate    cmdprocess.o
    0x08001ca6   0x08001ca6   0x00000002   Code   RO         1072    i.MemManage_Handler  mm32_it.o
    0x08001ca8   0x08001ca8   0x00000002   Code   RO         1073    i.NMI_Handler       mm32_it.o
    0x08001caa   0x08001caa   0x00000002   PAD
    0x08001cac   0x08001cac   0x00000050   Code   RO         2318    i.NVIC_Init         hal_misc.o
    0x08001cfc   0x08001cfc   0x00000008   Code   RO          819    i.PEAK_GetSysParaAddr  radar.o
    0x08001d04   0x08001d04   0x00000004   Code   RO          820    i.PEAK_GetSysParaLen  radar.o
    0x08001d08   0x08001d08   0x00000030   Code   RO          821    i.PEAK_ParaRead     radar.o
    0x08001d38   0x08001d38   0x00000048   Code   RO          822    i.PEAK_ParaUpdate   radar.o
    0x08001d80   0x08001d80   0x0000000e   Code   RO         2256    i.PVU_CheckStatus   hal_iwdg.o
    0x08001d8e   0x08001d8e   0x00000002   Code   RO         1074    i.PendSV_Handler    mm32_it.o
    0x08001d90   0x08001d90   0x0000001a   Code   RO          683    i.Platform_Init     platform.o
    0x08001daa   0x08001daa   0x00000002   PAD
    0x08001dac   0x08001dac   0x00000018   Code   RO         2425    i.RCC_AHBPeriphClockCmd  hal_rcc.o
    0x08001dc4   0x08001dc4   0x00000018   Code   RO         2427    i.RCC_APB1PeriphClockCmd  hal_rcc.o
    0x08001ddc   0x08001ddc   0x00000018   Code   RO         2428    i.RCC_APB1PeriphResetCmd  hal_rcc.o
    0x08001df4   0x08001df4   0x00000030   Code   RO         2434    i.RCC_GetFlagStatus  hal_rcc.o
    0x08001e24   0x08001e24   0x00000020   Code   RO         2435    i.RCC_GetHCLKFreq   hal_rcc.o
    0x08001e44   0x08001e44   0x00000020   Code   RO         2437    i.RCC_GetPCLK1Freq  hal_rcc.o
    0x08001e64   0x08001e64   0x00000030   Code   RO         2439    i.RCC_GetSysClockFreq  hal_rcc.o
    0x08001e94   0x08001e94   0x00000014   Code   RO         2444    i.RCC_LSICmd        hal_rcc.o
    0x08001ea8   0x08001ea8   0x0000000e   Code   RO         2257    i.RVU_CheckStatus   hal_iwdg.o
    0x08001eb6   0x08001eb6   0x00000002   PAD
    0x08001eb8   0x08001eb8   0x00000028   Code   RO          823    i.Radar_EnterNormalMode  radar.o
    0x08001ee0   0x08001ee0   0x00000038   Code   RO          825    i.Radar_GetDataType  radar.o
    0x08001f18   0x08001f18   0x0000001c   Code   RO          828    i.Radar_GetDfftPeakSize  radar.o
    0x08001f34   0x08001f34   0x00000018   Code   RO          829    i.Radar_GetFftPoint  radar.o
    0x08001f4c   0x08001f4c   0x00000018   Code   RO          830    i.Radar_GetOneFrameChirpNum  radar.o
    0x08001f64   0x08001f64   0x00000008   Code   RO          831    i.Radar_GetRadarParaAddr  radar.o
    0x08001f6c   0x08001f6c   0x00000004   Code   RO          832    i.Radar_GetRadarParaLen  radar.o
    0x08001f70   0x08001f70   0x00000030   Code   RO          833    i.Radar_GetRawPoint  radar.o
    0x08001fa0   0x08001fa0   0x00000084   Code   RO          834    i.Radar_Init        radar.o
    0x08002024   0x08002024   0x00000028   Code   RO          835    i.Radar_PreInit     radar.o
    0x0800204c   0x0800204c   0x00000030   Code   RO          836    i.Radar_UpdateReg   radar.o
    0x0800207c   0x0800207c   0x00000068   Code   RO          837    i.ReplaceSpecialRegs  radar.o
    0x080020e4   0x080020e4   0x00000040   Code   RO          502    i.RunFailed         utilities.o
    0x08002124   0x08002124   0x0000006c   Code   RO         1292    i.SPI1_GPIO_SlaveInit  mm32_spi.o
    0x08002190   0x08002190   0x00000070   Code   RO         1075    i.SPI1_IRQHandler   mm32_it.o
    0x08002200   0x08002200   0x0000002e   Code   RO         2627    i.SPI_BiDirectionalLineConfig  hal_spi.o
    0x0800222e   0x0800222e   0x00000008   Code   RO         2629    i.SPI_ClearITPendingBit  hal_spi.o
    0x08002236   0x08002236   0x00000014   Code   RO         2630    i.SPI_Cmd           hal_spi.o
    0x0800224a   0x0800224a   0x00000002   PAD
    0x0800224c   0x0800224c   0x00000010   Code   RO         1293    i.SPI_DeInit        mm32_spi.o
    0x0800225c   0x0800225c   0x0000000a   Code   RO         2634    i.SPI_GetFlagStatus  hal_spi.o
    0x08002266   0x08002266   0x0000000a   Code   RO         2635    i.SPI_GetITStatus   hal_spi.o
    0x08002270   0x08002270   0x00000022   Code   RO         2636    i.SPI_ITConfig      hal_spi.o
    0x08002292   0x08002292   0x00000002   PAD
    0x08002294   0x08002294   0x00000068   Code   RO         1294    i.SPI_Init          mm32_spi.o
    0x080022fc   0x080022fc   0x00000008   Code   RO         2638    i.SPI_ReceiveData   hal_spi.o
    0x08002304   0x08002304   0x0000001a   Code   RO         2642    i.SPI_StructInit    hal_spi.o
    0x0800231e   0x0800231e   0x00000002   Code   RO         1076    i.SVC_Handler       mm32_it.o
    0x08002320   0x08002320   0x00000044   Code   RO         1153    i.SYSTICK_Init      mm32_systick.o
    0x08002364   0x08002364   0x00000088   Code   RO         1424    i.SetSysClockTo48_HSI  system_mm32f0010.o
    0x080023ec   0x080023ec   0x0000000c   Code   RO         1077    i.SysTick_Handler   mm32_it.o
    0x080023f8   0x080023f8   0x00000040   Code   RO         1425    i.SystemInit        system_mm32f0010.o
    0x08002438   0x08002438   0x00000008   Code   RO          527    i.System_GetSysParaAddr  system.o
    0x08002440   0x08002440   0x00000004   Code   RO          528    i.System_GetSysParaLen  system.o
    0x08002444   0x08002444   0x00000010   Code   RO          530    i.System_ParaInit   system.o
    0x08002454   0x08002454   0x00000024   Code   RO          531    i.System_ParaRead   system.o
    0x08002478   0x08002478   0x00000028   Code   RO          532    i.System_ParaUpdate  system.o
    0x080024a0   0x080024a0   0x00000030   Code   RO          533    i.System_Reconfig   system.o
    0x080024d0   0x080024d0   0x00000028   Code   RO          983    i.TspiIoInit        mm32_gpio.o
    0x080024f8   0x080024f8   0x00000050   Code   RO         1330    i.UART1_GPIO_Init   mm32_uart.o
    0x08002548   0x08002548   0x00000024   Code   RO         1078    i.UART1_IRQHandler  mm32_it.o
    0x0800256c   0x0800256c   0x00000004   Code   RO         3327    i.UART_ClearITPendingBit  hal_uart.o
    0x08002570   0x08002570   0x0000000c   Code   RO         3328    i.UART_Cmd          hal_uart.o
    0x0800257c   0x0800257c   0x00000034   Code   RO         1331    i.UART_DirectSend   mm32_uart.o
    0x080025b0   0x080025b0   0x0000000a   Code   RO         3331    i.UART_GetFlagStatus  hal_uart.o
    0x080025ba   0x080025ba   0x0000000a   Code   RO         3332    i.UART_GetITStatus  hal_uart.o
    0x080025c4   0x080025c4   0x00000010   Code   RO         3334    i.UART_ITConfig     hal_uart.o
    0x080025d4   0x080025d4   0x00000064   Code   RO         1332    i.UART_Init         mm32_uart.o
    0x08002638   0x08002638   0x00000006   Code   RO         3335    i.UART_ReceiveData  hal_uart.o
    0x0800263e   0x0800263e   0x00000002   PAD
    0x08002640   0x08002640   0x0000004c   Code   RO         1333    i.UART_Recv         mm32_uart.o
    0x0800268c   0x0800268c   0x00000038   Code   RO         1334    i.UART_RecvTimeout  mm32_uart.o
    0x080026c4   0x080026c4   0x00000006   Code   RO         3338    i.UART_SendData     hal_uart.o
    0x080026ca   0x080026ca   0x00000018   Code   RO         3347    i.UART_StructInit   hal_uart.o
    0x080026e2   0x080026e2   0x00000002   Code   RO         1079    i.UsageFault_Handler  mm32_it.o
    0x080026e4   0x080026e4   0x00000020   Code   RO         3858    i.__0printf$8       mc_p.l(printf8.o)
    0x08002704   0x08002704   0x0000001a   Code   RO           93    i.__ARM_common_switch8  cmdprocess.o
    0x0800271e   0x0800271e   0x00000002   PAD
    0x08002720   0x08002720   0x00000044   Code   RO         1157    i.__NVIC_SetPriority  mm32_systick.o
    0x08002764   0x08002764   0x0000000e   Code   RO         3964    i.__scatterload_copy  mc_p.l(handlers.o)
    0x08002772   0x08002772   0x00000002   Code   RO         3965    i.__scatterload_null  mc_p.l(handlers.o)
    0x08002774   0x08002774   0x0000000e   Code   RO         3966    i.__scatterload_zeroinit  mc_p.l(handlers.o)
    0x08002782   0x08002782   0x00000002   PAD
    0x08002784   0x08002784   0x00000428   Code   RO         3865    i._printf_core      mc_p.l(printf8.o)
    0x08002bac   0x08002bac   0x00000020   Code   RO         3866    i._printf_post_padding  mc_p.l(printf8.o)
    0x08002bcc   0x08002bcc   0x0000002c   Code   RO         3867    i._printf_pre_padding  mc_p.l(printf8.o)
    0x08002bf8   0x08002bf8   0x00000010   Code   RO         1158    i.delay_1ms         mm32_systick.o
    0x08002c08   0x08002c08   0x00000014   Code   RO         1159    i.delay_decrement   mm32_systick.o
    0x08002c1c   0x08002c1c   0x00000024   Code   RO         1335    i.fputc             mm32_uart.o
    0x08002c40   0x08002c40   0x00000048   Code   RO          478    i.main              main.o
    0x08002c88   0x08002c88   0x0000002c   Code   RO          605    i.rangeGearParaUpdate  abd.o
    0x08002cb4   0x08002cb4   0x0000000e   Data   RO           18    .constdata          cmdprocess.o
    0x08002cc2   0x08002cc2   0x00000040   Data   RO          607    .constdata          abd.o
    0x08002d02   0x08002d02   0x00000056   Data   RO          839    .constdata          radar.o
    0x08002d58   0x08002d58   0x00000020   Data   RO         3962    Region$$Table       anon$$obj.o


    Execution Region RW_IRAM1 (Exec base: 0x20000000, Load base: 0x08002d78, Size: 0x00000718, Max: 0x00000800, ABSOLUTE, COMPRESSED[0x0000010c])

    Exec Addr    Load Addr    Size         Type   Attr      Idx    E Section Name        Object

    0x20000000   COMPRESSED   0x00000004   Data   RW           19    .data               cmdprocess.o
    0x20000004   COMPRESSED   0x00000001   Data   RW          304    .data               config.o
    0x20000005   COMPRESSED   0x00000001   PAD
    0x20000006   COMPRESSED   0x0000000c   Data   RW          383    .data               dataprocess.o
    0x20000012   COMPRESSED   0x00000002   PAD
    0x20000014   COMPRESSED   0x00000008   Data   RW          534    .data               system.o
    0x2000001c   COMPRESSED   0x00000024   Data   RW          608    .data               abd.o
    0x20000040   COMPRESSED   0x00000004   Data   RW          684    .data               platform.o
    0x20000044   COMPRESSED   0x00000110   Data   RW          840    .data               radar.o
    0x20000154   COMPRESSED   0x00000001   Data   RW          841    .data               radar.o
    0x20000155   COMPRESSED   0x00000001   PAD
    0x20000156   COMPRESSED   0x00000002   Data   RW         1080    .data               mm32_it.o
    0x20000158   COMPRESSED   0x00000004   Data   RW         1160    .data               mm32_systick.o
    0x2000015c   COMPRESSED   0x00000002   Data   RW         1296    .data               mm32_spi.o
    0x2000015e   COMPRESSED   0x00000002   PAD
    0x20000160   COMPRESSED   0x00000004   Data   RW         1426    .data               system_mm32f0010.o
    0x20000164   COMPRESSED   0x00000001   Data   RW         2113    .data               hal_i2c.o
    0x20000165   COMPRESSED   0x00000010   Data   RW         2454    .data               hal_rcc.o
    0x20000175   COMPRESSED   0x00000003   PAD
    0x20000178   COMPRESSED   0x00000004   Data   RW         3934    .data               mc_p.l(stdout.o)
    0x2000017c        -       0x0000007c   Zero   RW           17    .bss                cmdprocess.o
    0x200001f8        -       0x00000024   Zero   RW          303    .bss                config.o
    0x2000021c        -       0x00000092   Zero   RW          382    .bss                dataprocess.o
    0x200002ae        -       0x00000078   Zero   RW          606    .bss                abd.o
    0x20000326        -       0x00000054   Zero   RW          838    .bss                radar.o
    0x2000037a        -       0x00000110   Zero   RW         1295    .bss                mm32_spi.o
    0x2000048a        -       0x00000088   Zero   RW         1336    .bss                mm32_uart.o
    0x20000512   COMPRESSED   0x00000006   PAD
    0x20000518        -       0x00000200   Zero   RW         1415    STACK               startup_mm32f0010_keil.o


==============================================================================

Image component sizes


      Code (inc. data)   RO Data    RW Data    ZI Data      Debug   Object Name

       596         82         64         36        120       7172   abd.o
      1416        124         14          4        124      49029   cmdprocess.o
       572        244          0          1         36       4885   config.o
      1550        330          0         12        146      12480   dataprocess.o
       234         48          0          0          0       8715   hal_flash.o
       208          0          0          0          0       6473   hal_gpio.o
       338         36          0          1          0       9794   hal_i2c.o
       124         34          0          0          0       4899   hal_iwdg.o
        80         10          0          0          0       1132   hal_misc.o
       252         68          0         16          0       7468   hal_rcc.o
       324          4          0          0          0       9676   hal_spi.o
       186          0          0          0          0       7313   hal_uart.o
        72         24          0          0          0        515   main.o
       116          6          0          0          0       2038   mm32_flash.o
       112          4          0          0          0       3595   mm32_gpio.o
       480         40          0          0          0       5164   mm32_i2c.o
       176         28          0          2          0       5563   mm32_it.o
        84         10          0          0          0       1718   mm32_iwdg.o
       228         10          0          2        272       2759   mm32_spi.o
       172         28          0          4          0      10873   mm32_systick.o
       400         28          0          0        136       6780   mm32_uart.o
        80          4          0          4          0      55800   platform.o
       972        158         86        273         84      14571   radar.o
        96         38        180          0        512        892   startup_mm32f0010_keil.o
       152         30          0          8          0       3513   system.o
       200         48          0          4          0       2109   system_mm32f0010.o
        64         32          0          0          0       1172   utilities.o

    ----------------------------------------------------------------------
      9312       1468        376        376       1436     246098   Object Totals
         0          0         32          0          0          0   (incl. Generated)
        28          0          0          9          6          0   (incl. Padding)

    ----------------------------------------------------------------------

      Code (inc. data)   RO Data    RW Data    ZI Data      Debug   Library Member Name

        86          0          0          0          0          0   __dczerorl2.o
         0          0          0          0          0          0   entry.o
         0          0          0          0          0          0   entry10a.o
         0          0          0          0          0          0   entry11a.o
         8          4          0          0          0          0   entry2.o
         4          0          0          0          0          0   entry5.o
         0          0          0          0          0          0   entry7b.o
         0          0          0          0          0          0   entry8b.o
         8          4          0          0          0          0   entry9a.o
        30          0          0          0          0          0   handlers.o
        36          8          0          0          0         68   init.o
         0          0          0          0          0          0   iusefp.o
        32          0          0          0          0         68   llshl.o
        34          0          0          0          0         68   llushr.o
        36          0          0          0          0         60   memcpya.o
        36          0          0          0          0        100   memseta.o
      1172         52          0          0          0        324   printf8.o
         0          0          0          4          0          0   stdout.o
        44          0          0          0          0         72   uidiv.o
        96          0          0          0          0         84   uldiv.o
        20          0          0          0          0         60   uread4.o
       130          0          0          0          0        144   fepilogue.o
        40          0          0          0          0         60   ffixui.o
        14          0          0          0          0         68   ffltui.o
       122          0          0          0          0         72   fmul.o

    ----------------------------------------------------------------------
      1952         68          0          4          0       1248   Library Totals
         4          0          0          0          0          0   (incl. Padding)

    ----------------------------------------------------------------------

      Code (inc. data)   RO Data    RW Data    ZI Data      Debug   Library Name

      1642         68          0          4          0        904   mc_p.l
       306          0          0          0          0        344   mf_p.l

    ----------------------------------------------------------------------
      1952         68          0          4          0       1248   Library Totals

    ----------------------------------------------------------------------

==============================================================================


      Code (inc. data)   RO Data    RW Data    ZI Data      Debug   

     11264       1536        376        380       1436     239474   Grand Totals
     11264       1536        376        268       1436     239474   ELF Image Totals (compressed)
     11264       1536        376        268          0          0   ROM Totals

==============================================================================

    Total RO  Size (Code + RO Data)                11640 (  11.37kB)
    Total RW  Size (RW Data + ZI Data)              1816 (   1.77kB)
    Total ROM Size (Code + RO Data + RW Data)      11908 (  11.63kB)

==============================================================================

